
*** Running vivado
    with args -log design_1_proc_sys_reset_0_2.vds -m64 -product Vivado -mode batch -messageDb vivado.pb -notrace -source design_1_proc_sys_reset_0_2.tcl


****** Vivado v2021.1 (64-bit)
  **** SW Build 3247384 on Thu Jun 10 19:36:07 MDT 2021
  **** IP Build 3246043 on Fri Jun 11 00:30:35 MDT 2021
    ** Copyright 1986-2021 Xilinx, Inc. All Rights Reserved.

source design_1_proc_sys_reset_0_2.tcl -notrace
INFO: [IP_Flow 19-234] Refreshing IP repositories
INFO: [IP_Flow 19-1700] Loaded user IP repository '/drive/data/Linux/TEMP/antminer/vivado-library-master'.
INFO: [IP_Flow 19-2313] Loaded Vivado IP repository '/drive/data/WinCommon/Common/Programs/Vivado/Vivado/2021.1/data/ip'.
Command: synth_design -top design_1_proc_sys_reset_0_2 -part xc7z010clg400-3 -mode out_of_context
Starting synth_design
Attempting to get a license for feature 'Synthesis' and/or device 'xc7z010'
INFO: [Common 17-349] Got license for feature 'Synthesis' and/or device 'xc7z010'
INFO: [Device 21-403] Loading part xc7z010clg400-3
INFO: [Synth 8-7079] Multithreading enabled for synth_design using a maximum of 4 processes.
INFO: [Synth 8-7078] Launching helper process for spawning children vivado processes
INFO: [Synth 8-7075] Helper process launched with PID 1546467
---------------------------------------------------------------------------------
Starting RTL Elaboration : Time (s): cpu = 00:00:03 ; elapsed = 00:00:06 . Memory (MB): peak = 2431.277 ; gain = 0.000 ; free physical = 4451 ; free virtual = 10542
---------------------------------------------------------------------------------
INFO: [Synth 8-638] synthesizing module 'design_1_proc_sys_reset_0_2' [/home/indir/KiCad/zynq_a9_mb/software/FPGA_VIVADO/Platform/Platform.gen/sources_1/bd/design_1/ip/design_1_proc_sys_reset_0_2/synth/design_1_proc_sys_reset_0_2.vhd:74]
	Parameter C_FAMILY bound to: zynq - type: string 
	Parameter C_EXT_RST_WIDTH bound to: 4 - type: integer 
	Parameter C_AUX_RST_WIDTH bound to: 4 - type: integer 
	Parameter C_EXT_RESET_HIGH bound to: 1'b0 
	Parameter C_AUX_RESET_HIGH bound to: 1'b0 
	Parameter C_NUM_BUS_RST bound to: 1 - type: integer 
	Parameter C_NUM_PERP_RST bound to: 1 - type: integer 
	Parameter C_NUM_INTERCONNECT_ARESETN bound to: 1 - type: integer 
	Parameter C_NUM_PERP_ARESETN bound to: 1 - type: integer 
INFO: [Synth 8-3491] module 'proc_sys_reset' declared at '/home/indir/KiCad/zynq_a9_mb/software/FPGA_VIVADO/Platform/Platform.gen/sources_1/bd/design_1/ipshared/8842/hdl/proc_sys_reset_v5_0_vh_rfs.vhd:1264' bound to instance 'U0' of component 'proc_sys_reset' [/home/indir/KiCad/zynq_a9_mb/software/FPGA_VIVADO/Platform/Platform.gen/sources_1/bd/design_1/ip/design_1_proc_sys_reset_0_2/synth/design_1_proc_sys_reset_0_2.vhd:129]
INFO: [Synth 8-638] synthesizing module 'proc_sys_reset' [/home/indir/KiCad/zynq_a9_mb/software/FPGA_VIVADO/Platform/Platform.gen/sources_1/bd/design_1/ipshared/8842/hdl/proc_sys_reset_v5_0_vh_rfs.vhd:1323]
	Parameter INIT bound to: 1'b1 
INFO: [Synth 8-113] binding component instance 'FDRE_inst' to cell 'FDRE' [/home/indir/KiCad/zynq_a9_mb/software/FPGA_VIVADO/Platform/Platform.gen/sources_1/bd/design_1/ipshared/8842/hdl/proc_sys_reset_v5_0_vh_rfs.vhd:1392]
	Parameter INIT bound to: 1'b1 
INFO: [Synth 8-113] binding component instance 'FDRE_BSR' to cell 'FDRE' [/home/indir/KiCad/zynq_a9_mb/software/FPGA_VIVADO/Platform/Platform.gen/sources_1/bd/design_1/ipshared/8842/hdl/proc_sys_reset_v5_0_vh_rfs.vhd:1408]
	Parameter INIT bound to: 1'b0 
INFO: [Synth 8-113] binding component instance 'FDRE_BSR_N' to cell 'FDRE' [/home/indir/KiCad/zynq_a9_mb/software/FPGA_VIVADO/Platform/Platform.gen/sources_1/bd/design_1/ipshared/8842/hdl/proc_sys_reset_v5_0_vh_rfs.vhd:1434]
	Parameter INIT bound to: 1'b1 
INFO: [Synth 8-113] binding component instance 'FDRE_PER' to cell 'FDRE' [/home/indir/KiCad/zynq_a9_mb/software/FPGA_VIVADO/Platform/Platform.gen/sources_1/bd/design_1/ipshared/8842/hdl/proc_sys_reset_v5_0_vh_rfs.vhd:1457]
	Parameter INIT bound to: 1'b0 
INFO: [Synth 8-113] binding component instance 'FDRE_PER_N' to cell 'FDRE' [/home/indir/KiCad/zynq_a9_mb/software/FPGA_VIVADO/Platform/Platform.gen/sources_1/bd/design_1/ipshared/8842/hdl/proc_sys_reset_v5_0_vh_rfs.vhd:1481]
INFO: [Synth 8-638] synthesizing module 'lpf' [/home/indir/KiCad/zynq_a9_mb/software/FPGA_VIVADO/Platform/Platform.gen/sources_1/bd/design_1/ipshared/8842/hdl/proc_sys_reset_v5_0_vh_rfs.vhd:816]
INFO: [Synth 8-3491] module 'SRL16' declared at '/drive/data/WinCommon/Common/Programs/Vivado/Vivado/2021.1/scripts/rt/data/unisim_comp.v:100945' bound to instance 'POR_SRL_I' of component 'SRL16' [/home/indir/KiCad/zynq_a9_mb/software/FPGA_VIVADO/Platform/Platform.gen/sources_1/bd/design_1/ipshared/8842/hdl/proc_sys_reset_v5_0_vh_rfs.vhd:868]
INFO: [Synth 8-6157] synthesizing module 'SRL16' [/drive/data/WinCommon/Common/Programs/Vivado/Vivado/2021.1/scripts/rt/data/unisim_comp.v:100945]
INFO: [Synth 8-6155] done synthesizing module 'SRL16' (1#1) [/drive/data/WinCommon/Common/Programs/Vivado/Vivado/2021.1/scripts/rt/data/unisim_comp.v:100945]
INFO: [Synth 8-638] synthesizing module 'cdc_sync' [/home/indir/KiCad/zynq_a9_mb/software/FPGA_VIVADO/Platform/Platform.gen/sources_1/bd/design_1/ipshared/ef1e/hdl/lib_cdc_v1_0_rfs.vhd:106]
	Parameter INIT bound to: 1'b0 
INFO: [Synth 8-113] binding component instance 'CROSS_PLEVEL_IN2SCNDRY_IN_cdc_to' to cell 'FDR' [/home/indir/KiCad/zynq_a9_mb/software/FPGA_VIVADO/Platform/Platform.gen/sources_1/bd/design_1/ipshared/ef1e/hdl/lib_cdc_v1_0_rfs.vhd:514]
	Parameter INIT bound to: 1'b0 
INFO: [Synth 8-113] binding component instance 'CROSS_PLEVEL_IN2SCNDRY_s_level_out_d2' to cell 'FDR' [/home/indir/KiCad/zynq_a9_mb/software/FPGA_VIVADO/Platform/Platform.gen/sources_1/bd/design_1/ipshared/ef1e/hdl/lib_cdc_v1_0_rfs.vhd:545]
	Parameter INIT bound to: 1'b0 
INFO: [Synth 8-113] binding component instance 'CROSS_PLEVEL_IN2SCNDRY_s_level_out_d3' to cell 'FDR' [/home/indir/KiCad/zynq_a9_mb/software/FPGA_VIVADO/Platform/Platform.gen/sources_1/bd/design_1/ipshared/ef1e/hdl/lib_cdc_v1_0_rfs.vhd:554]
	Parameter INIT bound to: 1'b0 
INFO: [Synth 8-113] binding component instance 'CROSS_PLEVEL_IN2SCNDRY_s_level_out_d4' to cell 'FDR' [/home/indir/KiCad/zynq_a9_mb/software/FPGA_VIVADO/Platform/Platform.gen/sources_1/bd/design_1/ipshared/ef1e/hdl/lib_cdc_v1_0_rfs.vhd:564]
	Parameter INIT bound to: 1'b0 
INFO: [Synth 8-113] binding component instance 'CROSS_PLEVEL_IN2SCNDRY_s_level_out_d5' to cell 'FDR' [/home/indir/KiCad/zynq_a9_mb/software/FPGA_VIVADO/Platform/Platform.gen/sources_1/bd/design_1/ipshared/ef1e/hdl/lib_cdc_v1_0_rfs.vhd:574]
	Parameter INIT bound to: 1'b0 
INFO: [Synth 8-113] binding component instance 'CROSS_PLEVEL_IN2SCNDRY_s_level_out_d6' to cell 'FDR' [/home/indir/KiCad/zynq_a9_mb/software/FPGA_VIVADO/Platform/Platform.gen/sources_1/bd/design_1/ipshared/ef1e/hdl/lib_cdc_v1_0_rfs.vhd:584]
INFO: [Synth 8-256] done synthesizing module 'cdc_sync' (2#1) [/home/indir/KiCad/zynq_a9_mb/software/FPGA_VIVADO/Platform/Platform.gen/sources_1/bd/design_1/ipshared/ef1e/hdl/lib_cdc_v1_0_rfs.vhd:106]
INFO: [Synth 8-256] done synthesizing module 'lpf' (3#1) [/home/indir/KiCad/zynq_a9_mb/software/FPGA_VIVADO/Platform/Platform.gen/sources_1/bd/design_1/ipshared/8842/hdl/proc_sys_reset_v5_0_vh_rfs.vhd:816]
INFO: [Synth 8-638] synthesizing module 'sequence_psr' [/home/indir/KiCad/zynq_a9_mb/software/FPGA_VIVADO/Platform/Platform.gen/sources_1/bd/design_1/ipshared/8842/hdl/proc_sys_reset_v5_0_vh_rfs.vhd:301]
INFO: [Synth 8-638] synthesizing module 'upcnt_n' [/home/indir/KiCad/zynq_a9_mb/software/FPGA_VIVADO/Platform/Platform.gen/sources_1/bd/design_1/ipshared/8842/hdl/proc_sys_reset_v5_0_vh_rfs.vhd:125]
INFO: [Synth 8-256] done synthesizing module 'upcnt_n' (4#1) [/home/indir/KiCad/zynq_a9_mb/software/FPGA_VIVADO/Platform/Platform.gen/sources_1/bd/design_1/ipshared/8842/hdl/proc_sys_reset_v5_0_vh_rfs.vhd:125]
INFO: [Synth 8-256] done synthesizing module 'sequence_psr' (5#1) [/home/indir/KiCad/zynq_a9_mb/software/FPGA_VIVADO/Platform/Platform.gen/sources_1/bd/design_1/ipshared/8842/hdl/proc_sys_reset_v5_0_vh_rfs.vhd:301]
INFO: [Synth 8-256] done synthesizing module 'proc_sys_reset' (6#1) [/home/indir/KiCad/zynq_a9_mb/software/FPGA_VIVADO/Platform/Platform.gen/sources_1/bd/design_1/ipshared/8842/hdl/proc_sys_reset_v5_0_vh_rfs.vhd:1323]
INFO: [Synth 8-256] done synthesizing module 'design_1_proc_sys_reset_0_2' (7#1) [/home/indir/KiCad/zynq_a9_mb/software/FPGA_VIVADO/Platform/Platform.gen/sources_1/bd/design_1/ip/design_1_proc_sys_reset_0_2/synth/design_1_proc_sys_reset_0_2.vhd:74]
---------------------------------------------------------------------------------
Finished RTL Elaboration : Time (s): cpu = 00:00:04 ; elapsed = 00:00:07 . Memory (MB): peak = 2431.277 ; gain = 0.000 ; free physical = 3910 ; free virtual = 10007
---------------------------------------------------------------------------------
---------------------------------------------------------------------------------
Start Handling Custom Attributes
---------------------------------------------------------------------------------
---------------------------------------------------------------------------------
Finished Handling Custom Attributes : Time (s): cpu = 00:00:05 ; elapsed = 00:00:09 . Memory (MB): peak = 2431.277 ; gain = 0.000 ; free physical = 2843 ; free virtual = 8958
---------------------------------------------------------------------------------
---------------------------------------------------------------------------------
Finished RTL Optimization Phase 1 : Time (s): cpu = 00:00:05 ; elapsed = 00:00:09 . Memory (MB): peak = 2431.277 ; gain = 0.000 ; free physical = 2843 ; free virtual = 8958
---------------------------------------------------------------------------------
Netlist sorting complete. Time (s): cpu = 00:00:00 ; elapsed = 00:00:00 . Memory (MB): peak = 2431.277 ; gain = 0.000 ; free physical = 2720 ; free virtual = 8834
INFO: [Netlist 29-17] Analyzing 13 Unisim elements for replacement
INFO: [Netlist 29-28] Unisim Transformation completed in 0 CPU seconds
INFO: [Project 1-570] Preparing netlist for logic optimization

Processing XDC Constraints
Initializing timing engine
Parsing XDC File [/home/indir/KiCad/zynq_a9_mb/software/FPGA_VIVADO/Platform/Platform.gen/sources_1/bd/design_1/ip/design_1_proc_sys_reset_0_2/design_1_proc_sys_reset_0_2_ooc.xdc] for cell 'U0'
Finished Parsing XDC File [/home/indir/KiCad/zynq_a9_mb/software/FPGA_VIVADO/Platform/Platform.gen/sources_1/bd/design_1/ip/design_1_proc_sys_reset_0_2/design_1_proc_sys_reset_0_2_ooc.xdc] for cell 'U0'
Parsing XDC File [/home/indir/KiCad/zynq_a9_mb/software/FPGA_VIVADO/Platform/Platform.gen/sources_1/bd/design_1/ip/design_1_proc_sys_reset_0_2/design_1_proc_sys_reset_0_2_board.xdc] for cell 'U0'
Finished Parsing XDC File [/home/indir/KiCad/zynq_a9_mb/software/FPGA_VIVADO/Platform/Platform.gen/sources_1/bd/design_1/ip/design_1_proc_sys_reset_0_2/design_1_proc_sys_reset_0_2_board.xdc] for cell 'U0'
Parsing XDC File [/home/indir/KiCad/zynq_a9_mb/software/FPGA_VIVADO/Platform/Platform.gen/sources_1/bd/design_1/ip/design_1_proc_sys_reset_0_2/design_1_proc_sys_reset_0_2.xdc] for cell 'U0'
Finished Parsing XDC File [/home/indir/KiCad/zynq_a9_mb/software/FPGA_VIVADO/Platform/Platform.gen/sources_1/bd/design_1/ip/design_1_proc_sys_reset_0_2/design_1_proc_sys_reset_0_2.xdc] for cell 'U0'
Parsing XDC File [/home/indir/KiCad/zynq_a9_mb/software/FPGA_VIVADO/Platform/Platform.runs/design_1_proc_sys_reset_0_2_synth_1/dont_touch.xdc]
Finished Parsing XDC File [/home/indir/KiCad/zynq_a9_mb/software/FPGA_VIVADO/Platform/Platform.runs/design_1_proc_sys_reset_0_2_synth_1/dont_touch.xdc]
Completed Processing XDC Constraints

Netlist sorting complete. Time (s): cpu = 00:00:00 ; elapsed = 00:00:00 . Memory (MB): peak = 2462.855 ; gain = 0.000 ; free physical = 3435 ; free virtual = 9557
INFO: [Project 1-111] Unisim Transformation Summary:
  A total of 13 instances were transformed.
  FDR => FDRE: 12 instances
  SRL16 => SRL16E: 1 instance 

Constraint Validation Runtime : Time (s): cpu = 00:00:00 ; elapsed = 00:00:00.01 . Memory (MB): peak = 2462.855 ; gain = 0.000 ; free physical = 3526 ; free virtual = 9648
---------------------------------------------------------------------------------
Finished Constraint Validation : Time (s): cpu = 00:00:10 ; elapsed = 00:00:17 . Memory (MB): peak = 2462.855 ; gain = 31.578 ; free physical = 3743 ; free virtual = 9884
---------------------------------------------------------------------------------
---------------------------------------------------------------------------------
Start Loading Part and Timing Information
---------------------------------------------------------------------------------
Loading part: xc7z010clg400-3
---------------------------------------------------------------------------------
Finished Loading Part and Timing Information : Time (s): cpu = 00:00:10 ; elapsed = 00:00:17 . Memory (MB): peak = 2462.855 ; gain = 31.578 ; free physical = 3743 ; free virtual = 9884
---------------------------------------------------------------------------------
---------------------------------------------------------------------------------
Start Applying 'set_property' XDC Constraints
---------------------------------------------------------------------------------
Applied set_property KEEP_HIERARCHY = SOFT for U0. (constraint file  /home/indir/KiCad/zynq_a9_mb/software/FPGA_VIVADO/Platform/Platform.runs/design_1_proc_sys_reset_0_2_synth_1/dont_touch.xdc, line 9).
---------------------------------------------------------------------------------
Finished applying 'set_property' XDC Constraints : Time (s): cpu = 00:00:10 ; elapsed = 00:00:17 . Memory (MB): peak = 2462.855 ; gain = 31.578 ; free physical = 3741 ; free virtual = 9882
---------------------------------------------------------------------------------
---------------------------------------------------------------------------------
Finished RTL Optimization Phase 2 : Time (s): cpu = 00:00:10 ; elapsed = 00:00:18 . Memory (MB): peak = 2462.855 ; gain = 31.578 ; free physical = 3714 ; free virtual = 9858
---------------------------------------------------------------------------------
---------------------------------------------------------------------------------
Start RTL Component Statistics 
---------------------------------------------------------------------------------
Detailed RTL Component Info : 
+---Adders : 
	   2 Input    6 Bit       Adders := 1     
+---Registers : 
	                6 Bit    Registers := 1     
	                3 Bit    Registers := 3     
	                1 Bit    Registers := 8     
+---Muxes : 
	   2 Input    6 Bit        Muxes := 1     
	   2 Input    1 Bit        Muxes := 1     
---------------------------------------------------------------------------------
Finished RTL Component Statistics 
---------------------------------------------------------------------------------
---------------------------------------------------------------------------------
Start Part Resource Summary
---------------------------------------------------------------------------------
Part Resources:
DSPs: 80 (col length:40)
BRAMs: 120 (col length: RAMB18 40 RAMB36 20)
---------------------------------------------------------------------------------
Finished Part Resource Summary
---------------------------------------------------------------------------------
---------------------------------------------------------------------------------
Start Cross Boundary and Area Optimization
---------------------------------------------------------------------------------
---------------------------------------------------------------------------------
Finished Cross Boundary and Area Optimization : Time (s): cpu = 00:00:11 ; elapsed = 00:00:19 . Memory (MB): peak = 2462.855 ; gain = 31.578 ; free physical = 3649 ; free virtual = 9806
---------------------------------------------------------------------------------
---------------------------------------------------------------------------------
Start Applying XDC Timing Constraints
---------------------------------------------------------------------------------
---------------------------------------------------------------------------------
Finished Applying XDC Timing Constraints : Time (s): cpu = 00:00:17 ; elapsed = 00:00:28 . Memory (MB): peak = 2462.855 ; gain = 31.578 ; free physical = 2889 ; free virtual = 9076
---------------------------------------------------------------------------------
---------------------------------------------------------------------------------
Start Timing Optimization
---------------------------------------------------------------------------------
---------------------------------------------------------------------------------
Finished Timing Optimization : Time (s): cpu = 00:00:17 ; elapsed = 00:00:28 . Memory (MB): peak = 2462.855 ; gain = 31.578 ; free physical = 2884 ; free virtual = 9071
---------------------------------------------------------------------------------
---------------------------------------------------------------------------------
Start Technology Mapping
---------------------------------------------------------------------------------
---------------------------------------------------------------------------------
Finished Technology Mapping : Time (s): cpu = 00:00:17 ; elapsed = 00:00:28 . Memory (MB): peak = 2462.855 ; gain = 31.578 ; free physical = 2871 ; free virtual = 9058
---------------------------------------------------------------------------------
---------------------------------------------------------------------------------
Start IO Insertion
---------------------------------------------------------------------------------
---------------------------------------------------------------------------------
Start Flattening Before IO Insertion
---------------------------------------------------------------------------------
---------------------------------------------------------------------------------
Finished Flattening Before IO Insertion
---------------------------------------------------------------------------------
---------------------------------------------------------------------------------
Start Final Netlist Cleanup
---------------------------------------------------------------------------------
---------------------------------------------------------------------------------
Finished Final Netlist Cleanup
---------------------------------------------------------------------------------
---------------------------------------------------------------------------------
Finished IO Insertion : Time (s): cpu = 00:00:20 ; elapsed = 00:00:32 . Memory (MB): peak = 2462.855 ; gain = 31.578 ; free physical = 2677 ; free virtual = 8882
---------------------------------------------------------------------------------
---------------------------------------------------------------------------------
Start Renaming Generated Instances
---------------------------------------------------------------------------------
---------------------------------------------------------------------------------
Finished Renaming Generated Instances : Time (s): cpu = 00:00:20 ; elapsed = 00:00:32 . Memory (MB): peak = 2462.855 ; gain = 31.578 ; free physical = 2677 ; free virtual = 8882
---------------------------------------------------------------------------------
---------------------------------------------------------------------------------
Start Rebuilding User Hierarchy
---------------------------------------------------------------------------------
---------------------------------------------------------------------------------
Finished Rebuilding User Hierarchy : Time (s): cpu = 00:00:20 ; elapsed = 00:00:32 . Memory (MB): peak = 2462.855 ; gain = 31.578 ; free physical = 2682 ; free virtual = 8887
---------------------------------------------------------------------------------
---------------------------------------------------------------------------------
Start Renaming Generated Ports
---------------------------------------------------------------------------------
---------------------------------------------------------------------------------
Finished Renaming Generated Ports : Time (s): cpu = 00:00:20 ; elapsed = 00:00:32 . Memory (MB): peak = 2462.855 ; gain = 31.578 ; free physical = 2683 ; free virtual = 8888
---------------------------------------------------------------------------------
---------------------------------------------------------------------------------
Start Handling Custom Attributes
---------------------------------------------------------------------------------
---------------------------------------------------------------------------------
Finished Handling Custom Attributes : Time (s): cpu = 00:00:20 ; elapsed = 00:00:32 . Memory (MB): peak = 2462.855 ; gain = 31.578 ; free physical = 2683 ; free virtual = 8888
---------------------------------------------------------------------------------
---------------------------------------------------------------------------------
Start Renaming Generated Nets
---------------------------------------------------------------------------------
---------------------------------------------------------------------------------
Finished Renaming Generated Nets : Time (s): cpu = 00:00:20 ; elapsed = 00:00:32 . Memory (MB): peak = 2462.855 ; gain = 31.578 ; free physical = 2683 ; free virtual = 8888
---------------------------------------------------------------------------------
---------------------------------------------------------------------------------
Start Writing Synthesis Report
---------------------------------------------------------------------------------

Report BlackBoxes: 
+-+--------------+----------+
| |BlackBox name |Instances |
+-+--------------+----------+
+-+--------------+----------+

Report Cell Usage: 
+------+------+------+
|      |Cell  |Count |
+------+------+------+
|1     |LUT1  |     5|
|2     |LUT2  |     9|
|3     |LUT3  |     1|
|4     |LUT4  |     6|
|5     |LUT5  |     3|
|6     |LUT6  |     1|
|7     |SRL16 |     1|
|8     |FDR   |     8|
|9     |FDRE  |    28|
|10    |FDSE  |     4|
+------+------+------+
---------------------------------------------------------------------------------
Finished Writing Synthesis Report : Time (s): cpu = 00:00:20 ; elapsed = 00:00:32 . Memory (MB): peak = 2462.855 ; gain = 31.578 ; free physical = 2685 ; free virtual = 8889
---------------------------------------------------------------------------------
Synthesis finished with 0 errors, 0 critical warnings and 0 warnings.
Synthesis Optimization Runtime : Time (s): cpu = 00:00:19 ; elapsed = 00:00:30 . Memory (MB): peak = 2462.855 ; gain = 0.000 ; free physical = 2721 ; free virtual = 8926
Synthesis Optimization Complete : Time (s): cpu = 00:00:20 ; elapsed = 00:00:32 . Memory (MB): peak = 2462.863 ; gain = 31.578 ; free physical = 2721 ; free virtual = 8926
INFO: [Project 1-571] Translating synthesized netlist
Netlist sorting complete. Time (s): cpu = 00:00:00 ; elapsed = 00:00:00 . Memory (MB): peak = 2462.863 ; gain = 0.000 ; free physical = 2725 ; free virtual = 8930
INFO: [Netlist 29-17] Analyzing 9 Unisim elements for replacement
INFO: [Netlist 29-28] Unisim Transformation completed in 0 CPU seconds
INFO: [Project 1-570] Preparing netlist for logic optimization
INFO: [Opt 31-138] Pushed 0 inverter(s) to 0 load pin(s).
Netlist sorting complete. Time (s): cpu = 00:00:00 ; elapsed = 00:00:00 . Memory (MB): peak = 2462.863 ; gain = 0.000 ; free physical = 2008 ; free virtual = 8215
INFO: [Project 1-111] Unisim Transformation Summary:
  A total of 9 instances were transformed.
  FDR => FDRE: 8 instances
  SRL16 => SRL16E: 1 instance 

Synth Design complete, checksum: 4e31fa20
INFO: [Common 17-83] Releasing license: Synthesis
46 Infos, 0 Warnings, 0 Critical Warnings and 0 Errors encountered.
synth_design completed successfully
synth_design: Time (s): cpu = 00:00:30 ; elapsed = 00:00:41 . Memory (MB): peak = 2462.863 ; gain = 32.023 ; free physical = 1907 ; free virtual = 8115
INFO: [Common 17-1381] The checkpoint '/home/indir/KiCad/zynq_a9_mb/software/FPGA_VIVADO/Platform/Platform.runs/design_1_proc_sys_reset_0_2_synth_1/design_1_proc_sys_reset_0_2.dcp' has been generated.
INFO: [Coretcl 2-1648] Added synthesis output to IP cache for IP design_1_proc_sys_reset_0_2, cache-ID = a0d2e4f3b4819c66
INFO: [Coretcl 2-1174] Renamed 6 cell refs.
INFO: [Common 17-1381] The checkpoint '/home/indir/KiCad/zynq_a9_mb/software/FPGA_VIVADO/Platform/Platform.runs/design_1_proc_sys_reset_0_2_synth_1/design_1_proc_sys_reset_0_2.dcp' has been generated.
INFO: [runtcl-4] Executing : report_utilization -file design_1_proc_sys_reset_0_2_utilization_synth.rpt -pb design_1_proc_sys_reset_0_2_utilization_synth.pb
INFO: [Common 17-206] Exiting Vivado at Fri Dec 26 03:10:23 2025...
