
*** Running vivado
    with args -log design_1_smartconnect_1_0.vds -m64 -product Vivado -mode batch -messageDb vivado.pb -notrace -source design_1_smartconnect_1_0.tcl


****** Vivado v2021.1 (64-bit)
  **** SW Build 3247384 on Thu Jun 10 19:36:07 MDT 2021
  **** IP Build 3246043 on Fri Jun 11 00:30:35 MDT 2021
    ** Copyright 1986-2021 Xilinx, Inc. All Rights Reserved.

source design_1_smartconnect_1_0.tcl -notrace
INFO: [IP_Flow 19-234] Refreshing IP repositories
INFO: [IP_Flow 19-1700] Loaded user IP repository '/drive/data/Linux/TEMP/antminer/vivado-library-master'.
INFO: [IP_Flow 19-2313] Loaded Vivado IP repository '/drive/data/WinCommon/Common/Programs/Vivado/Vivado/2021.1/data/ip'.
Command: synth_design -top design_1_smartconnect_1_0 -part xc7z010clg400-3 -mode out_of_context
Starting synth_design
Attempting to get a license for feature 'Synthesis' and/or device 'xc7z010'
INFO: [Common 17-349] Got license for feature 'Synthesis' and/or device 'xc7z010'
INFO: [Device 21-403] Loading part xc7z010clg400-3
INFO: [Synth 8-7079] Multithreading enabled for synth_design using a maximum of 4 processes.
INFO: [Synth 8-7078] Launching helper process for spawning children vivado processes
INFO: [Synth 8-7075] Helper process launched with PID 3502981
---------------------------------------------------------------------------------
Starting RTL Elaboration : Time (s): cpu = 00:00:04 ; elapsed = 00:00:10 . Memory (MB): peak = 2426.875 ; gain = 0.000 ; free physical = 220 ; free virtual = 3461
---------------------------------------------------------------------------------
INFO: [Synth 8-6157] synthesizing module 'design_1_smartconnect_1_0' [/home/indir/KiCad/zynq_a9_mb/software/FPGA_VIVADO/Platform/Platform.gen/sources_1/bd/design_1/ip/design_1_smartconnect_1_0/synth/design_1_smartconnect_1_0.v:57]
INFO: [Synth 8-6157] synthesizing module 'bd_88fd' [/home/indir/KiCad/zynq_a9_mb/software/FPGA_VIVADO/Platform/Platform.gen/sources_1/bd/design_1/ip/design_1_smartconnect_1_0/bd_0/synth/bd_88fd.v:10]
INFO: [Synth 8-6157] synthesizing module 'clk_map_imp_LEUOAK' [/home/indir/KiCad/zynq_a9_mb/software/FPGA_VIVADO/Platform/Platform.gen/sources_1/bd/design_1/ip/design_1_smartconnect_1_0/bd_0/synth/bd_88fd.v:2126]
INFO: [Synth 8-6157] synthesizing module 'bd_88fd_one_0' [/home/indir/KiCad/zynq_a9_mb/software/FPGA_VIVADO/Platform/Platform.gen/sources_1/bd/design_1/ip/design_1_smartconnect_1_0/bd_0/ip/ip_0/synth/bd_88fd_one_0.v:57]
INFO: [Synth 8-6157] synthesizing module 'xlconstant_v1_1_7_xlconstant' [/home/indir/KiCad/zynq_a9_mb/software/FPGA_VIVADO/Platform/Platform.gen/sources_1/bd/design_1/ipshared/fcfc/hdl/xlconstant_v1_1_vl_rfs.v:23]
INFO: [Synth 8-6155] done synthesizing module 'xlconstant_v1_1_7_xlconstant' (1#1) [/home/indir/KiCad/zynq_a9_mb/software/FPGA_VIVADO/Platform/Platform.gen/sources_1/bd/design_1/ipshared/fcfc/hdl/xlconstant_v1_1_vl_rfs.v:23]
INFO: [Synth 8-6155] done synthesizing module 'bd_88fd_one_0' (2#1) [/home/indir/KiCad/zynq_a9_mb/software/FPGA_VIVADO/Platform/Platform.gen/sources_1/bd/design_1/ip/design_1_smartconnect_1_0/bd_0/ip/ip_0/synth/bd_88fd_one_0.v:57]
INFO: [Synth 8-638] synthesizing module 'bd_88fd_psr_aclk_0' [/home/indir/KiCad/zynq_a9_mb/software/FPGA_VIVADO/Platform/Platform.gen/sources_1/bd/design_1/ip/design_1_smartconnect_1_0/bd_0/ip/ip_1/synth/bd_88fd_psr_aclk_0.vhd:74]
	Parameter C_FAMILY bound to: zynq - type: string 
	Parameter C_EXT_RST_WIDTH bound to: 4 - type: integer 
	Parameter C_AUX_RST_WIDTH bound to: 1 - type: integer 
	Parameter C_EXT_RESET_HIGH bound to: 1'b0 
	Parameter C_AUX_RESET_HIGH bound to: 1'b0 
	Parameter C_NUM_BUS_RST bound to: 1 - type: integer 
	Parameter C_NUM_PERP_RST bound to: 1 - type: integer 
	Parameter C_NUM_INTERCONNECT_ARESETN bound to: 1 - type: integer 
	Parameter C_NUM_PERP_ARESETN bound to: 1 - type: integer 
INFO: [Synth 8-3491] module 'proc_sys_reset' declared at '/home/indir/KiCad/zynq_a9_mb/software/FPGA_VIVADO/Platform/Platform.gen/sources_1/bd/design_1/ipshared/8842/hdl/proc_sys_reset_v5_0_vh_rfs.vhd:1264' bound to instance 'U0' of component 'proc_sys_reset' [/home/indir/KiCad/zynq_a9_mb/software/FPGA_VIVADO/Platform/Platform.gen/sources_1/bd/design_1/ip/design_1_smartconnect_1_0/bd_0/ip/ip_1/synth/bd_88fd_psr_aclk_0.vhd:129]
INFO: [Synth 8-638] synthesizing module 'proc_sys_reset' [/home/indir/KiCad/zynq_a9_mb/software/FPGA_VIVADO/Platform/Platform.gen/sources_1/bd/design_1/ipshared/8842/hdl/proc_sys_reset_v5_0_vh_rfs.vhd:1323]
	Parameter INIT bound to: 1'b1 
INFO: [Synth 8-113] binding component instance 'FDRE_inst' to cell 'FDRE' [/home/indir/KiCad/zynq_a9_mb/software/FPGA_VIVADO/Platform/Platform.gen/sources_1/bd/design_1/ipshared/8842/hdl/proc_sys_reset_v5_0_vh_rfs.vhd:1392]
	Parameter INIT bound to: 1'b1 
INFO: [Synth 8-113] binding component instance 'FDRE_BSR' to cell 'FDRE' [/home/indir/KiCad/zynq_a9_mb/software/FPGA_VIVADO/Platform/Platform.gen/sources_1/bd/design_1/ipshared/8842/hdl/proc_sys_reset_v5_0_vh_rfs.vhd:1408]
	Parameter INIT bound to: 1'b0 
INFO: [Synth 8-113] binding component instance 'FDRE_BSR_N' to cell 'FDRE' [/home/indir/KiCad/zynq_a9_mb/software/FPGA_VIVADO/Platform/Platform.gen/sources_1/bd/design_1/ipshared/8842/hdl/proc_sys_reset_v5_0_vh_rfs.vhd:1434]
	Parameter INIT bound to: 1'b1 
INFO: [Synth 8-113] binding component instance 'FDRE_PER' to cell 'FDRE' [/home/indir/KiCad/zynq_a9_mb/software/FPGA_VIVADO/Platform/Platform.gen/sources_1/bd/design_1/ipshared/8842/hdl/proc_sys_reset_v5_0_vh_rfs.vhd:1457]
	Parameter INIT bound to: 1'b0 
INFO: [Synth 8-113] binding component instance 'FDRE_PER_N' to cell 'FDRE' [/home/indir/KiCad/zynq_a9_mb/software/FPGA_VIVADO/Platform/Platform.gen/sources_1/bd/design_1/ipshared/8842/hdl/proc_sys_reset_v5_0_vh_rfs.vhd:1481]
INFO: [Synth 8-638] synthesizing module 'lpf' [/home/indir/KiCad/zynq_a9_mb/software/FPGA_VIVADO/Platform/Platform.gen/sources_1/bd/design_1/ipshared/8842/hdl/proc_sys_reset_v5_0_vh_rfs.vhd:816]
INFO: [Synth 8-3491] module 'SRL16' declared at '/drive/data/WinCommon/Common/Programs/Vivado/Vivado/2021.1/scripts/rt/data/unisim_comp.v:100945' bound to instance 'POR_SRL_I' of component 'SRL16' [/home/indir/KiCad/zynq_a9_mb/software/FPGA_VIVADO/Platform/Platform.gen/sources_1/bd/design_1/ipshared/8842/hdl/proc_sys_reset_v5_0_vh_rfs.vhd:868]
INFO: [Synth 8-6157] synthesizing module 'SRL16' [/drive/data/WinCommon/Common/Programs/Vivado/Vivado/2021.1/scripts/rt/data/unisim_comp.v:100945]
INFO: [Synth 8-6155] done synthesizing module 'SRL16' (3#1) [/drive/data/WinCommon/Common/Programs/Vivado/Vivado/2021.1/scripts/rt/data/unisim_comp.v:100945]
INFO: [Synth 8-638] synthesizing module 'cdc_sync' [/home/indir/KiCad/zynq_a9_mb/software/FPGA_VIVADO/Platform/Platform.gen/sources_1/bd/design_1/ipshared/ef1e/hdl/lib_cdc_v1_0_rfs.vhd:106]
	Parameter INIT bound to: 1'b0 
INFO: [Synth 8-113] binding component instance 'CROSS_PLEVEL_IN2SCNDRY_IN_cdc_to' to cell 'FDR' [/home/indir/KiCad/zynq_a9_mb/software/FPGA_VIVADO/Platform/Platform.gen/sources_1/bd/design_1/ipshared/ef1e/hdl/lib_cdc_v1_0_rfs.vhd:514]
	Parameter INIT bound to: 1'b0 
INFO: [Synth 8-113] binding component instance 'CROSS_PLEVEL_IN2SCNDRY_s_level_out_d2' to cell 'FDR' [/home/indir/KiCad/zynq_a9_mb/software/FPGA_VIVADO/Platform/Platform.gen/sources_1/bd/design_1/ipshared/ef1e/hdl/lib_cdc_v1_0_rfs.vhd:545]
	Parameter INIT bound to: 1'b0 
INFO: [Synth 8-113] binding component instance 'CROSS_PLEVEL_IN2SCNDRY_s_level_out_d3' to cell 'FDR' [/home/indir/KiCad/zynq_a9_mb/software/FPGA_VIVADO/Platform/Platform.gen/sources_1/bd/design_1/ipshared/ef1e/hdl/lib_cdc_v1_0_rfs.vhd:554]
	Parameter INIT bound to: 1'b0 
INFO: [Synth 8-113] binding component instance 'CROSS_PLEVEL_IN2SCNDRY_s_level_out_d4' to cell 'FDR' [/home/indir/KiCad/zynq_a9_mb/software/FPGA_VIVADO/Platform/Platform.gen/sources_1/bd/design_1/ipshared/ef1e/hdl/lib_cdc_v1_0_rfs.vhd:564]
	Parameter INIT bound to: 1'b0 
INFO: [Synth 8-113] binding component instance 'CROSS_PLEVEL_IN2SCNDRY_s_level_out_d5' to cell 'FDR' [/home/indir/KiCad/zynq_a9_mb/software/FPGA_VIVADO/Platform/Platform.gen/sources_1/bd/design_1/ipshared/ef1e/hdl/lib_cdc_v1_0_rfs.vhd:574]
	Parameter INIT bound to: 1'b0 
INFO: [Synth 8-113] binding component instance 'CROSS_PLEVEL_IN2SCNDRY_s_level_out_d6' to cell 'FDR' [/home/indir/KiCad/zynq_a9_mb/software/FPGA_VIVADO/Platform/Platform.gen/sources_1/bd/design_1/ipshared/ef1e/hdl/lib_cdc_v1_0_rfs.vhd:584]
INFO: [Synth 8-256] done synthesizing module 'cdc_sync' (4#1) [/home/indir/KiCad/zynq_a9_mb/software/FPGA_VIVADO/Platform/Platform.gen/sources_1/bd/design_1/ipshared/ef1e/hdl/lib_cdc_v1_0_rfs.vhd:106]
INFO: [Synth 8-256] done synthesizing module 'lpf' (5#1) [/home/indir/KiCad/zynq_a9_mb/software/FPGA_VIVADO/Platform/Platform.gen/sources_1/bd/design_1/ipshared/8842/hdl/proc_sys_reset_v5_0_vh_rfs.vhd:816]
INFO: [Synth 8-638] synthesizing module 'sequence_psr' [/home/indir/KiCad/zynq_a9_mb/software/FPGA_VIVADO/Platform/Platform.gen/sources_1/bd/design_1/ipshared/8842/hdl/proc_sys_reset_v5_0_vh_rfs.vhd:301]
INFO: [Synth 8-638] synthesizing module 'upcnt_n' [/home/indir/KiCad/zynq_a9_mb/software/FPGA_VIVADO/Platform/Platform.gen/sources_1/bd/design_1/ipshared/8842/hdl/proc_sys_reset_v5_0_vh_rfs.vhd:125]
INFO: [Synth 8-256] done synthesizing module 'upcnt_n' (6#1) [/home/indir/KiCad/zynq_a9_mb/software/FPGA_VIVADO/Platform/Platform.gen/sources_1/bd/design_1/ipshared/8842/hdl/proc_sys_reset_v5_0_vh_rfs.vhd:125]
INFO: [Synth 8-256] done synthesizing module 'sequence_psr' (7#1) [/home/indir/KiCad/zynq_a9_mb/software/FPGA_VIVADO/Platform/Platform.gen/sources_1/bd/design_1/ipshared/8842/hdl/proc_sys_reset_v5_0_vh_rfs.vhd:301]
INFO: [Synth 8-256] done synthesizing module 'proc_sys_reset' (8#1) [/home/indir/KiCad/zynq_a9_mb/software/FPGA_VIVADO/Platform/Platform.gen/sources_1/bd/design_1/ipshared/8842/hdl/proc_sys_reset_v5_0_vh_rfs.vhd:1323]
INFO: [Synth 8-256] done synthesizing module 'bd_88fd_psr_aclk_0' (9#1) [/home/indir/KiCad/zynq_a9_mb/software/FPGA_VIVADO/Platform/Platform.gen/sources_1/bd/design_1/ip/design_1_smartconnect_1_0/bd_0/ip/ip_1/synth/bd_88fd_psr_aclk_0.vhd:74]
WARNING: [Synth 8-7071] port 'mb_reset' of module 'bd_88fd_psr_aclk_0' is unconnected for instance 'psr_aclk' [/home/indir/KiCad/zynq_a9_mb/software/FPGA_VIVADO/Platform/Platform.gen/sources_1/bd/design_1/ip/design_1_smartconnect_1_0/bd_0/synth/bd_88fd.v:2209]
WARNING: [Synth 8-7071] port 'bus_struct_reset' of module 'bd_88fd_psr_aclk_0' is unconnected for instance 'psr_aclk' [/home/indir/KiCad/zynq_a9_mb/software/FPGA_VIVADO/Platform/Platform.gen/sources_1/bd/design_1/ip/design_1_smartconnect_1_0/bd_0/synth/bd_88fd.v:2209]
WARNING: [Synth 8-7071] port 'peripheral_reset' of module 'bd_88fd_psr_aclk_0' is unconnected for instance 'psr_aclk' [/home/indir/KiCad/zynq_a9_mb/software/FPGA_VIVADO/Platform/Platform.gen/sources_1/bd/design_1/ip/design_1_smartconnect_1_0/bd_0/synth/bd_88fd.v:2209]
WARNING: [Synth 8-7071] port 'peripheral_aresetn' of module 'bd_88fd_psr_aclk_0' is unconnected for instance 'psr_aclk' [/home/indir/KiCad/zynq_a9_mb/software/FPGA_VIVADO/Platform/Platform.gen/sources_1/bd/design_1/ip/design_1_smartconnect_1_0/bd_0/synth/bd_88fd.v:2209]
WARNING: [Synth 8-7023] instance 'psr_aclk' of module 'bd_88fd_psr_aclk_0' has 10 connections declared, but only 6 given [/home/indir/KiCad/zynq_a9_mb/software/FPGA_VIVADO/Platform/Platform.gen/sources_1/bd/design_1/ip/design_1_smartconnect_1_0/bd_0/synth/bd_88fd.v:2209]
INFO: [Synth 8-6155] done synthesizing module 'clk_map_imp_LEUOAK' (10#1) [/home/indir/KiCad/zynq_a9_mb/software/FPGA_VIVADO/Platform/Platform.gen/sources_1/bd/design_1/ip/design_1_smartconnect_1_0/bd_0/synth/bd_88fd.v:2126]
WARNING: [Synth 8-7071] port 'M03_ACLK' of module 'clk_map_imp_LEUOAK' is unconnected for instance 'clk_map' [/home/indir/KiCad/zynq_a9_mb/software/FPGA_VIVADO/Platform/Platform.gen/sources_1/bd/design_1/ip/design_1_smartconnect_1_0/bd_0/synth/bd_88fd.v:1200]
WARNING: [Synth 8-7071] port 'M03_ARESETN' of module 'clk_map_imp_LEUOAK' is unconnected for instance 'clk_map' [/home/indir/KiCad/zynq_a9_mb/software/FPGA_VIVADO/Platform/Platform.gen/sources_1/bd/design_1/ip/design_1_smartconnect_1_0/bd_0/synth/bd_88fd.v:1200]
WARNING: [Synth 8-7071] port 'M04_ACLK' of module 'clk_map_imp_LEUOAK' is unconnected for instance 'clk_map' [/home/indir/KiCad/zynq_a9_mb/software/FPGA_VIVADO/Platform/Platform.gen/sources_1/bd/design_1/ip/design_1_smartconnect_1_0/bd_0/synth/bd_88fd.v:1200]
WARNING: [Synth 8-7071] port 'M04_ARESETN' of module 'clk_map_imp_LEUOAK' is unconnected for instance 'clk_map' [/home/indir/KiCad/zynq_a9_mb/software/FPGA_VIVADO/Platform/Platform.gen/sources_1/bd/design_1/ip/design_1_smartconnect_1_0/bd_0/synth/bd_88fd.v:1200]
WARNING: [Synth 8-7071] port 'M05_ACLK' of module 'clk_map_imp_LEUOAK' is unconnected for instance 'clk_map' [/home/indir/KiCad/zynq_a9_mb/software/FPGA_VIVADO/Platform/Platform.gen/sources_1/bd/design_1/ip/design_1_smartconnect_1_0/bd_0/synth/bd_88fd.v:1200]
WARNING: [Synth 8-7071] port 'M05_ARESETN' of module 'clk_map_imp_LEUOAK' is unconnected for instance 'clk_map' [/home/indir/KiCad/zynq_a9_mb/software/FPGA_VIVADO/Platform/Platform.gen/sources_1/bd/design_1/ip/design_1_smartconnect_1_0/bd_0/synth/bd_88fd.v:1200]
WARNING: [Synth 8-7071] port 'M06_ACLK' of module 'clk_map_imp_LEUOAK' is unconnected for instance 'clk_map' [/home/indir/KiCad/zynq_a9_mb/software/FPGA_VIVADO/Platform/Platform.gen/sources_1/bd/design_1/ip/design_1_smartconnect_1_0/bd_0/synth/bd_88fd.v:1200]
WARNING: [Synth 8-7071] port 'M06_ARESETN' of module 'clk_map_imp_LEUOAK' is unconnected for instance 'clk_map' [/home/indir/KiCad/zynq_a9_mb/software/FPGA_VIVADO/Platform/Platform.gen/sources_1/bd/design_1/ip/design_1_smartconnect_1_0/bd_0/synth/bd_88fd.v:1200]
WARNING: [Synth 8-7071] port 'M07_ACLK' of module 'clk_map_imp_LEUOAK' is unconnected for instance 'clk_map' [/home/indir/KiCad/zynq_a9_mb/software/FPGA_VIVADO/Platform/Platform.gen/sources_1/bd/design_1/ip/design_1_smartconnect_1_0/bd_0/synth/bd_88fd.v:1200]
WARNING: [Synth 8-7071] port 'M07_ARESETN' of module 'clk_map_imp_LEUOAK' is unconnected for instance 'clk_map' [/home/indir/KiCad/zynq_a9_mb/software/FPGA_VIVADO/Platform/Platform.gen/sources_1/bd/design_1/ip/design_1_smartconnect_1_0/bd_0/synth/bd_88fd.v:1200]
WARNING: [Synth 8-7071] port 'M08_ACLK' of module 'clk_map_imp_LEUOAK' is unconnected for instance 'clk_map' [/home/indir/KiCad/zynq_a9_mb/software/FPGA_VIVADO/Platform/Platform.gen/sources_1/bd/design_1/ip/design_1_smartconnect_1_0/bd_0/synth/bd_88fd.v:1200]
WARNING: [Synth 8-7071] port 'M08_ARESETN' of module 'clk_map_imp_LEUOAK' is unconnected for instance 'clk_map' [/home/indir/KiCad/zynq_a9_mb/software/FPGA_VIVADO/Platform/Platform.gen/sources_1/bd/design_1/ip/design_1_smartconnect_1_0/bd_0/synth/bd_88fd.v:1200]
WARNING: [Synth 8-7023] instance 'clk_map' of module 'clk_map_imp_LEUOAK' has 25 connections declared, but only 13 given [/home/indir/KiCad/zynq_a9_mb/software/FPGA_VIVADO/Platform/Platform.gen/sources_1/bd/design_1/ip/design_1_smartconnect_1_0/bd_0/synth/bd_88fd.v:1200]
INFO: [Synth 8-6157] synthesizing module 'm00_exit_pipeline_imp_1ED2SVB' [/home/indir/KiCad/zynq_a9_mb/software/FPGA_VIVADO/Platform/Platform.gen/sources_1/bd/design_1/ip/design_1_smartconnect_1_0/bd_0/synth/bd_88fd.v:2514]
INFO: [Synth 8-6157] synthesizing module 'bd_88fd_m00e_0' [/home/indir/KiCad/zynq_a9_mb/software/FPGA_VIVADO/Platform/Platform.gen/sources_1/bd/design_1/ip/design_1_smartconnect_1_0/bd_0/ip/ip_32/synth/bd_88fd_m00e_0.sv:58]
INFO: [Synth 8-6157] synthesizing module 'xpm_cdc_async_rst' [/drive/data/WinCommon/Common/Programs/Vivado/Vivado/2021.1/data/ip/xpm/xpm_cdc/hdl/xpm_cdc.sv:1175]
INFO: [Synth 8-6155] done synthesizing module 'xpm_cdc_async_rst' (11#1) [/drive/data/WinCommon/Common/Programs/Vivado/Vivado/2021.1/data/ip/xpm/xpm_cdc/hdl/xpm_cdc.sv:1175]
INFO: [Synth 8-6155] done synthesizing module 'bd_88fd_m00e_0' (18#1) [/home/indir/KiCad/zynq_a9_mb/software/FPGA_VIVADO/Platform/Platform.gen/sources_1/bd/design_1/ip/design_1_smartconnect_1_0/bd_0/ip/ip_32/synth/bd_88fd_m00e_0.sv:58]
INFO: [Synth 8-6155] done synthesizing module 'm00_exit_pipeline_imp_1ED2SVB' (19#1) [/home/indir/KiCad/zynq_a9_mb/software/FPGA_VIVADO/Platform/Platform.gen/sources_1/bd/design_1/ip/design_1_smartconnect_1_0/bd_0/synth/bd_88fd.v:2514]
INFO: [Synth 8-6157] synthesizing module 'm00_nodes_imp_1RQJ53F' [/home/indir/KiCad/zynq_a9_mb/software/FPGA_VIVADO/Platform/Platform.gen/sources_1/bd/design_1/ip/design_1_smartconnect_1_0/bd_0/synth/bd_88fd.v:2815]
INFO: [Synth 8-6157] synthesizing module 'bd_88fd_m00arn_0' [/home/indir/KiCad/zynq_a9_mb/software/FPGA_VIVADO/Platform/Platform.gen/sources_1/bd/design_1/ip/design_1_smartconnect_1_0/bd_0/ip/ip_27/synth/bd_88fd_m00arn_0.sv:58]
INFO: [Synth 8-6155] done synthesizing module 'bd_88fd_m00arn_0' (29#1) [/home/indir/KiCad/zynq_a9_mb/software/FPGA_VIVADO/Platform/Platform.gen/sources_1/bd/design_1/ip/design_1_smartconnect_1_0/bd_0/ip/ip_27/synth/bd_88fd_m00arn_0.sv:58]
INFO: [Synth 8-6157] synthesizing module 'bd_88fd_m00awn_0' [/home/indir/KiCad/zynq_a9_mb/software/FPGA_VIVADO/Platform/Platform.gen/sources_1/bd/design_1/ip/design_1_smartconnect_1_0/bd_0/ip/ip_29/synth/bd_88fd_m00awn_0.sv:58]
INFO: [Synth 8-6155] done synthesizing module 'bd_88fd_m00awn_0' (30#1) [/home/indir/KiCad/zynq_a9_mb/software/FPGA_VIVADO/Platform/Platform.gen/sources_1/bd/design_1/ip/design_1_smartconnect_1_0/bd_0/ip/ip_29/synth/bd_88fd_m00awn_0.sv:58]
INFO: [Synth 8-6157] synthesizing module 'bd_88fd_m00bn_0' [/home/indir/KiCad/zynq_a9_mb/software/FPGA_VIVADO/Platform/Platform.gen/sources_1/bd/design_1/ip/design_1_smartconnect_1_0/bd_0/ip/ip_31/synth/bd_88fd_m00bn_0.sv:58]
INFO: [Synth 8-6155] done synthesizing module 'bd_88fd_m00bn_0' (31#1) [/home/indir/KiCad/zynq_a9_mb/software/FPGA_VIVADO/Platform/Platform.gen/sources_1/bd/design_1/ip/design_1_smartconnect_1_0/bd_0/ip/ip_31/synth/bd_88fd_m00bn_0.sv:58]
INFO: [Synth 8-6157] synthesizing module 'bd_88fd_m00rn_0' [/home/indir/KiCad/zynq_a9_mb/software/FPGA_VIVADO/Platform/Platform.gen/sources_1/bd/design_1/ip/design_1_smartconnect_1_0/bd_0/ip/ip_28/synth/bd_88fd_m00rn_0.sv:58]
INFO: [Synth 8-6155] done synthesizing module 'bd_88fd_m00rn_0' (32#1) [/home/indir/KiCad/zynq_a9_mb/software/FPGA_VIVADO/Platform/Platform.gen/sources_1/bd/design_1/ip/design_1_smartconnect_1_0/bd_0/ip/ip_28/synth/bd_88fd_m00rn_0.sv:58]
INFO: [Synth 8-6157] synthesizing module 'bd_88fd_m00wn_0' [/home/indir/KiCad/zynq_a9_mb/software/FPGA_VIVADO/Platform/Platform.gen/sources_1/bd/design_1/ip/design_1_smartconnect_1_0/bd_0/ip/ip_30/synth/bd_88fd_m00wn_0.sv:58]
INFO: [Synth 8-6155] done synthesizing module 'bd_88fd_m00wn_0' (33#1) [/home/indir/KiCad/zynq_a9_mb/software/FPGA_VIVADO/Platform/Platform.gen/sources_1/bd/design_1/ip/design_1_smartconnect_1_0/bd_0/ip/ip_30/synth/bd_88fd_m00wn_0.sv:58]
INFO: [Synth 8-6155] done synthesizing module 'm00_nodes_imp_1RQJ53F' (34#1) [/home/indir/KiCad/zynq_a9_mb/software/FPGA_VIVADO/Platform/Platform.gen/sources_1/bd/design_1/ip/design_1_smartconnect_1_0/bd_0/synth/bd_88fd.v:2815]
INFO: [Synth 8-6157] synthesizing module 'bd_88fd_m00s2a_0' [/home/indir/KiCad/zynq_a9_mb/software/FPGA_VIVADO/Platform/Platform.gen/sources_1/bd/design_1/ip/design_1_smartconnect_1_0/bd_0/ip/ip_26/synth/bd_88fd_m00s2a_0.sv:58]
INFO: [Synth 8-6155] done synthesizing module 'bd_88fd_m00s2a_0' (36#1) [/home/indir/KiCad/zynq_a9_mb/software/FPGA_VIVADO/Platform/Platform.gen/sources_1/bd/design_1/ip/design_1_smartconnect_1_0/bd_0/ip/ip_26/synth/bd_88fd_m00s2a_0.sv:58]
INFO: [Synth 8-6157] synthesizing module 'm01_exit_pipeline_imp_194UWDJ' [/home/indir/KiCad/zynq_a9_mb/software/FPGA_VIVADO/Platform/Platform.gen/sources_1/bd/design_1/ip/design_1_smartconnect_1_0/bd_0/synth/bd_88fd.v:3111]
INFO: [Synth 8-6157] synthesizing module 'bd_88fd_m01e_0' [/home/indir/KiCad/zynq_a9_mb/software/FPGA_VIVADO/Platform/Platform.gen/sources_1/bd/design_1/ip/design_1_smartconnect_1_0/bd_0/ip/ip_39/synth/bd_88fd_m01e_0.sv:58]
INFO: [Synth 8-6155] done synthesizing module 'bd_88fd_m01e_0' (37#1) [/home/indir/KiCad/zynq_a9_mb/software/FPGA_VIVADO/Platform/Platform.gen/sources_1/bd/design_1/ip/design_1_smartconnect_1_0/bd_0/ip/ip_39/synth/bd_88fd_m01e_0.sv:58]
INFO: [Synth 8-6155] done synthesizing module 'm01_exit_pipeline_imp_194UWDJ' (38#1) [/home/indir/KiCad/zynq_a9_mb/software/FPGA_VIVADO/Platform/Platform.gen/sources_1/bd/design_1/ip/design_1_smartconnect_1_0/bd_0/synth/bd_88fd.v:3111]
INFO: [Synth 8-6157] synthesizing module 'm01_nodes_imp_XHW5BX' [/home/indir/KiCad/zynq_a9_mb/software/FPGA_VIVADO/Platform/Platform.gen/sources_1/bd/design_1/ip/design_1_smartconnect_1_0/bd_0/synth/bd_88fd.v:3412]
INFO: [Synth 8-6157] synthesizing module 'bd_88fd_m01arn_0' [/home/indir/KiCad/zynq_a9_mb/software/FPGA_VIVADO/Platform/Platform.gen/sources_1/bd/design_1/ip/design_1_smartconnect_1_0/bd_0/ip/ip_34/synth/bd_88fd_m01arn_0.sv:58]
INFO: [Synth 8-6155] done synthesizing module 'bd_88fd_m01arn_0' (39#1) [/home/indir/KiCad/zynq_a9_mb/software/FPGA_VIVADO/Platform/Platform.gen/sources_1/bd/design_1/ip/design_1_smartconnect_1_0/bd_0/ip/ip_34/synth/bd_88fd_m01arn_0.sv:58]
INFO: [Synth 8-6157] synthesizing module 'bd_88fd_m01awn_0' [/home/indir/KiCad/zynq_a9_mb/software/FPGA_VIVADO/Platform/Platform.gen/sources_1/bd/design_1/ip/design_1_smartconnect_1_0/bd_0/ip/ip_36/synth/bd_88fd_m01awn_0.sv:58]
INFO: [Synth 8-6155] done synthesizing module 'bd_88fd_m01awn_0' (40#1) [/home/indir/KiCad/zynq_a9_mb/software/FPGA_VIVADO/Platform/Platform.gen/sources_1/bd/design_1/ip/design_1_smartconnect_1_0/bd_0/ip/ip_36/synth/bd_88fd_m01awn_0.sv:58]
INFO: [Synth 8-6157] synthesizing module 'bd_88fd_m01bn_0' [/home/indir/KiCad/zynq_a9_mb/software/FPGA_VIVADO/Platform/Platform.gen/sources_1/bd/design_1/ip/design_1_smartconnect_1_0/bd_0/ip/ip_38/synth/bd_88fd_m01bn_0.sv:58]
INFO: [Synth 8-6155] done synthesizing module 'bd_88fd_m01bn_0' (41#1) [/home/indir/KiCad/zynq_a9_mb/software/FPGA_VIVADO/Platform/Platform.gen/sources_1/bd/design_1/ip/design_1_smartconnect_1_0/bd_0/ip/ip_38/synth/bd_88fd_m01bn_0.sv:58]
INFO: [Synth 8-6157] synthesizing module 'bd_88fd_m01rn_0' [/home/indir/KiCad/zynq_a9_mb/software/FPGA_VIVADO/Platform/Platform.gen/sources_1/bd/design_1/ip/design_1_smartconnect_1_0/bd_0/ip/ip_35/synth/bd_88fd_m01rn_0.sv:58]
INFO: [Synth 8-6155] done synthesizing module 'bd_88fd_m01rn_0' (42#1) [/home/indir/KiCad/zynq_a9_mb/software/FPGA_VIVADO/Platform/Platform.gen/sources_1/bd/design_1/ip/design_1_smartconnect_1_0/bd_0/ip/ip_35/synth/bd_88fd_m01rn_0.sv:58]
INFO: [Synth 8-6157] synthesizing module 'bd_88fd_m01wn_0' [/home/indir/KiCad/zynq_a9_mb/software/FPGA_VIVADO/Platform/Platform.gen/sources_1/bd/design_1/ip/design_1_smartconnect_1_0/bd_0/ip/ip_37/synth/bd_88fd_m01wn_0.sv:58]
INFO: [Synth 8-6155] done synthesizing module 'bd_88fd_m01wn_0' (43#1) [/home/indir/KiCad/zynq_a9_mb/software/FPGA_VIVADO/Platform/Platform.gen/sources_1/bd/design_1/ip/design_1_smartconnect_1_0/bd_0/ip/ip_37/synth/bd_88fd_m01wn_0.sv:58]
INFO: [Synth 8-6155] done synthesizing module 'm01_nodes_imp_XHW5BX' (44#1) [/home/indir/KiCad/zynq_a9_mb/software/FPGA_VIVADO/Platform/Platform.gen/sources_1/bd/design_1/ip/design_1_smartconnect_1_0/bd_0/synth/bd_88fd.v:3412]
INFO: [Synth 8-6157] synthesizing module 'bd_88fd_m01s2a_0' [/home/indir/KiCad/zynq_a9_mb/software/FPGA_VIVADO/Platform/Platform.gen/sources_1/bd/design_1/ip/design_1_smartconnect_1_0/bd_0/ip/ip_33/synth/bd_88fd_m01s2a_0.sv:58]
INFO: [Synth 8-6155] done synthesizing module 'bd_88fd_m01s2a_0' (45#1) [/home/indir/KiCad/zynq_a9_mb/software/FPGA_VIVADO/Platform/Platform.gen/sources_1/bd/design_1/ip/design_1_smartconnect_1_0/bd_0/ip/ip_33/synth/bd_88fd_m01s2a_0.sv:58]
INFO: [Synth 8-6157] synthesizing module 'm02_exit_pipeline_imp_178ITK7' [/home/indir/KiCad/zynq_a9_mb/software/FPGA_VIVADO/Platform/Platform.gen/sources_1/bd/design_1/ip/design_1_smartconnect_1_0/bd_0/synth/bd_88fd.v:3708]
INFO: [Synth 8-6157] synthesizing module 'bd_88fd_m02e_0' [/home/indir/KiCad/zynq_a9_mb/software/FPGA_VIVADO/Platform/Platform.gen/sources_1/bd/design_1/ip/design_1_smartconnect_1_0/bd_0/ip/ip_46/synth/bd_88fd_m02e_0.sv:58]
INFO: [Synth 8-6155] done synthesizing module 'bd_88fd_m02e_0' (46#1) [/home/indir/KiCad/zynq_a9_mb/software/FPGA_VIVADO/Platform/Platform.gen/sources_1/bd/design_1/ip/design_1_smartconnect_1_0/bd_0/ip/ip_46/synth/bd_88fd_m02e_0.sv:58]
INFO: [Synth 8-6155] done synthesizing module 'm02_exit_pipeline_imp_178ITK7' (47#1) [/home/indir/KiCad/zynq_a9_mb/software/FPGA_VIVADO/Platform/Platform.gen/sources_1/bd/design_1/ip/design_1_smartconnect_1_0/bd_0/synth/bd_88fd.v:3708]
INFO: [Synth 8-6157] synthesizing module 'm02_nodes_imp_1CEL2E' [/home/indir/KiCad/zynq_a9_mb/software/FPGA_VIVADO/Platform/Platform.gen/sources_1/bd/design_1/ip/design_1_smartconnect_1_0/bd_0/synth/bd_88fd.v:4009]
INFO: [Synth 8-6157] synthesizing module 'bd_88fd_m02arn_0' [/home/indir/KiCad/zynq_a9_mb/software/FPGA_VIVADO/Platform/Platform.gen/sources_1/bd/design_1/ip/design_1_smartconnect_1_0/bd_0/ip/ip_41/synth/bd_88fd_m02arn_0.sv:58]
INFO: [Synth 8-6155] done synthesizing module 'bd_88fd_m02arn_0' (48#1) [/home/indir/KiCad/zynq_a9_mb/software/FPGA_VIVADO/Platform/Platform.gen/sources_1/bd/design_1/ip/design_1_smartconnect_1_0/bd_0/ip/ip_41/synth/bd_88fd_m02arn_0.sv:58]
INFO: [Synth 8-6157] synthesizing module 'bd_88fd_m02awn_0' [/home/indir/KiCad/zynq_a9_mb/software/FPGA_VIVADO/Platform/Platform.gen/sources_1/bd/design_1/ip/design_1_smartconnect_1_0/bd_0/ip/ip_43/synth/bd_88fd_m02awn_0.sv:58]
INFO: [Synth 8-6155] done synthesizing module 'bd_88fd_m02awn_0' (49#1) [/home/indir/KiCad/zynq_a9_mb/software/FPGA_VIVADO/Platform/Platform.gen/sources_1/bd/design_1/ip/design_1_smartconnect_1_0/bd_0/ip/ip_43/synth/bd_88fd_m02awn_0.sv:58]
INFO: [Synth 8-6157] synthesizing module 'bd_88fd_m02bn_0' [/home/indir/KiCad/zynq_a9_mb/software/FPGA_VIVADO/Platform/Platform.gen/sources_1/bd/design_1/ip/design_1_smartconnect_1_0/bd_0/ip/ip_45/synth/bd_88fd_m02bn_0.sv:58]
INFO: [Synth 8-6155] done synthesizing module 'bd_88fd_m02bn_0' (50#1) [/home/indir/KiCad/zynq_a9_mb/software/FPGA_VIVADO/Platform/Platform.gen/sources_1/bd/design_1/ip/design_1_smartconnect_1_0/bd_0/ip/ip_45/synth/bd_88fd_m02bn_0.sv:58]
INFO: [Synth 8-6157] synthesizing module 'bd_88fd_m02rn_0' [/home/indir/KiCad/zynq_a9_mb/software/FPGA_VIVADO/Platform/Platform.gen/sources_1/bd/design_1/ip/design_1_smartconnect_1_0/bd_0/ip/ip_42/synth/bd_88fd_m02rn_0.sv:58]
INFO: [Synth 8-6155] done synthesizing module 'bd_88fd_m02rn_0' (51#1) [/home/indir/KiCad/zynq_a9_mb/software/FPGA_VIVADO/Platform/Platform.gen/sources_1/bd/design_1/ip/design_1_smartconnect_1_0/bd_0/ip/ip_42/synth/bd_88fd_m02rn_0.sv:58]
INFO: [Synth 8-6157] synthesizing module 'bd_88fd_m02wn_0' [/home/indir/KiCad/zynq_a9_mb/software/FPGA_VIVADO/Platform/Platform.gen/sources_1/bd/design_1/ip/design_1_smartconnect_1_0/bd_0/ip/ip_44/synth/bd_88fd_m02wn_0.sv:58]
INFO: [Synth 8-6155] done synthesizing module 'bd_88fd_m02wn_0' (52#1) [/home/indir/KiCad/zynq_a9_mb/software/FPGA_VIVADO/Platform/Platform.gen/sources_1/bd/design_1/ip/design_1_smartconnect_1_0/bd_0/ip/ip_44/synth/bd_88fd_m02wn_0.sv:58]
INFO: [Synth 8-6155] done synthesizing module 'm02_nodes_imp_1CEL2E' (53#1) [/home/indir/KiCad/zynq_a9_mb/software/FPGA_VIVADO/Platform/Platform.gen/sources_1/bd/design_1/ip/design_1_smartconnect_1_0/bd_0/synth/bd_88fd.v:4009]
INFO: [Synth 8-6157] synthesizing module 'bd_88fd_m02s2a_0' [/home/indir/KiCad/zynq_a9_mb/software/FPGA_VIVADO/Platform/Platform.gen/sources_1/bd/design_1/ip/design_1_smartconnect_1_0/bd_0/ip/ip_40/synth/bd_88fd_m02s2a_0.sv:58]
INFO: [Synth 8-6155] done synthesizing module 'bd_88fd_m02s2a_0' (54#1) [/home/indir/KiCad/zynq_a9_mb/software/FPGA_VIVADO/Platform/Platform.gen/sources_1/bd/design_1/ip/design_1_smartconnect_1_0/bd_0/ip/ip_40/synth/bd_88fd_m02s2a_0.sv:58]
INFO: [Synth 8-6157] synthesizing module 'bd_88fd_s00a2s_0' [/home/indir/KiCad/zynq_a9_mb/software/FPGA_VIVADO/Platform/Platform.gen/sources_1/bd/design_1/ip/design_1_smartconnect_1_0/bd_0/ip/ip_20/synth/bd_88fd_s00a2s_0.sv:58]
INFO: [Synth 8-6155] done synthesizing module 'bd_88fd_s00a2s_0' (56#1) [/home/indir/KiCad/zynq_a9_mb/software/FPGA_VIVADO/Platform/Platform.gen/sources_1/bd/design_1/ip/design_1_smartconnect_1_0/bd_0/ip/ip_20/synth/bd_88fd_s00a2s_0.sv:58]
INFO: [Synth 8-6157] synthesizing module 's00_entry_pipeline_imp_F6210K' [/home/indir/KiCad/zynq_a9_mb/software/FPGA_VIVADO/Platform/Platform.gen/sources_1/bd/design_1/ip/design_1_smartconnect_1_0/bd_0/synth/bd_88fd.v:4305]
INFO: [Synth 8-6157] synthesizing module 'bd_88fd_s00mmu_0' [/home/indir/KiCad/zynq_a9_mb/software/FPGA_VIVADO/Platform/Platform.gen/sources_1/bd/design_1/ip/design_1_smartconnect_1_0/bd_0/ip/ip_17/synth/bd_88fd_s00mmu_0.sv:59]
INFO: [Synth 8-6155] done synthesizing module 'bd_88fd_s00mmu_0' (61#1) [/home/indir/KiCad/zynq_a9_mb/software/FPGA_VIVADO/Platform/Platform.gen/sources_1/bd/design_1/ip/design_1_smartconnect_1_0/bd_0/ip/ip_17/synth/bd_88fd_s00mmu_0.sv:59]
INFO: [Synth 8-6157] synthesizing module 'bd_88fd_s00sic_0' [/home/indir/KiCad/zynq_a9_mb/software/FPGA_VIVADO/Platform/Platform.gen/sources_1/bd/design_1/ip/design_1_smartconnect_1_0/bd_0/ip/ip_19/synth/bd_88fd_s00sic_0.sv:59]
INFO: [Synth 8-6155] done synthesizing module 'bd_88fd_s00sic_0' (64#1) [/home/indir/KiCad/zynq_a9_mb/software/FPGA_VIVADO/Platform/Platform.gen/sources_1/bd/design_1/ip/design_1_smartconnect_1_0/bd_0/ip/ip_19/synth/bd_88fd_s00sic_0.sv:59]
INFO: [Synth 8-6157] synthesizing module 'bd_88fd_s00tr_0' [/home/indir/KiCad/zynq_a9_mb/software/FPGA_VIVADO/Platform/Platform.gen/sources_1/bd/design_1/ip/design_1_smartconnect_1_0/bd_0/ip/ip_18/synth/bd_88fd_s00tr_0.sv:58]
INFO: [Synth 8-6155] done synthesizing module 'bd_88fd_s00tr_0' (67#1) [/home/indir/KiCad/zynq_a9_mb/software/FPGA_VIVADO/Platform/Platform.gen/sources_1/bd/design_1/ip/design_1_smartconnect_1_0/bd_0/ip/ip_18/synth/bd_88fd_s00tr_0.sv:58]
INFO: [Synth 8-6155] done synthesizing module 's00_entry_pipeline_imp_F6210K' (68#1) [/home/indir/KiCad/zynq_a9_mb/software/FPGA_VIVADO/Platform/Platform.gen/sources_1/bd/design_1/ip/design_1_smartconnect_1_0/bd_0/synth/bd_88fd.v:4305]
INFO: [Synth 8-6157] synthesizing module 's00_nodes_imp_9QDCJI' [/home/indir/KiCad/zynq_a9_mb/software/FPGA_VIVADO/Platform/Platform.gen/sources_1/bd/design_1/ip/design_1_smartconnect_1_0/bd_0/synth/bd_88fd.v:4959]
INFO: [Synth 8-6157] synthesizing module 'bd_88fd_sarn_0' [/home/indir/KiCad/zynq_a9_mb/software/FPGA_VIVADO/Platform/Platform.gen/sources_1/bd/design_1/ip/design_1_smartconnect_1_0/bd_0/ip/ip_21/synth/bd_88fd_sarn_0.sv:58]
INFO: [Synth 8-6155] done synthesizing module 'bd_88fd_sarn_0' (69#1) [/home/indir/KiCad/zynq_a9_mb/software/FPGA_VIVADO/Platform/Platform.gen/sources_1/bd/design_1/ip/design_1_smartconnect_1_0/bd_0/ip/ip_21/synth/bd_88fd_sarn_0.sv:58]
INFO: [Synth 8-6157] synthesizing module 'bd_88fd_sawn_0' [/home/indir/KiCad/zynq_a9_mb/software/FPGA_VIVADO/Platform/Platform.gen/sources_1/bd/design_1/ip/design_1_smartconnect_1_0/bd_0/ip/ip_23/synth/bd_88fd_sawn_0.sv:58]
INFO: [Synth 8-6155] done synthesizing module 'bd_88fd_sawn_0' (70#1) [/home/indir/KiCad/zynq_a9_mb/software/FPGA_VIVADO/Platform/Platform.gen/sources_1/bd/design_1/ip/design_1_smartconnect_1_0/bd_0/ip/ip_23/synth/bd_88fd_sawn_0.sv:58]
INFO: [Synth 8-6157] synthesizing module 'bd_88fd_sbn_0' [/home/indir/KiCad/zynq_a9_mb/software/FPGA_VIVADO/Platform/Platform.gen/sources_1/bd/design_1/ip/design_1_smartconnect_1_0/bd_0/ip/ip_25/synth/bd_88fd_sbn_0.sv:58]
INFO: [Synth 8-6155] done synthesizing module 'bd_88fd_sbn_0' (71#1) [/home/indir/KiCad/zynq_a9_mb/software/FPGA_VIVADO/Platform/Platform.gen/sources_1/bd/design_1/ip/design_1_smartconnect_1_0/bd_0/ip/ip_25/synth/bd_88fd_sbn_0.sv:58]
INFO: [Synth 8-6157] synthesizing module 'bd_88fd_srn_0' [/home/indir/KiCad/zynq_a9_mb/software/FPGA_VIVADO/Platform/Platform.gen/sources_1/bd/design_1/ip/design_1_smartconnect_1_0/bd_0/ip/ip_22/synth/bd_88fd_srn_0.sv:58]
INFO: [Synth 8-6155] done synthesizing module 'bd_88fd_srn_0' (72#1) [/home/indir/KiCad/zynq_a9_mb/software/FPGA_VIVADO/Platform/Platform.gen/sources_1/bd/design_1/ip/design_1_smartconnect_1_0/bd_0/ip/ip_22/synth/bd_88fd_srn_0.sv:58]
INFO: [Synth 8-6157] synthesizing module 'bd_88fd_swn_0' [/home/indir/KiCad/zynq_a9_mb/software/FPGA_VIVADO/Platform/Platform.gen/sources_1/bd/design_1/ip/design_1_smartconnect_1_0/bd_0/ip/ip_24/synth/bd_88fd_swn_0.sv:58]
INFO: [Synth 8-6155] done synthesizing module 'bd_88fd_swn_0' (73#1) [/home/indir/KiCad/zynq_a9_mb/software/FPGA_VIVADO/Platform/Platform.gen/sources_1/bd/design_1/ip/design_1_smartconnect_1_0/bd_0/ip/ip_24/synth/bd_88fd_swn_0.sv:58]
INFO: [Synth 8-6155] done synthesizing module 's00_nodes_imp_9QDCJI' (74#1) [/home/indir/KiCad/zynq_a9_mb/software/FPGA_VIVADO/Platform/Platform.gen/sources_1/bd/design_1/ip/design_1_smartconnect_1_0/bd_0/synth/bd_88fd.v:4959]
INFO: [Synth 8-6157] synthesizing module 'switchboards_imp_K834X6' [/home/indir/KiCad/zynq_a9_mb/software/FPGA_VIVADO/Platform/Platform.gen/sources_1/bd/design_1/ip/design_1_smartconnect_1_0/bd_0/synth/bd_88fd.v:5255]
INFO: [Synth 8-6157] synthesizing module 'bd_88fd_arinsw_0' [/home/indir/KiCad/zynq_a9_mb/software/FPGA_VIVADO/Platform/Platform.gen/sources_1/bd/design_1/ip/design_1_smartconnect_1_0/bd_0/ip/ip_2/synth/bd_88fd_arinsw_0.sv:57]
INFO: [Synth 8-6155] done synthesizing module 'bd_88fd_arinsw_0' (77#1) [/home/indir/KiCad/zynq_a9_mb/software/FPGA_VIVADO/Platform/Platform.gen/sources_1/bd/design_1/ip/design_1_smartconnect_1_0/bd_0/ip/ip_2/synth/bd_88fd_arinsw_0.sv:57]
INFO: [Synth 8-6157] synthesizing module 'bd_88fd_aroutsw_0' [/home/indir/KiCad/zynq_a9_mb/software/FPGA_VIVADO/Platform/Platform.gen/sources_1/bd/design_1/ip/design_1_smartconnect_1_0/bd_0/ip/ip_7/synth/bd_88fd_aroutsw_0.sv:57]
INFO: [Synth 8-6155] done synthesizing module 'bd_88fd_aroutsw_0' (78#1) [/home/indir/KiCad/zynq_a9_mb/software/FPGA_VIVADO/Platform/Platform.gen/sources_1/bd/design_1/ip/design_1_smartconnect_1_0/bd_0/ip/ip_7/synth/bd_88fd_aroutsw_0.sv:57]
INFO: [Synth 8-6157] synthesizing module 'bd_88fd_awinsw_0' [/home/indir/KiCad/zynq_a9_mb/software/FPGA_VIVADO/Platform/Platform.gen/sources_1/bd/design_1/ip/design_1_smartconnect_1_0/bd_0/ip/ip_4/synth/bd_88fd_awinsw_0.sv:57]
INFO: [Synth 8-6155] done synthesizing module 'bd_88fd_awinsw_0' (79#1) [/home/indir/KiCad/zynq_a9_mb/software/FPGA_VIVADO/Platform/Platform.gen/sources_1/bd/design_1/ip/design_1_smartconnect_1_0/bd_0/ip/ip_4/synth/bd_88fd_awinsw_0.sv:57]
INFO: [Synth 8-6157] synthesizing module 'bd_88fd_awoutsw_0' [/home/indir/KiCad/zynq_a9_mb/software/FPGA_VIVADO/Platform/Platform.gen/sources_1/bd/design_1/ip/design_1_smartconnect_1_0/bd_0/ip/ip_9/synth/bd_88fd_awoutsw_0.sv:57]
INFO: [Synth 8-6155] done synthesizing module 'bd_88fd_awoutsw_0' (80#1) [/home/indir/KiCad/zynq_a9_mb/software/FPGA_VIVADO/Platform/Platform.gen/sources_1/bd/design_1/ip/design_1_smartconnect_1_0/bd_0/ip/ip_9/synth/bd_88fd_awoutsw_0.sv:57]
INFO: [Synth 8-6157] synthesizing module 'bd_88fd_binsw_0' [/home/indir/KiCad/zynq_a9_mb/software/FPGA_VIVADO/Platform/Platform.gen/sources_1/bd/design_1/ip/design_1_smartconnect_1_0/bd_0/ip/ip_6/synth/bd_88fd_binsw_0.sv:57]
INFO: [Synth 8-6155] done synthesizing module 'bd_88fd_binsw_0' (81#1) [/home/indir/KiCad/zynq_a9_mb/software/FPGA_VIVADO/Platform/Platform.gen/sources_1/bd/design_1/ip/design_1_smartconnect_1_0/bd_0/ip/ip_6/synth/bd_88fd_binsw_0.sv:57]
INFO: [Synth 8-6157] synthesizing module 'bd_88fd_boutsw_0' [/home/indir/KiCad/zynq_a9_mb/software/FPGA_VIVADO/Platform/Platform.gen/sources_1/bd/design_1/ip/design_1_smartconnect_1_0/bd_0/ip/ip_11/synth/bd_88fd_boutsw_0.sv:57]
INFO: [Synth 8-6155] done synthesizing module 'bd_88fd_boutsw_0' (82#1) [/home/indir/KiCad/zynq_a9_mb/software/FPGA_VIVADO/Platform/Platform.gen/sources_1/bd/design_1/ip/design_1_smartconnect_1_0/bd_0/ip/ip_11/synth/bd_88fd_boutsw_0.sv:57]
INFO: [Synth 8-6157] synthesizing module 'i_nodes_imp_1320MTU' [/home/indir/KiCad/zynq_a9_mb/software/FPGA_VIVADO/Platform/Platform.gen/sources_1/bd/design_1/ip/design_1_smartconnect_1_0/bd_0/synth/bd_88fd.v:2218]
INFO: [Synth 8-6157] synthesizing module 'bd_88fd_arni_0' [/home/indir/KiCad/zynq_a9_mb/software/FPGA_VIVADO/Platform/Platform.gen/sources_1/bd/design_1/ip/design_1_smartconnect_1_0/bd_0/ip/ip_12/synth/bd_88fd_arni_0.sv:58]
INFO: [Synth 8-6155] done synthesizing module 'bd_88fd_arni_0' (87#1) [/home/indir/KiCad/zynq_a9_mb/software/FPGA_VIVADO/Platform/Platform.gen/sources_1/bd/design_1/ip/design_1_smartconnect_1_0/bd_0/ip/ip_12/synth/bd_88fd_arni_0.sv:58]
INFO: [Synth 8-6157] synthesizing module 'bd_88fd_awni_0' [/home/indir/KiCad/zynq_a9_mb/software/FPGA_VIVADO/Platform/Platform.gen/sources_1/bd/design_1/ip/design_1_smartconnect_1_0/bd_0/ip/ip_14/synth/bd_88fd_awni_0.sv:58]
INFO: [Synth 8-6155] done synthesizing module 'bd_88fd_awni_0' (88#1) [/home/indir/KiCad/zynq_a9_mb/software/FPGA_VIVADO/Platform/Platform.gen/sources_1/bd/design_1/ip/design_1_smartconnect_1_0/bd_0/ip/ip_14/synth/bd_88fd_awni_0.sv:58]
INFO: [Synth 8-6157] synthesizing module 'bd_88fd_bni_0' [/home/indir/KiCad/zynq_a9_mb/software/FPGA_VIVADO/Platform/Platform.gen/sources_1/bd/design_1/ip/design_1_smartconnect_1_0/bd_0/ip/ip_16/synth/bd_88fd_bni_0.sv:58]
INFO: [Synth 8-6155] done synthesizing module 'bd_88fd_bni_0' (91#1) [/home/indir/KiCad/zynq_a9_mb/software/FPGA_VIVADO/Platform/Platform.gen/sources_1/bd/design_1/ip/design_1_smartconnect_1_0/bd_0/ip/ip_16/synth/bd_88fd_bni_0.sv:58]
INFO: [Synth 8-6157] synthesizing module 'bd_88fd_rni_0' [/home/indir/KiCad/zynq_a9_mb/software/FPGA_VIVADO/Platform/Platform.gen/sources_1/bd/design_1/ip/design_1_smartconnect_1_0/bd_0/ip/ip_13/synth/bd_88fd_rni_0.sv:58]
INFO: [Synth 8-6155] done synthesizing module 'bd_88fd_rni_0' (92#1) [/home/indir/KiCad/zynq_a9_mb/software/FPGA_VIVADO/Platform/Platform.gen/sources_1/bd/design_1/ip/design_1_smartconnect_1_0/bd_0/ip/ip_13/synth/bd_88fd_rni_0.sv:58]
INFO: [Synth 8-6157] synthesizing module 'bd_88fd_wni_0' [/home/indir/KiCad/zynq_a9_mb/software/FPGA_VIVADO/Platform/Platform.gen/sources_1/bd/design_1/ip/design_1_smartconnect_1_0/bd_0/ip/ip_15/synth/bd_88fd_wni_0.sv:58]
INFO: [Synth 8-6155] done synthesizing module 'bd_88fd_wni_0' (93#1) [/home/indir/KiCad/zynq_a9_mb/software/FPGA_VIVADO/Platform/Platform.gen/sources_1/bd/design_1/ip/design_1_smartconnect_1_0/bd_0/ip/ip_15/synth/bd_88fd_wni_0.sv:58]
INFO: [Synth 8-6155] done synthesizing module 'i_nodes_imp_1320MTU' (94#1) [/home/indir/KiCad/zynq_a9_mb/software/FPGA_VIVADO/Platform/Platform.gen/sources_1/bd/design_1/ip/design_1_smartconnect_1_0/bd_0/synth/bd_88fd.v:2218]
INFO: [Synth 8-6157] synthesizing module 'bd_88fd_rinsw_0' [/home/indir/KiCad/zynq_a9_mb/software/FPGA_VIVADO/Platform/Platform.gen/sources_1/bd/design_1/ip/design_1_smartconnect_1_0/bd_0/ip/ip_3/synth/bd_88fd_rinsw_0.sv:57]
INFO: [Synth 8-6155] done synthesizing module 'bd_88fd_rinsw_0' (95#1) [/home/indir/KiCad/zynq_a9_mb/software/FPGA_VIVADO/Platform/Platform.gen/sources_1/bd/design_1/ip/design_1_smartconnect_1_0/bd_0/ip/ip_3/synth/bd_88fd_rinsw_0.sv:57]
INFO: [Synth 8-6157] synthesizing module 'bd_88fd_routsw_0' [/home/indir/KiCad/zynq_a9_mb/software/FPGA_VIVADO/Platform/Platform.gen/sources_1/bd/design_1/ip/design_1_smartconnect_1_0/bd_0/ip/ip_8/synth/bd_88fd_routsw_0.sv:57]
INFO: [Synth 8-6155] done synthesizing module 'bd_88fd_routsw_0' (96#1) [/home/indir/KiCad/zynq_a9_mb/software/FPGA_VIVADO/Platform/Platform.gen/sources_1/bd/design_1/ip/design_1_smartconnect_1_0/bd_0/ip/ip_8/synth/bd_88fd_routsw_0.sv:57]
INFO: [Synth 8-6157] synthesizing module 'bd_88fd_winsw_0' [/home/indir/KiCad/zynq_a9_mb/software/FPGA_VIVADO/Platform/Platform.gen/sources_1/bd/design_1/ip/design_1_smartconnect_1_0/bd_0/ip/ip_5/synth/bd_88fd_winsw_0.sv:57]
INFO: [Synth 8-6155] done synthesizing module 'bd_88fd_winsw_0' (97#1) [/home/indir/KiCad/zynq_a9_mb/software/FPGA_VIVADO/Platform/Platform.gen/sources_1/bd/design_1/ip/design_1_smartconnect_1_0/bd_0/ip/ip_5/synth/bd_88fd_winsw_0.sv:57]
INFO: [Synth 8-6157] synthesizing module 'bd_88fd_woutsw_0' [/home/indir/KiCad/zynq_a9_mb/software/FPGA_VIVADO/Platform/Platform.gen/sources_1/bd/design_1/ip/design_1_smartconnect_1_0/bd_0/ip/ip_10/synth/bd_88fd_woutsw_0.sv:57]
INFO: [Synth 8-6155] done synthesizing module 'bd_88fd_woutsw_0' (98#1) [/home/indir/KiCad/zynq_a9_mb/software/FPGA_VIVADO/Platform/Platform.gen/sources_1/bd/design_1/ip/design_1_smartconnect_1_0/bd_0/ip/ip_10/synth/bd_88fd_woutsw_0.sv:57]
INFO: [Synth 8-6155] done synthesizing module 'switchboards_imp_K834X6' (99#1) [/home/indir/KiCad/zynq_a9_mb/software/FPGA_VIVADO/Platform/Platform.gen/sources_1/bd/design_1/ip/design_1_smartconnect_1_0/bd_0/synth/bd_88fd.v:5255]
WARNING: [Synth 8-7071] port 'M03_SC_AR_info' of module 'switchboards_imp_K834X6' is unconnected for instance 'switchboards' [/home/indir/KiCad/zynq_a9_mb/software/FPGA_VIVADO/Platform/Platform.gen/sources_1/bd/design_1/ip/design_1_smartconnect_1_0/bd_0/synth/bd_88fd.v:1953]
WARNING: [Synth 8-7071] port 'M03_SC_AR_payld' of module 'switchboards_imp_K834X6' is unconnected for instance 'switchboards' [/home/indir/KiCad/zynq_a9_mb/software/FPGA_VIVADO/Platform/Platform.gen/sources_1/bd/design_1/ip/design_1_smartconnect_1_0/bd_0/synth/bd_88fd.v:1953]
WARNING: [Synth 8-7071] port 'M03_SC_AR_req' of module 'switchboards_imp_K834X6' is unconnected for instance 'switchboards' [/home/indir/KiCad/zynq_a9_mb/software/FPGA_VIVADO/Platform/Platform.gen/sources_1/bd/design_1/ip/design_1_smartconnect_1_0/bd_0/synth/bd_88fd.v:1953]
WARNING: [Synth 8-7071] port 'M03_SC_AR_send' of module 'switchboards_imp_K834X6' is unconnected for instance 'switchboards' [/home/indir/KiCad/zynq_a9_mb/software/FPGA_VIVADO/Platform/Platform.gen/sources_1/bd/design_1/ip/design_1_smartconnect_1_0/bd_0/synth/bd_88fd.v:1953]
WARNING: [Synth 8-7071] port 'M03_SC_AW_info' of module 'switchboards_imp_K834X6' is unconnected for instance 'switchboards' [/home/indir/KiCad/zynq_a9_mb/software/FPGA_VIVADO/Platform/Platform.gen/sources_1/bd/design_1/ip/design_1_smartconnect_1_0/bd_0/synth/bd_88fd.v:1953]
WARNING: [Synth 8-7071] port 'M03_SC_AW_payld' of module 'switchboards_imp_K834X6' is unconnected for instance 'switchboards' [/home/indir/KiCad/zynq_a9_mb/software/FPGA_VIVADO/Platform/Platform.gen/sources_1/bd/design_1/ip/design_1_smartconnect_1_0/bd_0/synth/bd_88fd.v:1953]
WARNING: [Synth 8-7071] port 'M03_SC_AW_req' of module 'switchboards_imp_K834X6' is unconnected for instance 'switchboards' [/home/indir/KiCad/zynq_a9_mb/software/FPGA_VIVADO/Platform/Platform.gen/sources_1/bd/design_1/ip/design_1_smartconnect_1_0/bd_0/synth/bd_88fd.v:1953]
WARNING: [Synth 8-7071] port 'M03_SC_AW_send' of module 'switchboards_imp_K834X6' is unconnected for instance 'switchboards' [/home/indir/KiCad/zynq_a9_mb/software/FPGA_VIVADO/Platform/Platform.gen/sources_1/bd/design_1/ip/design_1_smartconnect_1_0/bd_0/synth/bd_88fd.v:1953]
WARNING: [Synth 8-7071] port 'M03_SC_W_info' of module 'switchboards_imp_K834X6' is unconnected for instance 'switchboards' [/home/indir/KiCad/zynq_a9_mb/software/FPGA_VIVADO/Platform/Platform.gen/sources_1/bd/design_1/ip/design_1_smartconnect_1_0/bd_0/synth/bd_88fd.v:1953]
WARNING: [Synth 8-7071] port 'M03_SC_W_payld' of module 'switchboards_imp_K834X6' is unconnected for instance 'switchboards' [/home/indir/KiCad/zynq_a9_mb/software/FPGA_VIVADO/Platform/Platform.gen/sources_1/bd/design_1/ip/design_1_smartconnect_1_0/bd_0/synth/bd_88fd.v:1953]
WARNING: [Synth 8-7071] port 'M03_SC_W_req' of module 'switchboards_imp_K834X6' is unconnected for instance 'switchboards' [/home/indir/KiCad/zynq_a9_mb/software/FPGA_VIVADO/Platform/Platform.gen/sources_1/bd/design_1/ip/design_1_smartconnect_1_0/bd_0/synth/bd_88fd.v:1953]
WARNING: [Synth 8-7071] port 'M03_SC_W_send' of module 'switchboards_imp_K834X6' is unconnected for instance 'switchboards' [/home/indir/KiCad/zynq_a9_mb/software/FPGA_VIVADO/Platform/Platform.gen/sources_1/bd/design_1/ip/design_1_smartconnect_1_0/bd_0/synth/bd_88fd.v:1953]
WARNING: [Synth 8-7071] port 'M04_SC_AR_info' of module 'switchboards_imp_K834X6' is unconnected for instance 'switchboards' [/home/indir/KiCad/zynq_a9_mb/software/FPGA_VIVADO/Platform/Platform.gen/sources_1/bd/design_1/ip/design_1_smartconnect_1_0/bd_0/synth/bd_88fd.v:1953]
WARNING: [Synth 8-7071] port 'M04_SC_AR_payld' of module 'switchboards_imp_K834X6' is unconnected for instance 'switchboards' [/home/indir/KiCad/zynq_a9_mb/software/FPGA_VIVADO/Platform/Platform.gen/sources_1/bd/design_1/ip/design_1_smartconnect_1_0/bd_0/synth/bd_88fd.v:1953]
WARNING: [Synth 8-7071] port 'M04_SC_AR_req' of module 'switchboards_imp_K834X6' is unconnected for instance 'switchboards' [/home/indir/KiCad/zynq_a9_mb/software/FPGA_VIVADO/Platform/Platform.gen/sources_1/bd/design_1/ip/design_1_smartconnect_1_0/bd_0/synth/bd_88fd.v:1953]
WARNING: [Synth 8-7071] port 'M04_SC_AR_send' of module 'switchboards_imp_K834X6' is unconnected for instance 'switchboards' [/home/indir/KiCad/zynq_a9_mb/software/FPGA_VIVADO/Platform/Platform.gen/sources_1/bd/design_1/ip/design_1_smartconnect_1_0/bd_0/synth/bd_88fd.v:1953]
WARNING: [Synth 8-7071] port 'M04_SC_AW_info' of module 'switchboards_imp_K834X6' is unconnected for instance 'switchboards' [/home/indir/KiCad/zynq_a9_mb/software/FPGA_VIVADO/Platform/Platform.gen/sources_1/bd/design_1/ip/design_1_smartconnect_1_0/bd_0/synth/bd_88fd.v:1953]
WARNING: [Synth 8-7071] port 'M04_SC_AW_payld' of module 'switchboards_imp_K834X6' is unconnected for instance 'switchboards' [/home/indir/KiCad/zynq_a9_mb/software/FPGA_VIVADO/Platform/Platform.gen/sources_1/bd/design_1/ip/design_1_smartconnect_1_0/bd_0/synth/bd_88fd.v:1953]
WARNING: [Synth 8-7071] port 'M04_SC_AW_req' of module 'switchboards_imp_K834X6' is unconnected for instance 'switchboards' [/home/indir/KiCad/zynq_a9_mb/software/FPGA_VIVADO/Platform/Platform.gen/sources_1/bd/design_1/ip/design_1_smartconnect_1_0/bd_0/synth/bd_88fd.v:1953]
WARNING: [Synth 8-7071] port 'M04_SC_AW_send' of module 'switchboards_imp_K834X6' is unconnected for instance 'switchboards' [/home/indir/KiCad/zynq_a9_mb/software/FPGA_VIVADO/Platform/Platform.gen/sources_1/bd/design_1/ip/design_1_smartconnect_1_0/bd_0/synth/bd_88fd.v:1953]
WARNING: [Synth 8-7071] port 'M04_SC_W_info' of module 'switchboards_imp_K834X6' is unconnected for instance 'switchboards' [/home/indir/KiCad/zynq_a9_mb/software/FPGA_VIVADO/Platform/Platform.gen/sources_1/bd/design_1/ip/design_1_smartconnect_1_0/bd_0/synth/bd_88fd.v:1953]
WARNING: [Synth 8-7071] port 'M04_SC_W_payld' of module 'switchboards_imp_K834X6' is unconnected for instance 'switchboards' [/home/indir/KiCad/zynq_a9_mb/software/FPGA_VIVADO/Platform/Platform.gen/sources_1/bd/design_1/ip/design_1_smartconnect_1_0/bd_0/synth/bd_88fd.v:1953]
WARNING: [Synth 8-7071] port 'M04_SC_W_req' of module 'switchboards_imp_K834X6' is unconnected for instance 'switchboards' [/home/indir/KiCad/zynq_a9_mb/software/FPGA_VIVADO/Platform/Platform.gen/sources_1/bd/design_1/ip/design_1_smartconnect_1_0/bd_0/synth/bd_88fd.v:1953]
WARNING: [Synth 8-7071] port 'M04_SC_W_send' of module 'switchboards_imp_K834X6' is unconnected for instance 'switchboards' [/home/indir/KiCad/zynq_a9_mb/software/FPGA_VIVADO/Platform/Platform.gen/sources_1/bd/design_1/ip/design_1_smartconnect_1_0/bd_0/synth/bd_88fd.v:1953]
WARNING: [Synth 8-7071] port 'M05_SC_AR_info' of module 'switchboards_imp_K834X6' is unconnected for instance 'switchboards' [/home/indir/KiCad/zynq_a9_mb/software/FPGA_VIVADO/Platform/Platform.gen/sources_1/bd/design_1/ip/design_1_smartconnect_1_0/bd_0/synth/bd_88fd.v:1953]
WARNING: [Synth 8-7071] port 'M05_SC_AR_payld' of module 'switchboards_imp_K834X6' is unconnected for instance 'switchboards' [/home/indir/KiCad/zynq_a9_mb/software/FPGA_VIVADO/Platform/Platform.gen/sources_1/bd/design_1/ip/design_1_smartconnect_1_0/bd_0/synth/bd_88fd.v:1953]
WARNING: [Synth 8-7071] port 'M05_SC_AR_req' of module 'switchboards_imp_K834X6' is unconnected for instance 'switchboards' [/home/indir/KiCad/zynq_a9_mb/software/FPGA_VIVADO/Platform/Platform.gen/sources_1/bd/design_1/ip/design_1_smartconnect_1_0/bd_0/synth/bd_88fd.v:1953]
WARNING: [Synth 8-7071] port 'M05_SC_AR_send' of module 'switchboards_imp_K834X6' is unconnected for instance 'switchboards' [/home/indir/KiCad/zynq_a9_mb/software/FPGA_VIVADO/Platform/Platform.gen/sources_1/bd/design_1/ip/design_1_smartconnect_1_0/bd_0/synth/bd_88fd.v:1953]
WARNING: [Synth 8-7071] port 'M05_SC_AW_info' of module 'switchboards_imp_K834X6' is unconnected for instance 'switchboards' [/home/indir/KiCad/zynq_a9_mb/software/FPGA_VIVADO/Platform/Platform.gen/sources_1/bd/design_1/ip/design_1_smartconnect_1_0/bd_0/synth/bd_88fd.v:1953]
WARNING: [Synth 8-7071] port 'M05_SC_AW_payld' of module 'switchboards_imp_K834X6' is unconnected for instance 'switchboards' [/home/indir/KiCad/zynq_a9_mb/software/FPGA_VIVADO/Platform/Platform.gen/sources_1/bd/design_1/ip/design_1_smartconnect_1_0/bd_0/synth/bd_88fd.v:1953]
WARNING: [Synth 8-7071] port 'M05_SC_AW_req' of module 'switchboards_imp_K834X6' is unconnected for instance 'switchboards' [/home/indir/KiCad/zynq_a9_mb/software/FPGA_VIVADO/Platform/Platform.gen/sources_1/bd/design_1/ip/design_1_smartconnect_1_0/bd_0/synth/bd_88fd.v:1953]
WARNING: [Synth 8-7071] port 'M05_SC_AW_send' of module 'switchboards_imp_K834X6' is unconnected for instance 'switchboards' [/home/indir/KiCad/zynq_a9_mb/software/FPGA_VIVADO/Platform/Platform.gen/sources_1/bd/design_1/ip/design_1_smartconnect_1_0/bd_0/synth/bd_88fd.v:1953]
WARNING: [Synth 8-7071] port 'M05_SC_W_info' of module 'switchboards_imp_K834X6' is unconnected for instance 'switchboards' [/home/indir/KiCad/zynq_a9_mb/software/FPGA_VIVADO/Platform/Platform.gen/sources_1/bd/design_1/ip/design_1_smartconnect_1_0/bd_0/synth/bd_88fd.v:1953]
WARNING: [Synth 8-7071] port 'M05_SC_W_payld' of module 'switchboards_imp_K834X6' is unconnected for instance 'switchboards' [/home/indir/KiCad/zynq_a9_mb/software/FPGA_VIVADO/Platform/Platform.gen/sources_1/bd/design_1/ip/design_1_smartconnect_1_0/bd_0/synth/bd_88fd.v:1953]
WARNING: [Synth 8-7071] port 'M05_SC_W_req' of module 'switchboards_imp_K834X6' is unconnected for instance 'switchboards' [/home/indir/KiCad/zynq_a9_mb/software/FPGA_VIVADO/Platform/Platform.gen/sources_1/bd/design_1/ip/design_1_smartconnect_1_0/bd_0/synth/bd_88fd.v:1953]
WARNING: [Synth 8-7071] port 'M05_SC_W_send' of module 'switchboards_imp_K834X6' is unconnected for instance 'switchboards' [/home/indir/KiCad/zynq_a9_mb/software/FPGA_VIVADO/Platform/Platform.gen/sources_1/bd/design_1/ip/design_1_smartconnect_1_0/bd_0/synth/bd_88fd.v:1953]
WARNING: [Synth 8-7071] port 'M06_SC_AR_info' of module 'switchboards_imp_K834X6' is unconnected for instance 'switchboards' [/home/indir/KiCad/zynq_a9_mb/software/FPGA_VIVADO/Platform/Platform.gen/sources_1/bd/design_1/ip/design_1_smartconnect_1_0/bd_0/synth/bd_88fd.v:1953]
WARNING: [Synth 8-7071] port 'M06_SC_AR_payld' of module 'switchboards_imp_K834X6' is unconnected for instance 'switchboards' [/home/indir/KiCad/zynq_a9_mb/software/FPGA_VIVADO/Platform/Platform.gen/sources_1/bd/design_1/ip/design_1_smartconnect_1_0/bd_0/synth/bd_88fd.v:1953]
WARNING: [Synth 8-7071] port 'M06_SC_AR_req' of module 'switchboards_imp_K834X6' is unconnected for instance 'switchboards' [/home/indir/KiCad/zynq_a9_mb/software/FPGA_VIVADO/Platform/Platform.gen/sources_1/bd/design_1/ip/design_1_smartconnect_1_0/bd_0/synth/bd_88fd.v:1953]
WARNING: [Synth 8-7071] port 'M06_SC_AR_send' of module 'switchboards_imp_K834X6' is unconnected for instance 'switchboards' [/home/indir/KiCad/zynq_a9_mb/software/FPGA_VIVADO/Platform/Platform.gen/sources_1/bd/design_1/ip/design_1_smartconnect_1_0/bd_0/synth/bd_88fd.v:1953]
WARNING: [Synth 8-7071] port 'M06_SC_AW_info' of module 'switchboards_imp_K834X6' is unconnected for instance 'switchboards' [/home/indir/KiCad/zynq_a9_mb/software/FPGA_VIVADO/Platform/Platform.gen/sources_1/bd/design_1/ip/design_1_smartconnect_1_0/bd_0/synth/bd_88fd.v:1953]
WARNING: [Synth 8-7071] port 'M06_SC_AW_payld' of module 'switchboards_imp_K834X6' is unconnected for instance 'switchboards' [/home/indir/KiCad/zynq_a9_mb/software/FPGA_VIVADO/Platform/Platform.gen/sources_1/bd/design_1/ip/design_1_smartconnect_1_0/bd_0/synth/bd_88fd.v:1953]
WARNING: [Synth 8-7071] port 'M06_SC_AW_req' of module 'switchboards_imp_K834X6' is unconnected for instance 'switchboards' [/home/indir/KiCad/zynq_a9_mb/software/FPGA_VIVADO/Platform/Platform.gen/sources_1/bd/design_1/ip/design_1_smartconnect_1_0/bd_0/synth/bd_88fd.v:1953]
WARNING: [Synth 8-7071] port 'M06_SC_AW_send' of module 'switchboards_imp_K834X6' is unconnected for instance 'switchboards' [/home/indir/KiCad/zynq_a9_mb/software/FPGA_VIVADO/Platform/Platform.gen/sources_1/bd/design_1/ip/design_1_smartconnect_1_0/bd_0/synth/bd_88fd.v:1953]
WARNING: [Synth 8-7071] port 'M06_SC_W_info' of module 'switchboards_imp_K834X6' is unconnected for instance 'switchboards' [/home/indir/KiCad/zynq_a9_mb/software/FPGA_VIVADO/Platform/Platform.gen/sources_1/bd/design_1/ip/design_1_smartconnect_1_0/bd_0/synth/bd_88fd.v:1953]
WARNING: [Synth 8-7071] port 'M06_SC_W_payld' of module 'switchboards_imp_K834X6' is unconnected for instance 'switchboards' [/home/indir/KiCad/zynq_a9_mb/software/FPGA_VIVADO/Platform/Platform.gen/sources_1/bd/design_1/ip/design_1_smartconnect_1_0/bd_0/synth/bd_88fd.v:1953]
WARNING: [Synth 8-7071] port 'M06_SC_W_req' of module 'switchboards_imp_K834X6' is unconnected for instance 'switchboards' [/home/indir/KiCad/zynq_a9_mb/software/FPGA_VIVADO/Platform/Platform.gen/sources_1/bd/design_1/ip/design_1_smartconnect_1_0/bd_0/synth/bd_88fd.v:1953]
WARNING: [Synth 8-7071] port 'M06_SC_W_send' of module 'switchboards_imp_K834X6' is unconnected for instance 'switchboards' [/home/indir/KiCad/zynq_a9_mb/software/FPGA_VIVADO/Platform/Platform.gen/sources_1/bd/design_1/ip/design_1_smartconnect_1_0/bd_0/synth/bd_88fd.v:1953]
WARNING: [Synth 8-7071] port 'M07_SC_AR_info' of module 'switchboards_imp_K834X6' is unconnected for instance 'switchboards' [/home/indir/KiCad/zynq_a9_mb/software/FPGA_VIVADO/Platform/Platform.gen/sources_1/bd/design_1/ip/design_1_smartconnect_1_0/bd_0/synth/bd_88fd.v:1953]
WARNING: [Synth 8-7071] port 'M07_SC_AR_payld' of module 'switchboards_imp_K834X6' is unconnected for instance 'switchboards' [/home/indir/KiCad/zynq_a9_mb/software/FPGA_VIVADO/Platform/Platform.gen/sources_1/bd/design_1/ip/design_1_smartconnect_1_0/bd_0/synth/bd_88fd.v:1953]
WARNING: [Synth 8-7071] port 'M07_SC_AR_req' of module 'switchboards_imp_K834X6' is unconnected for instance 'switchboards' [/home/indir/KiCad/zynq_a9_mb/software/FPGA_VIVADO/Platform/Platform.gen/sources_1/bd/design_1/ip/design_1_smartconnect_1_0/bd_0/synth/bd_88fd.v:1953]
WARNING: [Synth 8-7071] port 'M07_SC_AR_send' of module 'switchboards_imp_K834X6' is unconnected for instance 'switchboards' [/home/indir/KiCad/zynq_a9_mb/software/FPGA_VIVADO/Platform/Platform.gen/sources_1/bd/design_1/ip/design_1_smartconnect_1_0/bd_0/synth/bd_88fd.v:1953]
WARNING: [Synth 8-7071] port 'M07_SC_AW_info' of module 'switchboards_imp_K834X6' is unconnected for instance 'switchboards' [/home/indir/KiCad/zynq_a9_mb/software/FPGA_VIVADO/Platform/Platform.gen/sources_1/bd/design_1/ip/design_1_smartconnect_1_0/bd_0/synth/bd_88fd.v:1953]
WARNING: [Synth 8-7071] port 'M07_SC_AW_payld' of module 'switchboards_imp_K834X6' is unconnected for instance 'switchboards' [/home/indir/KiCad/zynq_a9_mb/software/FPGA_VIVADO/Platform/Platform.gen/sources_1/bd/design_1/ip/design_1_smartconnect_1_0/bd_0/synth/bd_88fd.v:1953]
WARNING: [Synth 8-7071] port 'M07_SC_AW_req' of module 'switchboards_imp_K834X6' is unconnected for instance 'switchboards' [/home/indir/KiCad/zynq_a9_mb/software/FPGA_VIVADO/Platform/Platform.gen/sources_1/bd/design_1/ip/design_1_smartconnect_1_0/bd_0/synth/bd_88fd.v:1953]
WARNING: [Synth 8-7071] port 'M07_SC_AW_send' of module 'switchboards_imp_K834X6' is unconnected for instance 'switchboards' [/home/indir/KiCad/zynq_a9_mb/software/FPGA_VIVADO/Platform/Platform.gen/sources_1/bd/design_1/ip/design_1_smartconnect_1_0/bd_0/synth/bd_88fd.v:1953]
WARNING: [Synth 8-7071] port 'M07_SC_W_info' of module 'switchboards_imp_K834X6' is unconnected for instance 'switchboards' [/home/indir/KiCad/zynq_a9_mb/software/FPGA_VIVADO/Platform/Platform.gen/sources_1/bd/design_1/ip/design_1_smartconnect_1_0/bd_0/synth/bd_88fd.v:1953]
WARNING: [Synth 8-7071] port 'M07_SC_W_payld' of module 'switchboards_imp_K834X6' is unconnected for instance 'switchboards' [/home/indir/KiCad/zynq_a9_mb/software/FPGA_VIVADO/Platform/Platform.gen/sources_1/bd/design_1/ip/design_1_smartconnect_1_0/bd_0/synth/bd_88fd.v:1953]
WARNING: [Synth 8-7071] port 'M07_SC_W_req' of module 'switchboards_imp_K834X6' is unconnected for instance 'switchboards' [/home/indir/KiCad/zynq_a9_mb/software/FPGA_VIVADO/Platform/Platform.gen/sources_1/bd/design_1/ip/design_1_smartconnect_1_0/bd_0/synth/bd_88fd.v:1953]
WARNING: [Synth 8-7071] port 'M07_SC_W_send' of module 'switchboards_imp_K834X6' is unconnected for instance 'switchboards' [/home/indir/KiCad/zynq_a9_mb/software/FPGA_VIVADO/Platform/Platform.gen/sources_1/bd/design_1/ip/design_1_smartconnect_1_0/bd_0/synth/bd_88fd.v:1953]
WARNING: [Synth 8-7071] port 'M08_SC_AR_info' of module 'switchboards_imp_K834X6' is unconnected for instance 'switchboards' [/home/indir/KiCad/zynq_a9_mb/software/FPGA_VIVADO/Platform/Platform.gen/sources_1/bd/design_1/ip/design_1_smartconnect_1_0/bd_0/synth/bd_88fd.v:1953]
WARNING: [Synth 8-7071] port 'M08_SC_AR_payld' of module 'switchboards_imp_K834X6' is unconnected for instance 'switchboards' [/home/indir/KiCad/zynq_a9_mb/software/FPGA_VIVADO/Platform/Platform.gen/sources_1/bd/design_1/ip/design_1_smartconnect_1_0/bd_0/synth/bd_88fd.v:1953]
WARNING: [Synth 8-7071] port 'M08_SC_AR_req' of module 'switchboards_imp_K834X6' is unconnected for instance 'switchboards' [/home/indir/KiCad/zynq_a9_mb/software/FPGA_VIVADO/Platform/Platform.gen/sources_1/bd/design_1/ip/design_1_smartconnect_1_0/bd_0/synth/bd_88fd.v:1953]
WARNING: [Synth 8-7071] port 'M08_SC_AR_send' of module 'switchboards_imp_K834X6' is unconnected for instance 'switchboards' [/home/indir/KiCad/zynq_a9_mb/software/FPGA_VIVADO/Platform/Platform.gen/sources_1/bd/design_1/ip/design_1_smartconnect_1_0/bd_0/synth/bd_88fd.v:1953]
WARNING: [Synth 8-7071] port 'M08_SC_AW_info' of module 'switchboards_imp_K834X6' is unconnected for instance 'switchboards' [/home/indir/KiCad/zynq_a9_mb/software/FPGA_VIVADO/Platform/Platform.gen/sources_1/bd/design_1/ip/design_1_smartconnect_1_0/bd_0/synth/bd_88fd.v:1953]
WARNING: [Synth 8-7071] port 'M08_SC_AW_payld' of module 'switchboards_imp_K834X6' is unconnected for instance 'switchboards' [/home/indir/KiCad/zynq_a9_mb/software/FPGA_VIVADO/Platform/Platform.gen/sources_1/bd/design_1/ip/design_1_smartconnect_1_0/bd_0/synth/bd_88fd.v:1953]
WARNING: [Synth 8-7071] port 'M08_SC_AW_req' of module 'switchboards_imp_K834X6' is unconnected for instance 'switchboards' [/home/indir/KiCad/zynq_a9_mb/software/FPGA_VIVADO/Platform/Platform.gen/sources_1/bd/design_1/ip/design_1_smartconnect_1_0/bd_0/synth/bd_88fd.v:1953]
WARNING: [Synth 8-7071] port 'M08_SC_AW_send' of module 'switchboards_imp_K834X6' is unconnected for instance 'switchboards' [/home/indir/KiCad/zynq_a9_mb/software/FPGA_VIVADO/Platform/Platform.gen/sources_1/bd/design_1/ip/design_1_smartconnect_1_0/bd_0/synth/bd_88fd.v:1953]
WARNING: [Synth 8-7071] port 'M08_SC_W_info' of module 'switchboards_imp_K834X6' is unconnected for instance 'switchboards' [/home/indir/KiCad/zynq_a9_mb/software/FPGA_VIVADO/Platform/Platform.gen/sources_1/bd/design_1/ip/design_1_smartconnect_1_0/bd_0/synth/bd_88fd.v:1953]
WARNING: [Synth 8-7071] port 'M08_SC_W_payld' of module 'switchboards_imp_K834X6' is unconnected for instance 'switchboards' [/home/indir/KiCad/zynq_a9_mb/software/FPGA_VIVADO/Platform/Platform.gen/sources_1/bd/design_1/ip/design_1_smartconnect_1_0/bd_0/synth/bd_88fd.v:1953]
WARNING: [Synth 8-7071] port 'M08_SC_W_req' of module 'switchboards_imp_K834X6' is unconnected for instance 'switchboards' [/home/indir/KiCad/zynq_a9_mb/software/FPGA_VIVADO/Platform/Platform.gen/sources_1/bd/design_1/ip/design_1_smartconnect_1_0/bd_0/synth/bd_88fd.v:1953]
WARNING: [Synth 8-7071] port 'M08_SC_W_send' of module 'switchboards_imp_K834X6' is unconnected for instance 'switchboards' [/home/indir/KiCad/zynq_a9_mb/software/FPGA_VIVADO/Platform/Platform.gen/sources_1/bd/design_1/ip/design_1_smartconnect_1_0/bd_0/synth/bd_88fd.v:1953]
WARNING: [Synth 8-7071] port 'S03_SC_B_recv' of module 'switchboards_imp_K834X6' is unconnected for instance 'switchboards' [/home/indir/KiCad/zynq_a9_mb/software/FPGA_VIVADO/Platform/Platform.gen/sources_1/bd/design_1/ip/design_1_smartconnect_1_0/bd_0/synth/bd_88fd.v:1953]
WARNING: [Synth 8-7071] port 'S03_SC_R_recv' of module 'switchboards_imp_K834X6' is unconnected for instance 'switchboards' [/home/indir/KiCad/zynq_a9_mb/software/FPGA_VIVADO/Platform/Platform.gen/sources_1/bd/design_1/ip/design_1_smartconnect_1_0/bd_0/synth/bd_88fd.v:1953]
WARNING: [Synth 8-7071] port 'S04_SC_B_recv' of module 'switchboards_imp_K834X6' is unconnected for instance 'switchboards' [/home/indir/KiCad/zynq_a9_mb/software/FPGA_VIVADO/Platform/Platform.gen/sources_1/bd/design_1/ip/design_1_smartconnect_1_0/bd_0/synth/bd_88fd.v:1953]
WARNING: [Synth 8-7071] port 'S04_SC_R_recv' of module 'switchboards_imp_K834X6' is unconnected for instance 'switchboards' [/home/indir/KiCad/zynq_a9_mb/software/FPGA_VIVADO/Platform/Platform.gen/sources_1/bd/design_1/ip/design_1_smartconnect_1_0/bd_0/synth/bd_88fd.v:1953]
WARNING: [Synth 8-7071] port 'S05_SC_B_recv' of module 'switchboards_imp_K834X6' is unconnected for instance 'switchboards' [/home/indir/KiCad/zynq_a9_mb/software/FPGA_VIVADO/Platform/Platform.gen/sources_1/bd/design_1/ip/design_1_smartconnect_1_0/bd_0/synth/bd_88fd.v:1953]
WARNING: [Synth 8-7071] port 'S05_SC_R_recv' of module 'switchboards_imp_K834X6' is unconnected for instance 'switchboards' [/home/indir/KiCad/zynq_a9_mb/software/FPGA_VIVADO/Platform/Platform.gen/sources_1/bd/design_1/ip/design_1_smartconnect_1_0/bd_0/synth/bd_88fd.v:1953]
WARNING: [Synth 8-7071] port 'S06_SC_B_recv' of module 'switchboards_imp_K834X6' is unconnected for instance 'switchboards' [/home/indir/KiCad/zynq_a9_mb/software/FPGA_VIVADO/Platform/Platform.gen/sources_1/bd/design_1/ip/design_1_smartconnect_1_0/bd_0/synth/bd_88fd.v:1953]
WARNING: [Synth 8-7071] port 'S06_SC_R_recv' of module 'switchboards_imp_K834X6' is unconnected for instance 'switchboards' [/home/indir/KiCad/zynq_a9_mb/software/FPGA_VIVADO/Platform/Platform.gen/sources_1/bd/design_1/ip/design_1_smartconnect_1_0/bd_0/synth/bd_88fd.v:1953]
WARNING: [Synth 8-7071] port 'S07_SC_B_recv' of module 'switchboards_imp_K834X6' is unconnected for instance 'switchboards' [/home/indir/KiCad/zynq_a9_mb/software/FPGA_VIVADO/Platform/Platform.gen/sources_1/bd/design_1/ip/design_1_smartconnect_1_0/bd_0/synth/bd_88fd.v:1953]
WARNING: [Synth 8-7071] port 'S07_SC_R_recv' of module 'switchboards_imp_K834X6' is unconnected for instance 'switchboards' [/home/indir/KiCad/zynq_a9_mb/software/FPGA_VIVADO/Platform/Platform.gen/sources_1/bd/design_1/ip/design_1_smartconnect_1_0/bd_0/synth/bd_88fd.v:1953]
WARNING: [Synth 8-7071] port 'S08_SC_B_recv' of module 'switchboards_imp_K834X6' is unconnected for instance 'switchboards' [/home/indir/KiCad/zynq_a9_mb/software/FPGA_VIVADO/Platform/Platform.gen/sources_1/bd/design_1/ip/design_1_smartconnect_1_0/bd_0/synth/bd_88fd.v:1953]
WARNING: [Synth 8-7071] port 'S08_SC_R_recv' of module 'switchboards_imp_K834X6' is unconnected for instance 'switchboards' [/home/indir/KiCad/zynq_a9_mb/software/FPGA_VIVADO/Platform/Platform.gen/sources_1/bd/design_1/ip/design_1_smartconnect_1_0/bd_0/synth/bd_88fd.v:1953]
INFO: [Common 17-14] Message 'Synth 8-7071' appears 100 times and further instances of the messages will be disabled. Use the Tcl command set_msg_config to change the current settings.
WARNING: [Synth 8-7023] instance 'switchboards' of module 'switchboards_imp_K834X6' has 254 connections declared, but only 170 given [/home/indir/KiCad/zynq_a9_mb/software/FPGA_VIVADO/Platform/Platform.gen/sources_1/bd/design_1/ip/design_1_smartconnect_1_0/bd_0/synth/bd_88fd.v:1953]
INFO: [Synth 8-6155] done synthesizing module 'bd_88fd' (100#1) [/home/indir/KiCad/zynq_a9_mb/software/FPGA_VIVADO/Platform/Platform.gen/sources_1/bd/design_1/ip/design_1_smartconnect_1_0/bd_0/synth/bd_88fd.v:10]
INFO: [Synth 8-6155] done synthesizing module 'design_1_smartconnect_1_0' (101#1) [/home/indir/KiCad/zynq_a9_mb/software/FPGA_VIVADO/Platform/Platform.gen/sources_1/bd/design_1/ip/design_1_smartconnect_1_0/synth/design_1_smartconnect_1_0.v:57]
---------------------------------------------------------------------------------
Finished RTL Elaboration : Time (s): cpu = 00:00:10 ; elapsed = 00:00:23 . Memory (MB): peak = 2426.875 ; gain = 0.000 ; free physical = 3256 ; free virtual = 5176
---------------------------------------------------------------------------------
---------------------------------------------------------------------------------
Start Handling Custom Attributes
---------------------------------------------------------------------------------
---------------------------------------------------------------------------------
Finished Handling Custom Attributes : Time (s): cpu = 00:00:12 ; elapsed = 00:00:26 . Memory (MB): peak = 2426.875 ; gain = 0.000 ; free physical = 3298 ; free virtual = 5225
---------------------------------------------------------------------------------
---------------------------------------------------------------------------------
Finished RTL Optimization Phase 1 : Time (s): cpu = 00:00:12 ; elapsed = 00:00:26 . Memory (MB): peak = 2426.875 ; gain = 0.000 ; free physical = 3298 ; free virtual = 5225
---------------------------------------------------------------------------------
Netlist sorting complete. Time (s): cpu = 00:00:01 ; elapsed = 00:00:02 . Memory (MB): peak = 2426.875 ; gain = 0.000 ; free physical = 2980 ; free virtual = 4934
INFO: [Netlist 29-17] Analyzing 13 Unisim elements for replacement
INFO: [Netlist 29-28] Unisim Transformation completed in 0 CPU seconds
INFO: [Project 1-570] Preparing netlist for logic optimization

Processing XDC Constraints
Initializing timing engine
Parsing XDC File [/home/indir/KiCad/zynq_a9_mb/software/FPGA_VIVADO/Platform/Platform.gen/sources_1/bd/design_1/ip/design_1_smartconnect_1_0/ooc.xdc] for cell 'inst'
Finished Parsing XDC File [/home/indir/KiCad/zynq_a9_mb/software/FPGA_VIVADO/Platform/Platform.gen/sources_1/bd/design_1/ip/design_1_smartconnect_1_0/ooc.xdc] for cell 'inst'
Parsing XDC File [/home/indir/KiCad/zynq_a9_mb/software/FPGA_VIVADO/Platform/Platform.gen/sources_1/bd/design_1/ip/design_1_smartconnect_1_0/bd_0/ip/ip_1/bd_88fd_psr_aclk_0_board.xdc] for cell 'inst/clk_map/psr_aclk/U0'
Finished Parsing XDC File [/home/indir/KiCad/zynq_a9_mb/software/FPGA_VIVADO/Platform/Platform.gen/sources_1/bd/design_1/ip/design_1_smartconnect_1_0/bd_0/ip/ip_1/bd_88fd_psr_aclk_0_board.xdc] for cell 'inst/clk_map/psr_aclk/U0'
Parsing XDC File [/home/indir/KiCad/zynq_a9_mb/software/FPGA_VIVADO/Platform/Platform.gen/sources_1/bd/design_1/ip/design_1_smartconnect_1_0/bd_0/ip/ip_1/bd_88fd_psr_aclk_0.xdc] for cell 'inst/clk_map/psr_aclk/U0'
Finished Parsing XDC File [/home/indir/KiCad/zynq_a9_mb/software/FPGA_VIVADO/Platform/Platform.gen/sources_1/bd/design_1/ip/design_1_smartconnect_1_0/bd_0/ip/ip_1/bd_88fd_psr_aclk_0.xdc] for cell 'inst/clk_map/psr_aclk/U0'
Parsing XDC File [/home/indir/KiCad/zynq_a9_mb/software/FPGA_VIVADO/Platform/Platform.runs/design_1_smartconnect_1_0_synth_1/dont_touch.xdc]
Finished Parsing XDC File [/home/indir/KiCad/zynq_a9_mb/software/FPGA_VIVADO/Platform/Platform.runs/design_1_smartconnect_1_0_synth_1/dont_touch.xdc]
INFO: [Project 1-1714] 56 XPM XDC files have been applied to the design.
Completed Processing XDC Constraints

Netlist sorting complete. Time (s): cpu = 00:00:00 ; elapsed = 00:00:00 . Memory (MB): peak = 2734.102 ; gain = 0.000 ; free physical = 2869 ; free virtual = 4896
INFO: [Project 1-111] Unisim Transformation Summary:
  A total of 13 instances were transformed.
  FDR => FDRE: 12 instances
  SRL16 => SRL16E: 1 instance 

Constraint Validation Runtime : Time (s): cpu = 00:00:00.28 ; elapsed = 00:00:00.52 . Memory (MB): peak = 2741.039 ; gain = 6.938 ; free physical = 2854 ; free virtual = 4891
---------------------------------------------------------------------------------
Finished Constraint Validation : Time (s): cpu = 00:00:29 ; elapsed = 00:00:52 . Memory (MB): peak = 2741.039 ; gain = 314.164 ; free physical = 3133 ; free virtual = 5247
---------------------------------------------------------------------------------
---------------------------------------------------------------------------------
Start Loading Part and Timing Information
---------------------------------------------------------------------------------
Loading part: xc7z010clg400-3
---------------------------------------------------------------------------------
Finished Loading Part and Timing Information : Time (s): cpu = 00:00:29 ; elapsed = 00:00:52 . Memory (MB): peak = 2741.039 ; gain = 314.164 ; free physical = 3133 ; free virtual = 5247
---------------------------------------------------------------------------------
---------------------------------------------------------------------------------
Start Applying 'set_property' XDC Constraints
---------------------------------------------------------------------------------
Applied set_property KEEP_HIERARCHY = SOFT for inst. (constraint file  /home/indir/KiCad/zynq_a9_mb/software/FPGA_VIVADO/Platform/Platform.runs/design_1_smartconnect_1_0_synth_1/dont_touch.xdc, line 237).
Applied set_property KEEP_HIERARCHY = SOFT for inst/m00_nodes/m00_ar_node/inst/m_sc_xpm_cdc_async_rst_inst. (constraint file  auto generated constraint).
Applied set_property KEEP_HIERARCHY = SOFT for inst/m00_nodes/m00_aw_node/inst/m_sc_xpm_cdc_async_rst_inst. (constraint file  auto generated constraint).
Applied set_property KEEP_HIERARCHY = SOFT for inst/m00_nodes/m00_b_node/inst/m_sc_xpm_cdc_async_rst_inst. (constraint file  auto generated constraint).
Applied set_property KEEP_HIERARCHY = SOFT for inst/m00_nodes/m00_r_node/inst/m_sc_xpm_cdc_async_rst_inst. (constraint file  auto generated constraint).
Applied set_property KEEP_HIERARCHY = SOFT for inst/m00_nodes/m00_w_node/inst/m_sc_xpm_cdc_async_rst_inst. (constraint file  auto generated constraint).
Applied set_property KEEP_HIERARCHY = SOFT for inst/m01_nodes/m01_ar_node/inst/m_sc_xpm_cdc_async_rst_inst. (constraint file  auto generated constraint).
Applied set_property KEEP_HIERARCHY = SOFT for inst/m01_nodes/m01_aw_node/inst/m_sc_xpm_cdc_async_rst_inst. (constraint file  auto generated constraint).
Applied set_property KEEP_HIERARCHY = SOFT for inst/m01_nodes/m01_b_node/inst/m_sc_xpm_cdc_async_rst_inst. (constraint file  auto generated constraint).
Applied set_property KEEP_HIERARCHY = SOFT for inst/m01_nodes/m01_r_node/inst/m_sc_xpm_cdc_async_rst_inst. (constraint file  auto generated constraint).
Applied set_property KEEP_HIERARCHY = SOFT for inst/m01_nodes/m01_w_node/inst/m_sc_xpm_cdc_async_rst_inst. (constraint file  auto generated constraint).
Applied set_property KEEP_HIERARCHY = SOFT for inst/m02_nodes/m02_ar_node/inst/m_sc_xpm_cdc_async_rst_inst. (constraint file  auto generated constraint).
Applied set_property KEEP_HIERARCHY = SOFT for inst/m02_nodes/m02_aw_node/inst/m_sc_xpm_cdc_async_rst_inst. (constraint file  auto generated constraint).
Applied set_property KEEP_HIERARCHY = SOFT for inst/m02_nodes/m02_b_node/inst/m_sc_xpm_cdc_async_rst_inst. (constraint file  auto generated constraint).
Applied set_property KEEP_HIERARCHY = SOFT for inst/m02_nodes/m02_r_node/inst/m_sc_xpm_cdc_async_rst_inst. (constraint file  auto generated constraint).
Applied set_property KEEP_HIERARCHY = SOFT for inst/m02_nodes/m02_w_node/inst/m_sc_xpm_cdc_async_rst_inst. (constraint file  auto generated constraint).
Applied set_property KEEP_HIERARCHY = SOFT for inst/s00_nodes/s00_ar_node/inst/m_sc_xpm_cdc_async_rst_inst. (constraint file  auto generated constraint).
Applied set_property KEEP_HIERARCHY = SOFT for inst/s00_nodes/s00_aw_node/inst/m_sc_xpm_cdc_async_rst_inst. (constraint file  auto generated constraint).
Applied set_property KEEP_HIERARCHY = SOFT for inst/s00_nodes/s00_b_node/inst/m_sc_xpm_cdc_async_rst_inst. (constraint file  auto generated constraint).
Applied set_property KEEP_HIERARCHY = SOFT for inst/s00_nodes/s00_r_node/inst/m_sc_xpm_cdc_async_rst_inst. (constraint file  auto generated constraint).
Applied set_property KEEP_HIERARCHY = SOFT for inst/s00_nodes/s00_w_node/inst/m_sc_xpm_cdc_async_rst_inst. (constraint file  auto generated constraint).
Applied set_property KEEP_HIERARCHY = SOFT for inst/switchboards/i_nodes/i_ar_node/inst/m_sc_xpm_cdc_async_rst_inst. (constraint file  auto generated constraint).
Applied set_property KEEP_HIERARCHY = SOFT for inst/switchboards/i_nodes/i_aw_node/inst/m_sc_xpm_cdc_async_rst_inst. (constraint file  auto generated constraint).
Applied set_property KEEP_HIERARCHY = SOFT for inst/switchboards/i_nodes/i_b_node/inst/m_sc_xpm_cdc_async_rst_inst. (constraint file  auto generated constraint).
Applied set_property KEEP_HIERARCHY = SOFT for inst/switchboards/i_nodes/i_r_node/inst/m_sc_xpm_cdc_async_rst_inst. (constraint file  auto generated constraint).
Applied set_property KEEP_HIERARCHY = SOFT for inst/switchboards/i_nodes/i_w_node/inst/m_sc_xpm_cdc_async_rst_inst. (constraint file  auto generated constraint).
Applied set_property KEEP_HIERARCHY = SOFT for inst/m00_nodes/m00_ar_node/inst/s_sc_xpm_cdc_async_rst_inst. (constraint file  auto generated constraint).
Applied set_property KEEP_HIERARCHY = SOFT for inst/m00_nodes/m00_aw_node/inst/s_sc_xpm_cdc_async_rst_inst. (constraint file  auto generated constraint).
Applied set_property KEEP_HIERARCHY = SOFT for inst/m00_nodes/m00_b_node/inst/s_sc_xpm_cdc_async_rst_inst. (constraint file  auto generated constraint).
Applied set_property KEEP_HIERARCHY = SOFT for inst/m00_nodes/m00_r_node/inst/s_sc_xpm_cdc_async_rst_inst. (constraint file  auto generated constraint).
Applied set_property KEEP_HIERARCHY = SOFT for inst/m00_nodes/m00_w_node/inst/s_sc_xpm_cdc_async_rst_inst. (constraint file  auto generated constraint).
Applied set_property KEEP_HIERARCHY = SOFT for inst/m01_nodes/m01_ar_node/inst/s_sc_xpm_cdc_async_rst_inst. (constraint file  auto generated constraint).
Applied set_property KEEP_HIERARCHY = SOFT for inst/m01_nodes/m01_aw_node/inst/s_sc_xpm_cdc_async_rst_inst. (constraint file  auto generated constraint).
Applied set_property KEEP_HIERARCHY = SOFT for inst/m01_nodes/m01_b_node/inst/s_sc_xpm_cdc_async_rst_inst. (constraint file  auto generated constraint).
Applied set_property KEEP_HIERARCHY = SOFT for inst/m01_nodes/m01_r_node/inst/s_sc_xpm_cdc_async_rst_inst. (constraint file  auto generated constraint).
Applied set_property KEEP_HIERARCHY = SOFT for inst/m01_nodes/m01_w_node/inst/s_sc_xpm_cdc_async_rst_inst. (constraint file  auto generated constraint).
Applied set_property KEEP_HIERARCHY = SOFT for inst/m02_nodes/m02_ar_node/inst/s_sc_xpm_cdc_async_rst_inst. (constraint file  auto generated constraint).
Applied set_property KEEP_HIERARCHY = SOFT for inst/m02_nodes/m02_aw_node/inst/s_sc_xpm_cdc_async_rst_inst. (constraint file  auto generated constraint).
Applied set_property KEEP_HIERARCHY = SOFT for inst/m02_nodes/m02_b_node/inst/s_sc_xpm_cdc_async_rst_inst. (constraint file  auto generated constraint).
Applied set_property KEEP_HIERARCHY = SOFT for inst/m02_nodes/m02_r_node/inst/s_sc_xpm_cdc_async_rst_inst. (constraint file  auto generated constraint).
Applied set_property KEEP_HIERARCHY = SOFT for inst/m02_nodes/m02_w_node/inst/s_sc_xpm_cdc_async_rst_inst. (constraint file  auto generated constraint).
Applied set_property KEEP_HIERARCHY = SOFT for inst/s00_nodes/s00_ar_node/inst/s_sc_xpm_cdc_async_rst_inst. (constraint file  auto generated constraint).
Applied set_property KEEP_HIERARCHY = SOFT for inst/s00_nodes/s00_aw_node/inst/s_sc_xpm_cdc_async_rst_inst. (constraint file  auto generated constraint).
Applied set_property KEEP_HIERARCHY = SOFT for inst/s00_nodes/s00_b_node/inst/s_sc_xpm_cdc_async_rst_inst. (constraint file  auto generated constraint).
Applied set_property KEEP_HIERARCHY = SOFT for inst/s00_nodes/s00_r_node/inst/s_sc_xpm_cdc_async_rst_inst. (constraint file  auto generated constraint).
Applied set_property KEEP_HIERARCHY = SOFT for inst/s00_nodes/s00_w_node/inst/s_sc_xpm_cdc_async_rst_inst. (constraint file  auto generated constraint).
Applied set_property KEEP_HIERARCHY = SOFT for inst/switchboards/i_nodes/i_ar_node/inst/s_sc_xpm_cdc_async_rst_inst. (constraint file  auto generated constraint).
Applied set_property KEEP_HIERARCHY = SOFT for inst/switchboards/i_nodes/i_aw_node/inst/s_sc_xpm_cdc_async_rst_inst. (constraint file  auto generated constraint).
Applied set_property KEEP_HIERARCHY = SOFT for inst/switchboards/i_nodes/i_b_node/inst/s_sc_xpm_cdc_async_rst_inst. (constraint file  auto generated constraint).
Applied set_property KEEP_HIERARCHY = SOFT for inst/switchboards/i_nodes/i_r_node/inst/s_sc_xpm_cdc_async_rst_inst. (constraint file  auto generated constraint).
Applied set_property KEEP_HIERARCHY = SOFT for inst/switchboards/i_nodes/i_w_node/inst/s_sc_xpm_cdc_async_rst_inst. (constraint file  auto generated constraint).
Applied set_property KEEP_HIERARCHY = SOFT for inst/m00_exit_pipeline/m00_exit/inst/xpm_cdc_async_rst_inst. (constraint file  auto generated constraint).
Applied set_property KEEP_HIERARCHY = SOFT for inst/m01_exit_pipeline/m01_exit/inst/xpm_cdc_async_rst_inst. (constraint file  auto generated constraint).
Applied set_property KEEP_HIERARCHY = SOFT for inst/m02_exit_pipeline/m02_exit/inst/xpm_cdc_async_rst_inst. (constraint file  auto generated constraint).
Applied set_property KEEP_HIERARCHY = SOFT for inst/s00_entry_pipeline/s00_mmu/inst/xpm_cdc_async_rst_inst. (constraint file  auto generated constraint).
Applied set_property KEEP_HIERARCHY = SOFT for inst/s00_entry_pipeline/s00_si_converter/inst/xpm_cdc_async_rst_inst. (constraint file  auto generated constraint).
Applied set_property KEEP_HIERARCHY = SOFT for inst/s00_entry_pipeline/s00_transaction_regulator/inst/xpm_cdc_async_rst_inst. (constraint file  auto generated constraint).
---------------------------------------------------------------------------------
Finished applying 'set_property' XDC Constraints : Time (s): cpu = 00:00:29 ; elapsed = 00:00:52 . Memory (MB): peak = 2741.039 ; gain = 314.164 ; free physical = 3128 ; free virtual = 5242
---------------------------------------------------------------------------------
INFO: [Synth 8-802] inferred FSM for state register 'gen_axi.gen_write.write_cs_reg' in module 'sc_mmu_v1_0_10_decerr_slave'
INFO: [Synth 8-802] inferred FSM for state register 'w_state_reg' in module 'sc_si_converter_v1_0_10_axilite_conv'
INFO: [Synth 8-802] inferred FSM for state register 'r_state_reg' in module 'sc_si_converter_v1_0_10_axilite_conv'
---------------------------------------------------------------------------------------------------
                   State |                     New Encoding |                Previous Encoding 
---------------------------------------------------------------------------------------------------
            P_WRITE_IDLE |                              001 |                               00
            P_WRITE_DATA |                              010 |                               01
            P_WRITE_RESP |                              100 |                               10
---------------------------------------------------------------------------------------------------
INFO: [Synth 8-3354] encoded FSM with state register 'gen_axi.gen_write.write_cs_reg' using encoding 'one-hot' in module 'sc_mmu_v1_0_10_decerr_slave'
---------------------------------------------------------------------------------------------------
                   State |                     New Encoding |                Previous Encoding 
---------------------------------------------------------------------------------------------------
                  W_IDLE |                              000 | 00000000000000000000000000000000
                    W_RX |                              001 | 00000000000000000000000000000001
                    W_TX |                              010 | 00000000000000000000000000000010
              W_COMPLETE |                              011 | 00000000000000000000000000000100
               W_RECOVER |                              100 | 00000000000000000000000000000011
---------------------------------------------------------------------------------------------------
INFO: [Synth 8-3354] encoded FSM with state register 'w_state_reg' using encoding 'sequential' in module 'sc_si_converter_v1_0_10_axilite_conv'
---------------------------------------------------------------------------------------------------
                   State |                     New Encoding |                Previous Encoding 
---------------------------------------------------------------------------------------------------
                  R_IDLE |                               00 | 00000000000000000000000000000000
                    R_RX |                               01 | 00000000000000000000000000000001
                    R_TX |                               10 | 00000000000000000000000000000010
---------------------------------------------------------------------------------------------------
INFO: [Synth 8-3354] encoded FSM with state register 'r_state_reg' using encoding 'sequential' in module 'sc_si_converter_v1_0_10_axilite_conv'
---------------------------------------------------------------------------------
Finished RTL Optimization Phase 2 : Time (s): cpu = 00:00:34 ; elapsed = 00:00:58 . Memory (MB): peak = 2741.039 ; gain = 314.164 ; free physical = 3886 ; free virtual = 6054
---------------------------------------------------------------------------------
---------------------------------------------------------------------------------
Start RTL Component Statistics 
---------------------------------------------------------------------------------
Detailed RTL Component Info : 
+---Adders : 
	   2 Input   12 Bit       Adders := 2     
	   2 Input   10 Bit       Adders := 1     
	   2 Input    9 Bit       Adders := 3     
	   2 Input    8 Bit       Adders := 3     
	   2 Input    7 Bit       Adders := 2     
	   2 Input    6 Bit       Adders := 1     
	   2 Input    4 Bit       Adders := 25    
	   2 Input    3 Bit       Adders := 1     
	   2 Input    2 Bit       Adders := 18    
	   3 Input    1 Bit       Adders := 10    
	   2 Input    1 Bit       Adders := 5     
+---XORs : 
	   2 Input      1 Bit         XORs := 106   
+---Registers : 
	             2178 Bit    Registers := 2     
	              512 Bit    Registers := 1     
	              176 Bit    Registers := 2     
	               88 Bit    Registers := 1     
	               75 Bit    Registers := 1     
	               64 Bit    Registers := 4     
	               47 Bit    Registers := 3     
	               33 Bit    Registers := 3     
	               32 Bit    Registers := 4     
	               29 Bit    Registers := 1     
	               12 Bit    Registers := 5     
	               11 Bit    Registers := 1     
	                9 Bit    Registers := 7     
	                8 Bit    Registers := 3     
	                7 Bit    Registers := 3     
	                6 Bit    Registers := 1     
	                5 Bit    Registers := 3     
	                4 Bit    Registers := 26    
	                3 Bit    Registers := 63    
	                2 Bit    Registers := 41    
	                1 Bit    Registers := 333   
+---Muxes : 
	   2 Input 2178 Bit        Muxes := 2     
	   2 Input  154 Bit        Muxes := 20    
	   2 Input   62 Bit        Muxes := 10    
	   2 Input   56 Bit        Muxes := 1     
	   2 Input   32 Bit        Muxes := 2     
	   3 Input   32 Bit        Muxes := 2     
	   2 Input   12 Bit        Muxes := 8     
	   5 Input   12 Bit        Muxes := 1     
	   2 Input   10 Bit        Muxes := 1     
	   5 Input    9 Bit        Muxes := 1     
	   2 Input    9 Bit        Muxes := 12    
	   2 Input    8 Bit        Muxes := 6     
	   3 Input    8 Bit        Muxes := 1     
	   3 Input    7 Bit        Muxes := 1     
	   2 Input    7 Bit        Muxes := 8     
	   2 Input    6 Bit        Muxes := 1     
	   2 Input    3 Bit        Muxes := 8     
	   4 Input    3 Bit        Muxes := 2     
	   5 Input    3 Bit        Muxes := 1     
	   2 Input    2 Bit        Muxes := 56    
	   5 Input    2 Bit        Muxes := 1     
	   4 Input    2 Bit        Muxes := 2     
	   3 Input    2 Bit        Muxes := 2     
	   2 Input    1 Bit        Muxes := 152   
	   3 Input    1 Bit        Muxes := 25    
	   5 Input    1 Bit        Muxes := 26    
	   4 Input    1 Bit        Muxes := 4     
---------------------------------------------------------------------------------
Finished RTL Component Statistics 
---------------------------------------------------------------------------------
---------------------------------------------------------------------------------
Start Part Resource Summary
---------------------------------------------------------------------------------
Part Resources:
DSPs: 80 (col length:40)
BRAMs: 120 (col length: RAMB18 40 RAMB36 20)
---------------------------------------------------------------------------------
Finished Part Resource Summary
---------------------------------------------------------------------------------
---------------------------------------------------------------------------------
Start Cross Boundary and Area Optimization
---------------------------------------------------------------------------------
---------------------------------------------------------------------------------
Finished Cross Boundary and Area Optimization : Time (s): cpu = 00:00:48 ; elapsed = 00:01:18 . Memory (MB): peak = 2741.039 ; gain = 314.164 ; free physical = 4185 ; free virtual = 6797
---------------------------------------------------------------------------------
---------------------------------------------------------------------------------
Start Applying XDC Timing Constraints
---------------------------------------------------------------------------------
---------------------------------------------------------------------------------
Finished Applying XDC Timing Constraints : Time (s): cpu = 00:00:54 ; elapsed = 00:01:24 . Memory (MB): peak = 2741.039 ; gain = 314.164 ; free physical = 4094 ; free virtual = 6738
---------------------------------------------------------------------------------
---------------------------------------------------------------------------------
Start Timing Optimization
---------------------------------------------------------------------------------
---------------------------------------------------------------------------------
Finished Timing Optimization : Time (s): cpu = 00:00:55 ; elapsed = 00:01:26 . Memory (MB): peak = 2741.039 ; gain = 314.164 ; free physical = 4063 ; free virtual = 6712
---------------------------------------------------------------------------------
---------------------------------------------------------------------------------
Start Technology Mapping
---------------------------------------------------------------------------------
---------------------------------------------------------------------------------
Finished Technology Mapping : Time (s): cpu = 00:00:57 ; elapsed = 00:01:28 . Memory (MB): peak = 2741.039 ; gain = 314.164 ; free physical = 3783 ; free virtual = 6522
---------------------------------------------------------------------------------
---------------------------------------------------------------------------------
Start IO Insertion
---------------------------------------------------------------------------------
---------------------------------------------------------------------------------
Start Flattening Before IO Insertion
---------------------------------------------------------------------------------
---------------------------------------------------------------------------------
Finished Flattening Before IO Insertion
---------------------------------------------------------------------------------
---------------------------------------------------------------------------------
Start Final Netlist Cleanup
---------------------------------------------------------------------------------
---------------------------------------------------------------------------------
Finished Final Netlist Cleanup
---------------------------------------------------------------------------------
---------------------------------------------------------------------------------
Finished IO Insertion : Time (s): cpu = 00:01:00 ; elapsed = 00:01:32 . Memory (MB): peak = 2741.039 ; gain = 314.164 ; free physical = 3737 ; free virtual = 6480
---------------------------------------------------------------------------------
---------------------------------------------------------------------------------
Start Renaming Generated Instances
---------------------------------------------------------------------------------
---------------------------------------------------------------------------------
Finished Renaming Generated Instances : Time (s): cpu = 00:01:00 ; elapsed = 00:01:32 . Memory (MB): peak = 2741.039 ; gain = 314.164 ; free physical = 3729 ; free virtual = 6472
---------------------------------------------------------------------------------
---------------------------------------------------------------------------------
Start Rebuilding User Hierarchy
---------------------------------------------------------------------------------
---------------------------------------------------------------------------------
Finished Rebuilding User Hierarchy : Time (s): cpu = 00:01:00 ; elapsed = 00:01:32 . Memory (MB): peak = 2741.039 ; gain = 314.164 ; free physical = 3722 ; free virtual = 6466
---------------------------------------------------------------------------------
---------------------------------------------------------------------------------
Start Renaming Generated Ports
---------------------------------------------------------------------------------
---------------------------------------------------------------------------------
Finished Renaming Generated Ports : Time (s): cpu = 00:01:00 ; elapsed = 00:01:32 . Memory (MB): peak = 2741.039 ; gain = 314.164 ; free physical = 3726 ; free virtual = 6469
---------------------------------------------------------------------------------
---------------------------------------------------------------------------------
Start Handling Custom Attributes
---------------------------------------------------------------------------------
---------------------------------------------------------------------------------
Finished Handling Custom Attributes : Time (s): cpu = 00:01:00 ; elapsed = 00:01:32 . Memory (MB): peak = 2741.039 ; gain = 314.164 ; free physical = 3748 ; free virtual = 6491
---------------------------------------------------------------------------------
---------------------------------------------------------------------------------
Start Renaming Generated Nets
---------------------------------------------------------------------------------
---------------------------------------------------------------------------------
Finished Renaming Generated Nets : Time (s): cpu = 00:01:00 ; elapsed = 00:01:32 . Memory (MB): peak = 2741.039 ; gain = 314.164 ; free physical = 3746 ; free virtual = 6490
---------------------------------------------------------------------------------
---------------------------------------------------------------------------------
Start Writing Synthesis Report
---------------------------------------------------------------------------------

Report BlackBoxes: 
+-+--------------+----------+
| |BlackBox name |Instances |
+-+--------------+----------+
+-+--------------+----------+

Report Cell Usage: 
+------+-------+------+
|      |Cell   |Count |
+------+-------+------+
|1     |CARRY4 |     5|
|2     |LUT1   |   154|
|3     |LUT2   |   123|
|4     |LUT3   |   102|
|5     |LUT4   |   142|
|6     |LUT5   |   140|
|7     |LUT6   |   163|
|8     |SRL16  |     1|
|9     |FDCE   |   168|
|10    |FDR    |     4|
|11    |FDRE   |   534|
|12    |FDSE   |    37|
+------+-------+------+
---------------------------------------------------------------------------------
Finished Writing Synthesis Report : Time (s): cpu = 00:01:00 ; elapsed = 00:01:32 . Memory (MB): peak = 2741.039 ; gain = 314.164 ; free physical = 3743 ; free virtual = 6486
---------------------------------------------------------------------------------
Synthesis finished with 0 errors, 0 critical warnings and 0 warnings.
Synthesis Optimization Runtime : Time (s): cpu = 00:00:48 ; elapsed = 00:01:13 . Memory (MB): peak = 2741.039 ; gain = 0.000 ; free physical = 3843 ; free virtual = 6587
Synthesis Optimization Complete : Time (s): cpu = 00:01:01 ; elapsed = 00:01:32 . Memory (MB): peak = 2741.047 ; gain = 314.164 ; free physical = 3843 ; free virtual = 6587
INFO: [Project 1-571] Translating synthesized netlist
Netlist sorting complete. Time (s): cpu = 00:00:00.21 ; elapsed = 00:00:00.24 . Memory (MB): peak = 2741.047 ; gain = 0.000 ; free physical = 4717 ; free virtual = 7463
INFO: [Netlist 29-17] Analyzing 10 Unisim elements for replacement
INFO: [Netlist 29-28] Unisim Transformation completed in 0 CPU seconds
INFO: [Project 1-570] Preparing netlist for logic optimization
INFO: [Opt 31-138] Pushed 0 inverter(s) to 0 load pin(s).
Netlist sorting complete. Time (s): cpu = 00:00:00 ; elapsed = 00:00:00 . Memory (MB): peak = 2741.047 ; gain = 0.000 ; free physical = 4608 ; free virtual = 7357
INFO: [Project 1-111] Unisim Transformation Summary:
  A total of 5 instances were transformed.
  FDR => FDRE: 4 instances
  SRL16 => SRL16E: 1 instance 

Synth Design complete, checksum: 469503ec
INFO: [Common 17-83] Releasing license: Synthesis
176 Infos, 103 Warnings, 0 Critical Warnings and 0 Errors encountered.
synth_design completed successfully
synth_design: Time (s): cpu = 00:01:12 ; elapsed = 00:01:41 . Memory (MB): peak = 2741.047 ; gain = 314.172 ; free physical = 4633 ; free virtual = 7382
INFO: [Common 17-1381] The checkpoint '/home/indir/KiCad/zynq_a9_mb/software/FPGA_VIVADO/Platform/Platform.runs/design_1_smartconnect_1_0_synth_1/design_1_smartconnect_1_0.dcp' has been generated.
INFO: [Coretcl 2-1648] Added synthesis output to IP cache for IP design_1_smartconnect_1_0, cache-ID = 85c2ea9f38ee7849
INFO: [Coretcl 2-1174] Renamed 226 cell refs.
INFO: [Common 17-1381] The checkpoint '/home/indir/KiCad/zynq_a9_mb/software/FPGA_VIVADO/Platform/Platform.runs/design_1_smartconnect_1_0_synth_1/design_1_smartconnect_1_0.dcp' has been generated.
INFO: [runtcl-4] Executing : report_utilization -file design_1_smartconnect_1_0_utilization_synth.rpt -pb design_1_smartconnect_1_0_utilization_synth.pb
INFO: [Common 17-206] Exiting Vivado at Tue Dec 30 00:20:32 2025...
