
*** Running vivado
    with args -log design_1_c_counter_binary_0_0.vds -m64 -product Vivado -mode batch -messageDb vivado.pb -notrace -source design_1_c_counter_binary_0_0.tcl


****** Vivado v2021.1 (64-bit)
  **** SW Build 3247384 on Thu Jun 10 19:36:07 MDT 2021
  **** IP Build 3246043 on Fri Jun 11 00:30:35 MDT 2021
    ** Copyright 1986-2021 Xilinx, Inc. All Rights Reserved.

source design_1_c_counter_binary_0_0.tcl -notrace
create_project: Time (s): cpu = 00:00:01 ; elapsed = 00:00:07 . Memory (MB): peak = 2414.094 ; gain = 0.000 ; free physical = 2338 ; free virtual = 12839
INFO: [IP_Flow 19-234] Refreshing IP repositories
INFO: [IP_Flow 19-1700] Loaded user IP repository '/drive/data/Linux/TEMP/antminer/vivado-library-master'.
INFO: [IP_Flow 19-2313] Loaded Vivado IP repository '/drive/data/WinCommon/Common/Programs/Vivado/Vivado/2021.1/data/ip'.
update_ip_catalog: Time (s): cpu = 00:00:00.85 ; elapsed = 00:00:12 . Memory (MB): peak = 2414.094 ; gain = 0.000 ; free physical = 2288 ; free virtual = 12813
Command: synth_design -top design_1_c_counter_binary_0_0 -part xc7z010clg400-3 -mode out_of_context
Starting synth_design
Attempting to get a license for feature 'Synthesis' and/or device 'xc7z010'
INFO: [Common 17-349] Got license for feature 'Synthesis' and/or device 'xc7z010'
INFO: [Device 21-403] Loading part xc7z010clg400-3
INFO: [Synth 8-7079] Multithreading enabled for synth_design using a maximum of 4 processes.
INFO: [Synth 8-7078] Launching helper process for spawning children vivado processes
INFO: [Synth 8-7075] Helper process launched with PID 3013951
---------------------------------------------------------------------------------
Starting RTL Elaboration : Time (s): cpu = 00:00:04 ; elapsed = 00:00:08 . Memory (MB): peak = 2414.094 ; gain = 0.000 ; free physical = 457 ; free virtual = 11038
---------------------------------------------------------------------------------
INFO: [Synth 8-638] synthesizing module 'design_1_c_counter_binary_0_0' [/home/indir/KiCad/zynq_a9_mb/software/FPGA_VIVADO/Platform/Platform.gen/sources_1/bd/design_1/ip/design_1_c_counter_binary_0_0/synth/design_1_c_counter_binary_0_0.vhd:66]
	Parameter C_IMPLEMENTATION bound to: 0 - type: integer 
	Parameter C_VERBOSITY bound to: 0 - type: integer 
	Parameter C_XDEVICEFAMILY bound to: zynq - type: string 
	Parameter C_WIDTH bound to: 20 - type: integer 
	Parameter C_HAS_CE bound to: 0 - type: integer 
	Parameter C_HAS_SCLR bound to: 0 - type: integer 
	Parameter C_RESTRICT_COUNT bound to: 0 - type: integer 
	Parameter C_COUNT_TO bound to: 11111111111111111110 - type: string 
	Parameter C_COUNT_BY bound to: 1 - type: string 
	Parameter C_COUNT_MODE bound to: 0 - type: integer 
	Parameter C_THRESH0_VALUE bound to: 1 - type: string 
	Parameter C_CE_OVERRIDES_SYNC bound to: 0 - type: integer 
	Parameter C_HAS_THRESH0 bound to: 0 - type: integer 
	Parameter C_HAS_LOAD bound to: 0 - type: integer 
	Parameter C_LOAD_LOW bound to: 0 - type: integer 
	Parameter C_LATENCY bound to: 1 - type: integer 
	Parameter C_FB_LATENCY bound to: 0 - type: integer 
	Parameter C_AINIT_VAL bound to: 0 - type: string 
	Parameter C_SINIT_VAL bound to: 0 - type: string 
	Parameter C_SCLR_OVERRIDES_SSET bound to: 1 - type: integer 
	Parameter C_HAS_SSET bound to: 0 - type: integer 
	Parameter C_HAS_SINIT bound to: 0 - type: integer 
INFO: [Synth 8-3491] module 'c_counter_binary_v12_0_14' declared at '/home/indir/KiCad/zynq_a9_mb/software/FPGA_VIVADO/Platform/Platform.gen/sources_1/bd/design_1/ipshared/1f12/hdl/c_counter_binary_v12_0_vh_rfs.vhd:2146' bound to instance 'U0' of component 'c_counter_binary_v12_0_14' [/home/indir/KiCad/zynq_a9_mb/software/FPGA_VIVADO/Platform/Platform.gen/sources_1/bd/design_1/ip/design_1_c_counter_binary_0_0/synth/design_1_c_counter_binary_0_0.vhd:122]
INFO: [Synth 8-256] done synthesizing module 'design_1_c_counter_binary_0_0' (8#1) [/home/indir/KiCad/zynq_a9_mb/software/FPGA_VIVADO/Platform/Platform.gen/sources_1/bd/design_1/ip/design_1_c_counter_binary_0_0/synth/design_1_c_counter_binary_0_0.vhd:66]
---------------------------------------------------------------------------------
Finished RTL Elaboration : Time (s): cpu = 00:00:06 ; elapsed = 00:00:13 . Memory (MB): peak = 2414.094 ; gain = 0.000 ; free physical = 251 ; free virtual = 8496
---------------------------------------------------------------------------------
---------------------------------------------------------------------------------
Start Handling Custom Attributes
---------------------------------------------------------------------------------
---------------------------------------------------------------------------------
Finished Handling Custom Attributes : Time (s): cpu = 00:00:06 ; elapsed = 00:00:14 . Memory (MB): peak = 2414.094 ; gain = 0.000 ; free physical = 279 ; free virtual = 8407
---------------------------------------------------------------------------------
---------------------------------------------------------------------------------
Finished RTL Optimization Phase 1 : Time (s): cpu = 00:00:06 ; elapsed = 00:00:14 . Memory (MB): peak = 2414.094 ; gain = 0.000 ; free physical = 279 ; free virtual = 8407
---------------------------------------------------------------------------------
Netlist sorting complete. Time (s): cpu = 00:00:00.01 ; elapsed = 00:00:00.01 . Memory (MB): peak = 2414.094 ; gain = 0.000 ; free physical = 267 ; free virtual = 8394
INFO: [Netlist 29-17] Analyzing 39 Unisim elements for replacement
INFO: [Netlist 29-28] Unisim Transformation completed in 0 CPU seconds
INFO: [Project 1-570] Preparing netlist for logic optimization

Processing XDC Constraints
Initializing timing engine
Parsing XDC File [/home/indir/KiCad/zynq_a9_mb/software/FPGA_VIVADO/Platform/Platform.gen/sources_1/bd/design_1/ip/design_1_c_counter_binary_0_0/design_1_c_counter_binary_0_0_ooc.xdc] for cell 'U0'
Finished Parsing XDC File [/home/indir/KiCad/zynq_a9_mb/software/FPGA_VIVADO/Platform/Platform.gen/sources_1/bd/design_1/ip/design_1_c_counter_binary_0_0/design_1_c_counter_binary_0_0_ooc.xdc] for cell 'U0'
Parsing XDC File [/home/indir/KiCad/zynq_a9_mb/software/FPGA_VIVADO/Platform/Platform.runs/design_1_c_counter_binary_0_0_synth_1/dont_touch.xdc]
Finished Parsing XDC File [/home/indir/KiCad/zynq_a9_mb/software/FPGA_VIVADO/Platform/Platform.runs/design_1_c_counter_binary_0_0_synth_1/dont_touch.xdc]
Completed Processing XDC Constraints

Netlist sorting complete. Time (s): cpu = 00:00:00 ; elapsed = 00:00:00 . Memory (MB): peak = 2444.133 ; gain = 0.000 ; free physical = 2571 ; free virtual = 10756
INFO: [Project 1-111] Unisim Transformation Summary:
No Unisim elements were transformed.

Constraint Validation Runtime : Time (s): cpu = 00:00:00.01 ; elapsed = 00:00:00.07 . Memory (MB): peak = 2444.133 ; gain = 0.000 ; free physical = 2585 ; free virtual = 10770
---------------------------------------------------------------------------------
Finished Constraint Validation : Time (s): cpu = 00:00:11 ; elapsed = 00:00:21 . Memory (MB): peak = 2444.133 ; gain = 30.039 ; free physical = 2604 ; free virtual = 10796
---------------------------------------------------------------------------------
---------------------------------------------------------------------------------
Start Loading Part and Timing Information
---------------------------------------------------------------------------------
Loading part: xc7z010clg400-3
---------------------------------------------------------------------------------
Finished Loading Part and Timing Information : Time (s): cpu = 00:00:11 ; elapsed = 00:00:21 . Memory (MB): peak = 2444.133 ; gain = 30.039 ; free physical = 2604 ; free virtual = 10796
---------------------------------------------------------------------------------
---------------------------------------------------------------------------------
Start Applying 'set_property' XDC Constraints
---------------------------------------------------------------------------------
Applied set_property KEEP_HIERARCHY = SOFT for U0. (constraint file  /home/indir/KiCad/zynq_a9_mb/software/FPGA_VIVADO/Platform/Platform.runs/design_1_c_counter_binary_0_0_synth_1/dont_touch.xdc, line 9).
---------------------------------------------------------------------------------
Finished applying 'set_property' XDC Constraints : Time (s): cpu = 00:00:11 ; elapsed = 00:00:21 . Memory (MB): peak = 2444.133 ; gain = 30.039 ; free physical = 2612 ; free virtual = 10804
---------------------------------------------------------------------------------
---------------------------------------------------------------------------------
Finished RTL Optimization Phase 2 : Time (s): cpu = 00:00:12 ; elapsed = 00:00:22 . Memory (MB): peak = 2444.133 ; gain = 30.039 ; free physical = 2654 ; free virtual = 10849
---------------------------------------------------------------------------------
---------------------------------------------------------------------------------
Start RTL Component Statistics 
---------------------------------------------------------------------------------
---------------------------------------------------------------------------------
Finished RTL Component Statistics 
---------------------------------------------------------------------------------
---------------------------------------------------------------------------------
Start Part Resource Summary
---------------------------------------------------------------------------------
Part Resources:
DSPs: 80 (col length:40)
BRAMs: 120 (col length: RAMB18 40 RAMB36 20)
---------------------------------------------------------------------------------
Finished Part Resource Summary
---------------------------------------------------------------------------------
---------------------------------------------------------------------------------
Start Cross Boundary and Area Optimization
---------------------------------------------------------------------------------
---------------------------------------------------------------------------------
Finished Cross Boundary and Area Optimization : Time (s): cpu = 00:00:12 ; elapsed = 00:00:23 . Memory (MB): peak = 2444.133 ; gain = 30.039 ; free physical = 2646 ; free virtual = 10849
---------------------------------------------------------------------------------
---------------------------------------------------------------------------------
Start Applying XDC Timing Constraints
---------------------------------------------------------------------------------
---------------------------------------------------------------------------------
Finished Applying XDC Timing Constraints : Time (s): cpu = 00:00:18 ; elapsed = 00:00:29 . Memory (MB): peak = 2444.133 ; gain = 30.039 ; free physical = 2391 ; free virtual = 10618
---------------------------------------------------------------------------------
---------------------------------------------------------------------------------
Start Timing Optimization
---------------------------------------------------------------------------------
---------------------------------------------------------------------------------
Finished Timing Optimization : Time (s): cpu = 00:00:18 ; elapsed = 00:00:29 . Memory (MB): peak = 2444.133 ; gain = 30.039 ; free physical = 2391 ; free virtual = 10618
---------------------------------------------------------------------------------
---------------------------------------------------------------------------------
Start Technology Mapping
---------------------------------------------------------------------------------
---------------------------------------------------------------------------------
Finished Technology Mapping : Time (s): cpu = 00:00:18 ; elapsed = 00:00:30 . Memory (MB): peak = 2444.133 ; gain = 30.039 ; free physical = 2385 ; free virtual = 10612
---------------------------------------------------------------------------------
---------------------------------------------------------------------------------
Start IO Insertion
---------------------------------------------------------------------------------
---------------------------------------------------------------------------------
Start Flattening Before IO Insertion
---------------------------------------------------------------------------------
---------------------------------------------------------------------------------
Finished Flattening Before IO Insertion
---------------------------------------------------------------------------------
---------------------------------------------------------------------------------
Start Final Netlist Cleanup
---------------------------------------------------------------------------------
---------------------------------------------------------------------------------
Finished Final Netlist Cleanup
---------------------------------------------------------------------------------
---------------------------------------------------------------------------------
Finished IO Insertion : Time (s): cpu = 00:00:21 ; elapsed = 00:00:33 . Memory (MB): peak = 2444.133 ; gain = 30.039 ; free physical = 2296 ; free virtual = 10529
---------------------------------------------------------------------------------
---------------------------------------------------------------------------------
Start Renaming Generated Instances
---------------------------------------------------------------------------------
---------------------------------------------------------------------------------
Finished Renaming Generated Instances : Time (s): cpu = 00:00:21 ; elapsed = 00:00:33 . Memory (MB): peak = 2444.133 ; gain = 30.039 ; free physical = 2296 ; free virtual = 10529
---------------------------------------------------------------------------------
---------------------------------------------------------------------------------
Start Rebuilding User Hierarchy
---------------------------------------------------------------------------------
---------------------------------------------------------------------------------
Finished Rebuilding User Hierarchy : Time (s): cpu = 00:00:21 ; elapsed = 00:00:33 . Memory (MB): peak = 2444.133 ; gain = 30.039 ; free physical = 2296 ; free virtual = 10529
---------------------------------------------------------------------------------
---------------------------------------------------------------------------------
Start Renaming Generated Ports
---------------------------------------------------------------------------------
---------------------------------------------------------------------------------
Finished Renaming Generated Ports : Time (s): cpu = 00:00:21 ; elapsed = 00:00:33 . Memory (MB): peak = 2444.133 ; gain = 30.039 ; free physical = 2296 ; free virtual = 10529
---------------------------------------------------------------------------------
---------------------------------------------------------------------------------
Start Handling Custom Attributes
---------------------------------------------------------------------------------
---------------------------------------------------------------------------------
Finished Handling Custom Attributes : Time (s): cpu = 00:00:21 ; elapsed = 00:00:33 . Memory (MB): peak = 2444.133 ; gain = 30.039 ; free physical = 2296 ; free virtual = 10529
---------------------------------------------------------------------------------
---------------------------------------------------------------------------------
Start Renaming Generated Nets
---------------------------------------------------------------------------------
---------------------------------------------------------------------------------
Finished Renaming Generated Nets : Time (s): cpu = 00:00:21 ; elapsed = 00:00:33 . Memory (MB): peak = 2444.133 ; gain = 30.039 ; free physical = 2296 ; free virtual = 10529
---------------------------------------------------------------------------------
---------------------------------------------------------------------------------
Start Writing Synthesis Report
---------------------------------------------------------------------------------

Report BlackBoxes: 
+-+--------------+----------+
| |BlackBox name |Instances |
+-+--------------+----------+
+-+--------------+----------+

Report Cell Usage: 
+------+------+------+
|      |Cell  |Count |
+------+------+------+
|1     |LUT1  |     1|
|2     |MUXCY |    19|
|3     |XORCY |    20|
|4     |FDRE  |    20|
+------+------+------+
---------------------------------------------------------------------------------
Finished Writing Synthesis Report : Time (s): cpu = 00:00:21 ; elapsed = 00:00:33 . Memory (MB): peak = 2444.133 ; gain = 30.039 ; free physical = 2296 ; free virtual = 10529
---------------------------------------------------------------------------------
Synthesis finished with 0 errors, 0 critical warnings and 0 warnings.
Synthesis Optimization Runtime : Time (s): cpu = 00:00:19 ; elapsed = 00:00:30 . Memory (MB): peak = 2444.133 ; gain = 0.000 ; free physical = 2292 ; free virtual = 10525
Synthesis Optimization Complete : Time (s): cpu = 00:00:21 ; elapsed = 00:00:33 . Memory (MB): peak = 2444.141 ; gain = 30.039 ; free physical = 2292 ; free virtual = 10525
INFO: [Project 1-571] Translating synthesized netlist
Netlist sorting complete. Time (s): cpu = 00:00:00 ; elapsed = 00:00:00 . Memory (MB): peak = 2444.141 ; gain = 0.000 ; free physical = 2292 ; free virtual = 10525
INFO: [Netlist 29-17] Analyzing 39 Unisim elements for replacement
INFO: [Netlist 29-28] Unisim Transformation completed in 0 CPU seconds
INFO: [Project 1-570] Preparing netlist for logic optimization
INFO: [Opt 31-138] Pushed 0 inverter(s) to 0 load pin(s).
Netlist sorting complete. Time (s): cpu = 00:00:00 ; elapsed = 00:00:00 . Memory (MB): peak = 2444.141 ; gain = 0.000 ; free physical = 2345 ; free virtual = 10578
INFO: [Project 1-111] Unisim Transformation Summary:
  A total of 5 instances were transformed.
  (MUXCY,XORCY) => CARRY4: 5 instances

Synth Design complete, checksum: 9d45810c
INFO: [Common 17-83] Releasing license: Synthesis
22 Infos, 0 Warnings, 0 Critical Warnings and 0 Errors encountered.
synth_design completed successfully
synth_design: Time (s): cpu = 00:00:31 ; elapsed = 00:00:40 . Memory (MB): peak = 2444.141 ; gain = 30.047 ; free physical = 2461 ; free virtual = 10695
INFO: [Common 17-1381] The checkpoint '/home/indir/KiCad/zynq_a9_mb/software/FPGA_VIVADO/Platform/Platform.runs/design_1_c_counter_binary_0_0_synth_1/design_1_c_counter_binary_0_0.dcp' has been generated.
INFO: [Coretcl 2-1648] Added synthesis output to IP cache for IP design_1_c_counter_binary_0_0, cache-ID = 16db399c1b43ea50
INFO: [Coretcl 2-1174] Renamed 7 cell refs.
INFO: [Common 17-1381] The checkpoint '/home/indir/KiCad/zynq_a9_mb/software/FPGA_VIVADO/Platform/Platform.runs/design_1_c_counter_binary_0_0_synth_1/design_1_c_counter_binary_0_0.dcp' has been generated.
INFO: [runtcl-4] Executing : report_utilization -file design_1_c_counter_binary_0_0_utilization_synth.rpt -pb design_1_c_counter_binary_0_0_utilization_synth.pb
INFO: [Common 17-206] Exiting Vivado at Mon Dec 29 15:04:24 2025...
