Copyright 1986-2021 Xilinx, Inc. All Rights Reserved.
----------------------------------------------------------------------------------------------------------------------------------------------------------------------
| Tool Version     : Vivado v.2021.1 (lin64) Build 3247384 Thu Jun 10 19:36:07 MDT 2021
| Date             : Tue Dec 30 00:24:36 2025
| Host             : indir-homePc running 64-bit Manjaro Linux
| Command          : report_power -file design_1_wrapper_power_routed.rpt -pb design_1_wrapper_power_summary_routed.pb -rpx design_1_wrapper_power_routed.rpx
| Design           : design_1_wrapper
| Device           : xc7z010clg400-3
| Design State     : routed
| Grade            : extended
| Process          : typical
| Characterization : Production
----------------------------------------------------------------------------------------------------------------------------------------------------------------------

Power Report

Table of Contents
-----------------
1. Summary
1.1 On-Chip Components
1.2 Power Supply Summary
1.3 Confidence Level
2. Settings
2.1 Environment
2.2 Clock Constraints
3. Detailed Reports
3.1 By Hierarchy

1. Summary
----------

+--------------------------+--------------+
| Total On-Chip Power (W)  | 2.140        |
| Design Power Budget (W)  | Unspecified* |
| Power Budget Margin (W)  | NA           |
| Dynamic (W)              | 2.007        |
| Device Static (W)        | 0.134        |
| Effective TJA (C/W)      | 11.5         |
| Max Ambient (C)          | 75.3         |
| Junction Temperature (C) | 49.7         |
| Confidence Level         | Medium       |
| Setting File             | ---          |
| Simulation Activity File | ---          |
| Design Nets Matched      | NA           |
+--------------------------+--------------+
* Specify Design Power Budget using, set_operating_conditions -design_power_budget <value in Watts>


1.1 On-Chip Components
----------------------

+--------------------------+-----------+----------+-----------+-----------------+
| On-Chip                  | Power (W) | Used     | Available | Utilization (%) |
+--------------------------+-----------+----------+-----------+-----------------+
| Clocks                   |     0.037 |       10 |       --- |             --- |
| Slice Logic              |     0.010 |    11568 |       --- |             --- |
|   LUT as Logic           |     0.008 |     3475 |     17600 |           19.74 |
|   Register               |    <0.001 |     6162 |     35200 |           17.51 |
|   CARRY4                 |    <0.001 |      167 |      4400 |            3.80 |
|   LUT as Distributed RAM |    <0.001 |      100 |      6000 |            1.67 |
|   F7/F8 Muxes            |    <0.001 |      149 |     17600 |            0.85 |
|   LUT as Shift Register  |    <0.001 |       89 |      6000 |            1.48 |
|   Others                 |     0.000 |      640 |       --- |             --- |
| Signals                  |     0.014 |     8409 |       --- |             --- |
| Block RAM                |     0.004 |      6.5 |        60 |           10.83 |
| MMCM                     |     0.137 |        1 |         2 |           50.00 |
| I/O                      |     0.136 |       12 |       100 |           12.00 |
| PS7                      |     1.669 |        1 |       --- |             --- |
| Static Power             |     0.134 |          |           |                 |
| Total                    |     2.140 |          |           |                 |
+--------------------------+-----------+----------+-----------+-----------------+


1.2 Power Supply Summary
------------------------

+-----------+-------------+-----------+-------------+------------+-------------+-------------+------------+
| Source    | Voltage (V) | Total (A) | Dynamic (A) | Static (A) | Powerup (A) | Budget (A)  | Margin (A) |
+-----------+-------------+-----------+-------------+------------+-------------+-------------+------------+
| Vccint    |       1.000 |     0.077 |       0.069 |      0.009 |       NA    | Unspecified | NA         |
| Vccaux    |       1.800 |     0.084 |       0.075 |      0.009 |       NA    | Unspecified | NA         |
| Vcco33    |       3.300 |     0.041 |       0.040 |      0.001 |       NA    | Unspecified | NA         |
| Vcco25    |       2.500 |     0.000 |       0.000 |      0.000 |       NA    | Unspecified | NA         |
| Vcco18    |       1.800 |     0.000 |       0.000 |      0.000 |       NA    | Unspecified | NA         |
| Vcco15    |       1.500 |     0.000 |       0.000 |      0.000 |       NA    | Unspecified | NA         |
| Vcco135   |       1.350 |     0.000 |       0.000 |      0.000 |       NA    | Unspecified | NA         |
| Vcco12    |       1.200 |     0.000 |       0.000 |      0.000 |       NA    | Unspecified | NA         |
| Vccaux_io |       1.800 |     0.000 |       0.000 |      0.000 |       NA    | Unspecified | NA         |
| Vccbram   |       1.000 |     0.001 |       0.000 |      0.001 |       NA    | Unspecified | NA         |
| MGTAVcc   |       1.000 |     0.000 |       0.000 |      0.000 |       NA    | Unspecified | NA         |
| MGTAVtt   |       1.200 |     0.000 |       0.000 |      0.000 |       NA    | Unspecified | NA         |
| MGTVccaux |       1.800 |     0.000 |       0.000 |      0.000 |       NA    | Unspecified | NA         |
| Vccpint   |       1.000 |     0.883 |       0.847 |      0.036 |       NA    | Unspecified | NA         |
| Vccpaux   |       1.800 |     0.062 |       0.052 |      0.010 |       NA    | Unspecified | NA         |
| Vccpll    |       1.800 |     0.021 |       0.018 |      0.003 |       NA    | Unspecified | NA         |
| Vcco_ddr  |       1.500 |     0.459 |       0.457 |      0.002 |       NA    | Unspecified | NA         |
| Vcco_mio0 |       3.300 |     0.003 |       0.002 |      0.001 |       NA    | Unspecified | NA         |
| Vcco_mio1 |       2.500 |     0.003 |       0.002 |      0.001 |       NA    | Unspecified | NA         |
| Vccadc    |       1.800 |     0.020 |       0.000 |      0.020 |       NA    | Unspecified | NA         |
+-----------+-------------+-----------+-------------+------------+-------------+-------------+------------+


1.3 Confidence Level
--------------------

+-----------------------------+------------+------------------------------------------------+------------------------------------------------------------------------------------------------------------+
| User Input Data             | Confidence | Details                                        | Action                                                                                                     |
+-----------------------------+------------+------------------------------------------------+------------------------------------------------------------------------------------------------------------+
| Design implementation state | High       | Design is routed                               |                                                                                                            |
| Clock nodes activity        | High       | User specified more than 95% of clocks         |                                                                                                            |
| I/O nodes activity          | High       | User specified more than 95% of inputs         |                                                                                                            |
| Internal nodes activity     | Medium     | User specified less than 25% of internal nodes | Provide missing internal nodes activity with simulation results or by editing the "By Resource Type" views |
| Device models               | High       | Device models are Production                   |                                                                                                            |
|                             |            |                                                |                                                                                                            |
| Overall confidence level    | Medium     |                                                |                                                                                                            |
+-----------------------------+------------+------------------------------------------------+------------------------------------------------------------------------------------------------------------+


2. Settings
-----------

2.1 Environment
---------------

+-----------------------+------------------------+
| Ambient Temp (C)      | 25.0                   |
| ThetaJA (C/W)         | 11.5                   |
| Airflow (LFM)         | 250                    |
| Heat Sink             | none                   |
| ThetaSA (C/W)         | 0.0                    |
| Board Selection       | medium (10"x10")       |
| # of Board Layers     | 8to11 (8 to 11 Layers) |
| Board Temperature (C) | 25.0                   |
+-----------------------+------------------------+


2.2 Clock Constraints
---------------------

+----------------+-------------------------------------------------------------+-----------------+
| Clock          | Domain                                                      | Constraint (ns) |
+----------------+-------------------------------------------------------------+-----------------+
| I              | design_1_i/axi_dynclk_0/U0/Inst_mmcme2_drp/I                |             1.3 |
| clk_fpga_0     | design_1_i/processing_system7_0/inst/FCLK_CLK_unbuffered[0] |          1000.0 |
| clk_fpga_3     | design_1_i/processing_system7_0/inst/FCLK_CLK_unbuffered[3] |             6.5 |
| hdmi_pxlClk    | design_1_i/axi_dynclk_0/U0/PXL_CLK_O                        |             6.7 |
| hdmi_serClk    | design_1_i/axi_dynclk_0/U0/PXL_CLK_5X_O                     |             1.3 |
| mmcm_fbclk_out | design_1_i/axi_dynclk_0/U0/Inst_mmcme2_drp/mmcm_fbclk_out   |             6.5 |
+----------------+-------------------------------------------------------------+-----------------+


3. Detailed Reports
-------------------

3.1 By Hierarchy
----------------

+--------------------------+-----------+
| Name                     | Power (W) |
+--------------------------+-----------+
| design_1_wrapper         |     2.006 |
|   design_1_i             |     2.004 |
|     axi_dynclk_0         |     0.141 |
|       U0                 |     0.141 |
|     axi_vdma_0           |     0.012 |
|       U0                 |     0.012 |
|     processing_system7_0 |     1.669 |
|       inst               |     1.669 |
|     rgb2dvi_0            |     0.136 |
|       U0                 |     0.136 |
|     smartconnect_0       |     0.006 |
|       inst               |     0.006 |
|     smartconnect_1       |     0.009 |
|       inst               |     0.009 |
|     v_axi4s_vid_out_0    |     0.009 |
|       inst               |     0.009 |
|     v_tc_0               |     0.021 |
|       U0                 |     0.021 |
+--------------------------+-----------+


