
*** Running vivado
    with args -log design_1_axi_vdma_0_0.vds -m64 -product Vivado -mode batch -messageDb vivado.pb -notrace -source design_1_axi_vdma_0_0.tcl


****** Vivado v2021.1 (64-bit)
  **** SW Build 3247384 on Thu Jun 10 19:36:07 MDT 2021
  **** IP Build 3246043 on Fri Jun 11 00:30:35 MDT 2021
    ** Copyright 1986-2021 Xilinx, Inc. All Rights Reserved.

source design_1_axi_vdma_0_0.tcl -notrace
INFO: [IP_Flow 19-234] Refreshing IP repositories
INFO: [IP_Flow 19-1700] Loaded user IP repository '/drive/data/Linux/TEMP/antminer/vivado-library-master'.
INFO: [IP_Flow 19-2313] Loaded Vivado IP repository '/drive/data/WinCommon/Common/Programs/Vivado/Vivado/2021.1/data/ip'.
Command: synth_design -top design_1_axi_vdma_0_0 -part xc7z010clg400-3 -mode out_of_context
Starting synth_design
Attempting to get a license for feature 'Synthesis' and/or device 'xc7z010'
INFO: [Common 17-349] Got license for feature 'Synthesis' and/or device 'xc7z010'
INFO: [Device 21-403] Loading part xc7z010clg400-3
INFO: [Synth 8-7079] Multithreading enabled for synth_design using a maximum of 4 processes.
INFO: [Synth 8-7078] Launching helper process for spawning children vivado processes
INFO: [Synth 8-7075] Helper process launched with PID 3502842
---------------------------------------------------------------------------------
Starting RTL Elaboration : Time (s): cpu = 00:00:05 ; elapsed = 00:00:18 . Memory (MB): peak = 2428.305 ; gain = 0.000 ; free physical = 2558 ; free virtual = 4448
---------------------------------------------------------------------------------
INFO: [Synth 8-638] synthesizing module 'design_1_axi_vdma_0_0' [/home/indir/KiCad/zynq_a9_mb/software/FPGA_VIVADO/Platform/Platform.gen/sources_1/bd/design_1/ip/design_1_axi_vdma_0_0/synth/design_1_axi_vdma_0_0.vhd:106]
	Parameter C_S_AXI_LITE_ADDR_WIDTH bound to: 9 - type: integer 
	Parameter C_S_AXI_LITE_DATA_WIDTH bound to: 32 - type: integer 
	Parameter C_DLYTMR_RESOLUTION bound to: 125 - type: integer 
	Parameter C_PRMRY_IS_ACLK_ASYNC bound to: 0 - type: integer 
	Parameter C_ENABLE_VIDPRMTR_READS bound to: 1 - type: integer 
	Parameter C_DYNAMIC_RESOLUTION bound to: 1 - type: integer 
	Parameter C_NUM_FSTORES bound to: 1 - type: integer 
	Parameter C_USE_FSYNC bound to: 1 - type: integer 
	Parameter C_USE_MM2S_FSYNC bound to: 0 - type: integer 
	Parameter C_USE_S2MM_FSYNC bound to: 2 - type: integer 
	Parameter C_FLUSH_ON_FSYNC bound to: 1 - type: integer 
	Parameter C_INCLUDE_INTERNAL_GENLOCK bound to: 1 - type: integer 
	Parameter C_INCLUDE_SG bound to: 0 - type: integer 
	Parameter C_M_AXI_SG_ADDR_WIDTH bound to: 32 - type: integer 
	Parameter C_M_AXI_SG_DATA_WIDTH bound to: 32 - type: integer 
	Parameter C_INCLUDE_MM2S bound to: 1 - type: integer 
	Parameter C_MM2S_GENLOCK_MODE bound to: 1 - type: integer 
	Parameter C_MM2S_GENLOCK_NUM_MASTERS bound to: 1 - type: integer 
	Parameter C_MM2S_GENLOCK_REPEAT_EN bound to: 0 - type: integer 
	Parameter C_MM2S_SOF_ENABLE bound to: 1 - type: integer 
	Parameter C_INCLUDE_MM2S_DRE bound to: 1 - type: integer 
	Parameter C_INCLUDE_MM2S_SF bound to: 0 - type: integer 
	Parameter C_MM2S_LINEBUFFER_DEPTH bound to: 512 - type: integer 
	Parameter C_MM2S_LINEBUFFER_THRESH bound to: 4 - type: integer 
	Parameter C_MM2S_MAX_BURST_LENGTH bound to: 64 - type: integer 
	Parameter C_M_AXI_MM2S_ADDR_WIDTH bound to: 32 - type: integer 
	Parameter C_M_AXI_MM2S_DATA_WIDTH bound to: 64 - type: integer 
	Parameter C_M_AXIS_MM2S_TDATA_WIDTH bound to: 32 - type: integer 
	Parameter C_M_AXIS_MM2S_TUSER_BITS bound to: 1 - type: integer 
	Parameter C_INCLUDE_S2MM bound to: 0 - type: integer 
	Parameter C_S2MM_GENLOCK_MODE bound to: 0 - type: integer 
	Parameter C_S2MM_GENLOCK_NUM_MASTERS bound to: 1 - type: integer 
	Parameter C_S2MM_GENLOCK_REPEAT_EN bound to: 1 - type: integer 
	Parameter C_S2MM_SOF_ENABLE bound to: 1 - type: integer 
	Parameter C_INCLUDE_S2MM_DRE bound to: 0 - type: integer 
	Parameter C_INCLUDE_S2MM_SF bound to: 1 - type: integer 
	Parameter C_S2MM_LINEBUFFER_DEPTH bound to: 512 - type: integer 
	Parameter C_S2MM_LINEBUFFER_THRESH bound to: 4 - type: integer 
	Parameter C_S2MM_MAX_BURST_LENGTH bound to: 32 - type: integer 
	Parameter C_M_AXI_S2MM_ADDR_WIDTH bound to: 32 - type: integer 
	Parameter C_M_AXI_S2MM_DATA_WIDTH bound to: 64 - type: integer 
	Parameter C_S_AXIS_S2MM_TDATA_WIDTH bound to: 32 - type: integer 
	Parameter C_S_AXIS_S2MM_TUSER_BITS bound to: 1 - type: integer 
	Parameter C_ENABLE_DEBUG_ALL bound to: 0 - type: integer 
	Parameter C_ENABLE_DEBUG_INFO_0 bound to: 0 - type: integer 
	Parameter C_ENABLE_DEBUG_INFO_1 bound to: 0 - type: integer 
	Parameter C_ENABLE_DEBUG_INFO_2 bound to: 0 - type: integer 
	Parameter C_ENABLE_DEBUG_INFO_3 bound to: 0 - type: integer 
	Parameter C_ENABLE_DEBUG_INFO_4 bound to: 0 - type: integer 
	Parameter C_ENABLE_DEBUG_INFO_5 bound to: 0 - type: integer 
	Parameter C_ENABLE_DEBUG_INFO_6 bound to: 1 - type: integer 
	Parameter C_ENABLE_DEBUG_INFO_7 bound to: 1 - type: integer 
	Parameter C_ENABLE_DEBUG_INFO_8 bound to: 0 - type: integer 
	Parameter C_ENABLE_DEBUG_INFO_9 bound to: 0 - type: integer 
	Parameter C_ENABLE_DEBUG_INFO_10 bound to: 0 - type: integer 
	Parameter C_ENABLE_DEBUG_INFO_11 bound to: 0 - type: integer 
	Parameter C_ENABLE_DEBUG_INFO_12 bound to: 0 - type: integer 
	Parameter C_ENABLE_DEBUG_INFO_13 bound to: 0 - type: integer 
	Parameter C_ENABLE_DEBUG_INFO_14 bound to: 1 - type: integer 
	Parameter C_ENABLE_DEBUG_INFO_15 bound to: 1 - type: integer 
	Parameter C_INSTANCE bound to: axi_vdma - type: string 
	Parameter C_SELECT_XPM bound to: 0 - type: integer 
	Parameter C_ENABLE_VERT_FLIP bound to: 0 - type: integer 
	Parameter C_FAMILY bound to: zynq - type: string 
INFO: [Synth 8-3491] module 'axi_vdma' declared at '/home/indir/KiCad/zynq_a9_mb/software/FPGA_VIVADO/Platform/Platform.gen/sources_1/bd/design_1/ipshared/66f2/hdl/axi_vdma_v6_3_rfs.vhd:69488' bound to instance 'U0' of component 'axi_vdma' [/home/indir/KiCad/zynq_a9_mb/software/FPGA_VIVADO/Platform/Platform.gen/sources_1/bd/design_1/ip/design_1_axi_vdma_0_0/synth/design_1_axi_vdma_0_0.vhd:339]
INFO: [Synth 8-638] synthesizing module 'axi_vdma' [/home/indir/KiCad/zynq_a9_mb/software/FPGA_VIVADO/Platform/Platform.gen/sources_1/bd/design_1/ipshared/66f2/hdl/axi_vdma_v6_3_rfs.vhd:69927]
INFO: [Synth 8-638] synthesizing module 'axi_vdma_rst_module' [/home/indir/KiCad/zynq_a9_mb/software/FPGA_VIVADO/Platform/Platform.gen/sources_1/bd/design_1/ipshared/66f2/hdl/axi_vdma_v6_3_rfs.vhd:16461]
INFO: [Synth 8-638] synthesizing module 'axi_vdma_reset' [/home/indir/KiCad/zynq_a9_mb/software/FPGA_VIVADO/Platform/Platform.gen/sources_1/bd/design_1/ipshared/66f2/hdl/axi_vdma_v6_3_rfs.vhd:14866]
INFO: [Synth 8-638] synthesizing module 'cdc_sync' [/home/indir/KiCad/zynq_a9_mb/software/FPGA_VIVADO/Platform/Platform.gen/sources_1/bd/design_1/ipshared/ef1e/hdl/lib_cdc_v1_0_rfs.vhd:106]
	Parameter INIT bound to: 1'b0 
INFO: [Synth 8-113] binding component instance 'REG_P_IN_cdc_from' to cell 'FDR' [/home/indir/KiCad/zynq_a9_mb/software/FPGA_VIVADO/Platform/Platform.gen/sources_1/bd/design_1/ipshared/ef1e/hdl/lib_cdc_v1_0_rfs.vhd:219]
	Parameter INIT bound to: 1'b0 
INFO: [Synth 8-113] binding component instance 'REG_P_IN2_cdc_to' to cell 'FDR' [/home/indir/KiCad/zynq_a9_mb/software/FPGA_VIVADO/Platform/Platform.gen/sources_1/bd/design_1/ipshared/ef1e/hdl/lib_cdc_v1_0_rfs.vhd:232]
	Parameter INIT bound to: 1'b0 
INFO: [Synth 8-113] binding component instance 'P_IN_CROSS2SCNDRY_s_out_d2' to cell 'FDR' [/home/indir/KiCad/zynq_a9_mb/software/FPGA_VIVADO/Platform/Platform.gen/sources_1/bd/design_1/ipshared/ef1e/hdl/lib_cdc_v1_0_rfs.vhd:269]
	Parameter INIT bound to: 1'b0 
INFO: [Synth 8-113] binding component instance 'P_IN_CROSS2SCNDRY_s_out_d3' to cell 'FDR' [/home/indir/KiCad/zynq_a9_mb/software/FPGA_VIVADO/Platform/Platform.gen/sources_1/bd/design_1/ipshared/ef1e/hdl/lib_cdc_v1_0_rfs.vhd:279]
	Parameter INIT bound to: 1'b0 
INFO: [Synth 8-113] binding component instance 'P_IN_CROSS2SCNDRY_s_out_d4' to cell 'FDR' [/home/indir/KiCad/zynq_a9_mb/software/FPGA_VIVADO/Platform/Platform.gen/sources_1/bd/design_1/ipshared/ef1e/hdl/lib_cdc_v1_0_rfs.vhd:289]
	Parameter INIT bound to: 1'b0 
INFO: [Synth 8-113] binding component instance 'P_IN_CROSS2SCNDRY_s_out_d5' to cell 'FDR' [/home/indir/KiCad/zynq_a9_mb/software/FPGA_VIVADO/Platform/Platform.gen/sources_1/bd/design_1/ipshared/ef1e/hdl/lib_cdc_v1_0_rfs.vhd:299]
	Parameter INIT bound to: 1'b0 
INFO: [Synth 8-113] binding component instance 'P_IN_CROSS2SCNDRY_s_out_d6' to cell 'FDR' [/home/indir/KiCad/zynq_a9_mb/software/FPGA_VIVADO/Platform/Platform.gen/sources_1/bd/design_1/ipshared/ef1e/hdl/lib_cdc_v1_0_rfs.vhd:309]
	Parameter INIT bound to: 1'b0 
INFO: [Synth 8-113] binding component instance 'P_IN_CROSS2SCNDRY_s_out_d7' to cell 'FDR' [/home/indir/KiCad/zynq_a9_mb/software/FPGA_VIVADO/Platform/Platform.gen/sources_1/bd/design_1/ipshared/ef1e/hdl/lib_cdc_v1_0_rfs.vhd:320]
	Parameter INIT bound to: 1'b0 
INFO: [Synth 8-113] binding component instance 'P_IN_CROSS2SCNDRY_scndry_out' to cell 'FDR' [/home/indir/KiCad/zynq_a9_mb/software/FPGA_VIVADO/Platform/Platform.gen/sources_1/bd/design_1/ipshared/ef1e/hdl/lib_cdc_v1_0_rfs.vhd:330]
	Parameter INIT bound to: 1'b0 
INFO: [Synth 8-113] binding component instance 's_rst_d1' to cell 'FDR' [/home/indir/KiCad/zynq_a9_mb/software/FPGA_VIVADO/Platform/Platform.gen/sources_1/bd/design_1/ipshared/ef1e/hdl/lib_cdc_v1_0_rfs.vhd:339]
	Parameter INIT bound to: 1'b0 
INFO: [Synth 8-113] binding component instance 's_rst_d2' to cell 'FDR' [/home/indir/KiCad/zynq_a9_mb/software/FPGA_VIVADO/Platform/Platform.gen/sources_1/bd/design_1/ipshared/ef1e/hdl/lib_cdc_v1_0_rfs.vhd:347]
	Parameter INIT bound to: 1'b0 
INFO: [Synth 8-113] binding component instance 's_rst_d3' to cell 'FDR' [/home/indir/KiCad/zynq_a9_mb/software/FPGA_VIVADO/Platform/Platform.gen/sources_1/bd/design_1/ipshared/ef1e/hdl/lib_cdc_v1_0_rfs.vhd:355]
	Parameter INIT bound to: 1'b0 
INFO: [Synth 8-113] binding component instance 's_rst_d4' to cell 'FDR' [/home/indir/KiCad/zynq_a9_mb/software/FPGA_VIVADO/Platform/Platform.gen/sources_1/bd/design_1/ipshared/ef1e/hdl/lib_cdc_v1_0_rfs.vhd:364]
	Parameter INIT bound to: 1'b0 
INFO: [Synth 8-113] binding component instance 's_rst_d5' to cell 'FDR' [/home/indir/KiCad/zynq_a9_mb/software/FPGA_VIVADO/Platform/Platform.gen/sources_1/bd/design_1/ipshared/ef1e/hdl/lib_cdc_v1_0_rfs.vhd:374]
	Parameter INIT bound to: 1'b0 
INFO: [Synth 8-113] binding component instance 's_rst_d6' to cell 'FDR' [/home/indir/KiCad/zynq_a9_mb/software/FPGA_VIVADO/Platform/Platform.gen/sources_1/bd/design_1/ipshared/ef1e/hdl/lib_cdc_v1_0_rfs.vhd:383]
	Parameter INIT bound to: 1'b0 
INFO: [Synth 8-113] binding component instance 's_rst_d7' to cell 'FDR' [/home/indir/KiCad/zynq_a9_mb/software/FPGA_VIVADO/Platform/Platform.gen/sources_1/bd/design_1/ipshared/ef1e/hdl/lib_cdc_v1_0_rfs.vhd:392]
INFO: [Synth 8-256] done synthesizing module 'cdc_sync' (1#1) [/home/indir/KiCad/zynq_a9_mb/software/FPGA_VIVADO/Platform/Platform.gen/sources_1/bd/design_1/ipshared/ef1e/hdl/lib_cdc_v1_0_rfs.vhd:106]
INFO: [Synth 8-638] synthesizing module 'cdc_sync__parameterized0' [/home/indir/KiCad/zynq_a9_mb/software/FPGA_VIVADO/Platform/Platform.gen/sources_1/bd/design_1/ipshared/ef1e/hdl/lib_cdc_v1_0_rfs.vhd:106]
	Parameter INIT bound to: 1'b0 
INFO: [Synth 8-113] binding component instance 'REG_PLEVEL_IN_cdc_from' to cell 'FDR' [/home/indir/KiCad/zynq_a9_mb/software/FPGA_VIVADO/Platform/Platform.gen/sources_1/bd/design_1/ipshared/ef1e/hdl/lib_cdc_v1_0_rfs.vhd:491]
	Parameter INIT bound to: 1'b0 
INFO: [Synth 8-113] binding component instance 'CROSS_PLEVEL_IN2SCNDRY_IN_cdc_to' to cell 'FDR' [/home/indir/KiCad/zynq_a9_mb/software/FPGA_VIVADO/Platform/Platform.gen/sources_1/bd/design_1/ipshared/ef1e/hdl/lib_cdc_v1_0_rfs.vhd:514]
	Parameter INIT bound to: 1'b0 
INFO: [Synth 8-113] binding component instance 'CROSS_PLEVEL_IN2SCNDRY_s_level_out_d2' to cell 'FDR' [/home/indir/KiCad/zynq_a9_mb/software/FPGA_VIVADO/Platform/Platform.gen/sources_1/bd/design_1/ipshared/ef1e/hdl/lib_cdc_v1_0_rfs.vhd:545]
	Parameter INIT bound to: 1'b0 
INFO: [Synth 8-113] binding component instance 'CROSS_PLEVEL_IN2SCNDRY_s_level_out_d3' to cell 'FDR' [/home/indir/KiCad/zynq_a9_mb/software/FPGA_VIVADO/Platform/Platform.gen/sources_1/bd/design_1/ipshared/ef1e/hdl/lib_cdc_v1_0_rfs.vhd:554]
	Parameter INIT bound to: 1'b0 
INFO: [Synth 8-113] binding component instance 'CROSS_PLEVEL_IN2SCNDRY_s_level_out_d4' to cell 'FDR' [/home/indir/KiCad/zynq_a9_mb/software/FPGA_VIVADO/Platform/Platform.gen/sources_1/bd/design_1/ipshared/ef1e/hdl/lib_cdc_v1_0_rfs.vhd:564]
	Parameter INIT bound to: 1'b0 
INFO: [Synth 8-113] binding component instance 'CROSS_PLEVEL_IN2SCNDRY_s_level_out_d5' to cell 'FDR' [/home/indir/KiCad/zynq_a9_mb/software/FPGA_VIVADO/Platform/Platform.gen/sources_1/bd/design_1/ipshared/ef1e/hdl/lib_cdc_v1_0_rfs.vhd:574]
	Parameter INIT bound to: 1'b0 
INFO: [Synth 8-113] binding component instance 'CROSS_PLEVEL_IN2SCNDRY_s_level_out_d6' to cell 'FDR' [/home/indir/KiCad/zynq_a9_mb/software/FPGA_VIVADO/Platform/Platform.gen/sources_1/bd/design_1/ipshared/ef1e/hdl/lib_cdc_v1_0_rfs.vhd:584]
INFO: [Synth 8-256] done synthesizing module 'cdc_sync__parameterized0' (1#1) [/home/indir/KiCad/zynq_a9_mb/software/FPGA_VIVADO/Platform/Platform.gen/sources_1/bd/design_1/ipshared/ef1e/hdl/lib_cdc_v1_0_rfs.vhd:106]
INFO: [Synth 8-256] done synthesizing module 'axi_vdma_reset' (2#1) [/home/indir/KiCad/zynq_a9_mb/software/FPGA_VIVADO/Platform/Platform.gen/sources_1/bd/design_1/ipshared/66f2/hdl/axi_vdma_v6_3_rfs.vhd:14866]
INFO: [Synth 8-256] done synthesizing module 'axi_vdma_rst_module' (3#1) [/home/indir/KiCad/zynq_a9_mb/software/FPGA_VIVADO/Platform/Platform.gen/sources_1/bd/design_1/ipshared/66f2/hdl/axi_vdma_v6_3_rfs.vhd:16461]
INFO: [Synth 8-638] synthesizing module 'axi_vdma_reg_if' [/home/indir/KiCad/zynq_a9_mb/software/FPGA_VIVADO/Platform/Platform.gen/sources_1/bd/design_1/ipshared/66f2/hdl/axi_vdma_v6_3_rfs.vhd:39917]
INFO: [Synth 8-638] synthesizing module 'axi_vdma_lite_if' [/home/indir/KiCad/zynq_a9_mb/software/FPGA_VIVADO/Platform/Platform.gen/sources_1/bd/design_1/ipshared/66f2/hdl/axi_vdma_v6_3_rfs.vhd:16956]
INFO: [Synth 8-638] synthesizing module 'cdc_sync__parameterized1' [/home/indir/KiCad/zynq_a9_mb/software/FPGA_VIVADO/Platform/Platform.gen/sources_1/bd/design_1/ipshared/ef1e/hdl/lib_cdc_v1_0_rfs.vhd:106]
	Parameter INIT bound to: 1'b0 
INFO: [Synth 8-113] binding component instance 'REG_P_IN_cdc_from' to cell 'FDR' [/home/indir/KiCad/zynq_a9_mb/software/FPGA_VIVADO/Platform/Platform.gen/sources_1/bd/design_1/ipshared/ef1e/hdl/lib_cdc_v1_0_rfs.vhd:219]
	Parameter INIT bound to: 1'b0 
INFO: [Synth 8-113] binding component instance 'REG_P_IN2_cdc_to' to cell 'FDR' [/home/indir/KiCad/zynq_a9_mb/software/FPGA_VIVADO/Platform/Platform.gen/sources_1/bd/design_1/ipshared/ef1e/hdl/lib_cdc_v1_0_rfs.vhd:232]
	Parameter INIT bound to: 1'b0 
INFO: [Synth 8-113] binding component instance 'P_IN_CROSS2SCNDRY_s_out_d2' to cell 'FDR' [/home/indir/KiCad/zynq_a9_mb/software/FPGA_VIVADO/Platform/Platform.gen/sources_1/bd/design_1/ipshared/ef1e/hdl/lib_cdc_v1_0_rfs.vhd:269]
	Parameter INIT bound to: 1'b0 
INFO: [Synth 8-113] binding component instance 'P_IN_CROSS2SCNDRY_s_out_d3' to cell 'FDR' [/home/indir/KiCad/zynq_a9_mb/software/FPGA_VIVADO/Platform/Platform.gen/sources_1/bd/design_1/ipshared/ef1e/hdl/lib_cdc_v1_0_rfs.vhd:279]
	Parameter INIT bound to: 1'b0 
INFO: [Synth 8-113] binding component instance 'P_IN_CROSS2SCNDRY_s_out_d4' to cell 'FDR' [/home/indir/KiCad/zynq_a9_mb/software/FPGA_VIVADO/Platform/Platform.gen/sources_1/bd/design_1/ipshared/ef1e/hdl/lib_cdc_v1_0_rfs.vhd:289]
	Parameter INIT bound to: 1'b0 
INFO: [Synth 8-113] binding component instance 'P_IN_CROSS2SCNDRY_s_out_d5' to cell 'FDR' [/home/indir/KiCad/zynq_a9_mb/software/FPGA_VIVADO/Platform/Platform.gen/sources_1/bd/design_1/ipshared/ef1e/hdl/lib_cdc_v1_0_rfs.vhd:299]
	Parameter INIT bound to: 1'b0 
INFO: [Synth 8-113] binding component instance 'P_IN_CROSS2SCNDRY_s_out_d6' to cell 'FDR' [/home/indir/KiCad/zynq_a9_mb/software/FPGA_VIVADO/Platform/Platform.gen/sources_1/bd/design_1/ipshared/ef1e/hdl/lib_cdc_v1_0_rfs.vhd:309]
	Parameter INIT bound to: 1'b0 
INFO: [Synth 8-113] binding component instance 'P_IN_CROSS2SCNDRY_s_out_d7' to cell 'FDR' [/home/indir/KiCad/zynq_a9_mb/software/FPGA_VIVADO/Platform/Platform.gen/sources_1/bd/design_1/ipshared/ef1e/hdl/lib_cdc_v1_0_rfs.vhd:320]
	Parameter INIT bound to: 1'b0 
INFO: [Synth 8-113] binding component instance 'P_IN_CROSS2SCNDRY_scndry_out' to cell 'FDR' [/home/indir/KiCad/zynq_a9_mb/software/FPGA_VIVADO/Platform/Platform.gen/sources_1/bd/design_1/ipshared/ef1e/hdl/lib_cdc_v1_0_rfs.vhd:330]
	Parameter INIT bound to: 1'b0 
INFO: [Synth 8-113] binding component instance 's_rst_d1' to cell 'FDR' [/home/indir/KiCad/zynq_a9_mb/software/FPGA_VIVADO/Platform/Platform.gen/sources_1/bd/design_1/ipshared/ef1e/hdl/lib_cdc_v1_0_rfs.vhd:339]
	Parameter INIT bound to: 1'b0 
INFO: [Synth 8-113] binding component instance 's_rst_d2' to cell 'FDR' [/home/indir/KiCad/zynq_a9_mb/software/FPGA_VIVADO/Platform/Platform.gen/sources_1/bd/design_1/ipshared/ef1e/hdl/lib_cdc_v1_0_rfs.vhd:347]
	Parameter INIT bound to: 1'b0 
INFO: [Synth 8-113] binding component instance 's_rst_d3' to cell 'FDR' [/home/indir/KiCad/zynq_a9_mb/software/FPGA_VIVADO/Platform/Platform.gen/sources_1/bd/design_1/ipshared/ef1e/hdl/lib_cdc_v1_0_rfs.vhd:355]
	Parameter INIT bound to: 1'b0 
INFO: [Synth 8-113] binding component instance 's_rst_d4' to cell 'FDR' [/home/indir/KiCad/zynq_a9_mb/software/FPGA_VIVADO/Platform/Platform.gen/sources_1/bd/design_1/ipshared/ef1e/hdl/lib_cdc_v1_0_rfs.vhd:364]
	Parameter INIT bound to: 1'b0 
INFO: [Synth 8-113] binding component instance 's_rst_d5' to cell 'FDR' [/home/indir/KiCad/zynq_a9_mb/software/FPGA_VIVADO/Platform/Platform.gen/sources_1/bd/design_1/ipshared/ef1e/hdl/lib_cdc_v1_0_rfs.vhd:374]
	Parameter INIT bound to: 1'b0 
INFO: [Synth 8-113] binding component instance 's_rst_d6' to cell 'FDR' [/home/indir/KiCad/zynq_a9_mb/software/FPGA_VIVADO/Platform/Platform.gen/sources_1/bd/design_1/ipshared/ef1e/hdl/lib_cdc_v1_0_rfs.vhd:383]
	Parameter INIT bound to: 1'b0 
INFO: [Synth 8-113] binding component instance 's_rst_d7' to cell 'FDR' [/home/indir/KiCad/zynq_a9_mb/software/FPGA_VIVADO/Platform/Platform.gen/sources_1/bd/design_1/ipshared/ef1e/hdl/lib_cdc_v1_0_rfs.vhd:392]
INFO: [Synth 8-256] done synthesizing module 'cdc_sync__parameterized1' (3#1) [/home/indir/KiCad/zynq_a9_mb/software/FPGA_VIVADO/Platform/Platform.gen/sources_1/bd/design_1/ipshared/ef1e/hdl/lib_cdc_v1_0_rfs.vhd:106]
INFO: [Synth 8-256] done synthesizing module 'axi_vdma_lite_if' (4#1) [/home/indir/KiCad/zynq_a9_mb/software/FPGA_VIVADO/Platform/Platform.gen/sources_1/bd/design_1/ipshared/66f2/hdl/axi_vdma_v6_3_rfs.vhd:16956]
INFO: [Synth 8-638] synthesizing module 'cdc_sync__parameterized2' [/home/indir/KiCad/zynq_a9_mb/software/FPGA_VIVADO/Platform/Platform.gen/sources_1/bd/design_1/ipshared/ef1e/hdl/lib_cdc_v1_0_rfs.vhd:106]
	Parameter INIT bound to: 1'b0 
INFO: [Synth 8-113] binding component instance 'REG_PLEVEL_IN_cdc_from' to cell 'FDR' [/home/indir/KiCad/zynq_a9_mb/software/FPGA_VIVADO/Platform/Platform.gen/sources_1/bd/design_1/ipshared/ef1e/hdl/lib_cdc_v1_0_rfs.vhd:491]
	Parameter INIT bound to: 1'b0 
INFO: [Synth 8-113] binding component instance 'CROSS_PLEVEL_IN2SCNDRY_IN_cdc_to' to cell 'FDR' [/home/indir/KiCad/zynq_a9_mb/software/FPGA_VIVADO/Platform/Platform.gen/sources_1/bd/design_1/ipshared/ef1e/hdl/lib_cdc_v1_0_rfs.vhd:514]
	Parameter INIT bound to: 1'b0 
INFO: [Synth 8-113] binding component instance 'CROSS_PLEVEL_IN2SCNDRY_s_level_out_d2' to cell 'FDR' [/home/indir/KiCad/zynq_a9_mb/software/FPGA_VIVADO/Platform/Platform.gen/sources_1/bd/design_1/ipshared/ef1e/hdl/lib_cdc_v1_0_rfs.vhd:545]
	Parameter INIT bound to: 1'b0 
INFO: [Synth 8-113] binding component instance 'CROSS_PLEVEL_IN2SCNDRY_s_level_out_d3' to cell 'FDR' [/home/indir/KiCad/zynq_a9_mb/software/FPGA_VIVADO/Platform/Platform.gen/sources_1/bd/design_1/ipshared/ef1e/hdl/lib_cdc_v1_0_rfs.vhd:554]
	Parameter INIT bound to: 1'b0 
INFO: [Synth 8-113] binding component instance 'CROSS_PLEVEL_IN2SCNDRY_s_level_out_d4' to cell 'FDR' [/home/indir/KiCad/zynq_a9_mb/software/FPGA_VIVADO/Platform/Platform.gen/sources_1/bd/design_1/ipshared/ef1e/hdl/lib_cdc_v1_0_rfs.vhd:564]
	Parameter INIT bound to: 1'b0 
INFO: [Synth 8-113] binding component instance 'CROSS_PLEVEL_IN2SCNDRY_s_level_out_d5' to cell 'FDR' [/home/indir/KiCad/zynq_a9_mb/software/FPGA_VIVADO/Platform/Platform.gen/sources_1/bd/design_1/ipshared/ef1e/hdl/lib_cdc_v1_0_rfs.vhd:574]
	Parameter INIT bound to: 1'b0 
INFO: [Synth 8-113] binding component instance 'CROSS_PLEVEL_IN2SCNDRY_s_level_out_d6' to cell 'FDR' [/home/indir/KiCad/zynq_a9_mb/software/FPGA_VIVADO/Platform/Platform.gen/sources_1/bd/design_1/ipshared/ef1e/hdl/lib_cdc_v1_0_rfs.vhd:584]
INFO: [Synth 8-256] done synthesizing module 'cdc_sync__parameterized2' (4#1) [/home/indir/KiCad/zynq_a9_mb/software/FPGA_VIVADO/Platform/Platform.gen/sources_1/bd/design_1/ipshared/ef1e/hdl/lib_cdc_v1_0_rfs.vhd:106]
INFO: [Synth 8-256] done synthesizing module 'axi_vdma_reg_if' (5#1) [/home/indir/KiCad/zynq_a9_mb/software/FPGA_VIVADO/Platform/Platform.gen/sources_1/bd/design_1/ipshared/66f2/hdl/axi_vdma_v6_3_rfs.vhd:39917]
INFO: [Synth 8-638] synthesizing module 'axi_vdma_intrpt' [/home/indir/KiCad/zynq_a9_mb/software/FPGA_VIVADO/Platform/Platform.gen/sources_1/bd/design_1/ipshared/66f2/hdl/axi_vdma_v6_3_rfs.vhd:40643]
INFO: [Synth 8-256] done synthesizing module 'axi_vdma_intrpt' (6#1) [/home/indir/KiCad/zynq_a9_mb/software/FPGA_VIVADO/Platform/Platform.gen/sources_1/bd/design_1/ipshared/66f2/hdl/axi_vdma_v6_3_rfs.vhd:40643]
INFO: [Synth 8-638] synthesizing module 'axi_vdma_reg_module' [/home/indir/KiCad/zynq_a9_mb/software/FPGA_VIVADO/Platform/Platform.gen/sources_1/bd/design_1/ipshared/66f2/hdl/axi_vdma_v6_3_rfs.vhd:39071]
INFO: [Synth 8-638] synthesizing module 'axi_vdma_register' [/home/indir/KiCad/zynq_a9_mb/software/FPGA_VIVADO/Platform/Platform.gen/sources_1/bd/design_1/ipshared/66f2/hdl/axi_vdma_v6_3_rfs.vhd:18717]
INFO: [Synth 8-256] done synthesizing module 'axi_vdma_register' (7#1) [/home/indir/KiCad/zynq_a9_mb/software/FPGA_VIVADO/Platform/Platform.gen/sources_1/bd/design_1/ipshared/66f2/hdl/axi_vdma_v6_3_rfs.vhd:18717]
INFO: [Synth 8-638] synthesizing module 'axi_vdma_regdirect' [/home/indir/KiCad/zynq_a9_mb/software/FPGA_VIVADO/Platform/Platform.gen/sources_1/bd/design_1/ipshared/66f2/hdl/axi_vdma_v6_3_rfs.vhd:20533]
INFO: [Synth 8-256] done synthesizing module 'axi_vdma_regdirect' (8#1) [/home/indir/KiCad/zynq_a9_mb/software/FPGA_VIVADO/Platform/Platform.gen/sources_1/bd/design_1/ipshared/66f2/hdl/axi_vdma_v6_3_rfs.vhd:20533]
INFO: [Synth 8-638] synthesizing module 'axi_vdma_reg_mux' [/home/indir/KiCad/zynq_a9_mb/software/FPGA_VIVADO/Platform/Platform.gen/sources_1/bd/design_1/ipshared/66f2/hdl/axi_vdma_v6_3_rfs.vhd:29596]
INFO: [Synth 8-256] done synthesizing module 'axi_vdma_reg_mux' (9#1) [/home/indir/KiCad/zynq_a9_mb/software/FPGA_VIVADO/Platform/Platform.gen/sources_1/bd/design_1/ipshared/66f2/hdl/axi_vdma_v6_3_rfs.vhd:29596]
INFO: [Synth 8-256] done synthesizing module 'axi_vdma_reg_module' (10#1) [/home/indir/KiCad/zynq_a9_mb/software/FPGA_VIVADO/Platform/Platform.gen/sources_1/bd/design_1/ipshared/66f2/hdl/axi_vdma_v6_3_rfs.vhd:39071]
INFO: [Synth 8-638] synthesizing module 'axi_vdma_mngr' [/home/indir/KiCad/zynq_a9_mb/software/FPGA_VIVADO/Platform/Platform.gen/sources_1/bd/design_1/ipshared/66f2/hdl/axi_vdma_v6_3_rfs.vhd:64248]
INFO: [Synth 8-638] synthesizing module 'axi_vdma_sm' [/home/indir/KiCad/zynq_a9_mb/software/FPGA_VIVADO/Platform/Platform.gen/sources_1/bd/design_1/ipshared/66f2/hdl/axi_vdma_v6_3_rfs.vhd:61909]
INFO: [Synth 8-256] done synthesizing module 'axi_vdma_sm' (11#1) [/home/indir/KiCad/zynq_a9_mb/software/FPGA_VIVADO/Platform/Platform.gen/sources_1/bd/design_1/ipshared/66f2/hdl/axi_vdma_v6_3_rfs.vhd:61909]
INFO: [Synth 8-638] synthesizing module 'axi_vdma_cmdsts_if' [/home/indir/KiCad/zynq_a9_mb/software/FPGA_VIVADO/Platform/Platform.gen/sources_1/bd/design_1/ipshared/66f2/hdl/axi_vdma_v6_3_rfs.vhd:63125]
INFO: [Synth 8-256] done synthesizing module 'axi_vdma_cmdsts_if' (12#1) [/home/indir/KiCad/zynq_a9_mb/software/FPGA_VIVADO/Platform/Platform.gen/sources_1/bd/design_1/ipshared/66f2/hdl/axi_vdma_v6_3_rfs.vhd:63125]
INFO: [Synth 8-638] synthesizing module 'axi_vdma_sts_mngr' [/home/indir/KiCad/zynq_a9_mb/software/FPGA_VIVADO/Platform/Platform.gen/sources_1/bd/design_1/ipshared/66f2/hdl/axi_vdma_v6_3_rfs.vhd:63632]
INFO: [Synth 8-256] done synthesizing module 'axi_vdma_sts_mngr' (13#1) [/home/indir/KiCad/zynq_a9_mb/software/FPGA_VIVADO/Platform/Platform.gen/sources_1/bd/design_1/ipshared/66f2/hdl/axi_vdma_v6_3_rfs.vhd:63632]
INFO: [Synth 8-638] synthesizing module 'axi_vdma_vidreg_module' [/home/indir/KiCad/zynq_a9_mb/software/FPGA_VIVADO/Platform/Platform.gen/sources_1/bd/design_1/ipshared/66f2/hdl/axi_vdma_v6_3_rfs.vhd:56087]
INFO: [Synth 8-638] synthesizing module 'axi_vdma_vregister' [/home/indir/KiCad/zynq_a9_mb/software/FPGA_VIVADO/Platform/Platform.gen/sources_1/bd/design_1/ipshared/66f2/hdl/axi_vdma_v6_3_rfs.vhd:53973]
INFO: [Synth 8-256] done synthesizing module 'axi_vdma_vregister' (14#1) [/home/indir/KiCad/zynq_a9_mb/software/FPGA_VIVADO/Platform/Platform.gen/sources_1/bd/design_1/ipshared/66f2/hdl/axi_vdma_v6_3_rfs.vhd:53973]
INFO: [Synth 8-638] synthesizing module 'axi_vdma_vaddrreg_mux' [/home/indir/KiCad/zynq_a9_mb/software/FPGA_VIVADO/Platform/Platform.gen/sources_1/bd/design_1/ipshared/66f2/hdl/axi_vdma_v6_3_rfs.vhd:55564]
INFO: [Synth 8-256] done synthesizing module 'axi_vdma_vaddrreg_mux' (15#1) [/home/indir/KiCad/zynq_a9_mb/software/FPGA_VIVADO/Platform/Platform.gen/sources_1/bd/design_1/ipshared/66f2/hdl/axi_vdma_v6_3_rfs.vhd:55564]
INFO: [Synth 8-256] done synthesizing module 'axi_vdma_vidreg_module' (16#1) [/home/indir/KiCad/zynq_a9_mb/software/FPGA_VIVADO/Platform/Platform.gen/sources_1/bd/design_1/ipshared/66f2/hdl/axi_vdma_v6_3_rfs.vhd:56087]
INFO: [Synth 8-638] synthesizing module 'axi_vdma_genlock_mngr' [/home/indir/KiCad/zynq_a9_mb/software/FPGA_VIVADO/Platform/Platform.gen/sources_1/bd/design_1/ipshared/66f2/hdl/axi_vdma_v6_3_rfs.vhd:58630]
INFO: [Synth 8-638] synthesizing module 'axi_vdma_genlock_mux' [/home/indir/KiCad/zynq_a9_mb/software/FPGA_VIVADO/Platform/Platform.gen/sources_1/bd/design_1/ipshared/66f2/hdl/axi_vdma_v6_3_rfs.vhd:57368]
INFO: [Synth 8-256] done synthesizing module 'axi_vdma_genlock_mux' (17#1) [/home/indir/KiCad/zynq_a9_mb/software/FPGA_VIVADO/Platform/Platform.gen/sources_1/bd/design_1/ipshared/66f2/hdl/axi_vdma_v6_3_rfs.vhd:57368]
INFO: [Synth 8-638] synthesizing module 'axi_vdma_greycoder' [/home/indir/KiCad/zynq_a9_mb/software/FPGA_VIVADO/Platform/Platform.gen/sources_1/bd/design_1/ipshared/66f2/hdl/axi_vdma_v6_3_rfs.vhd:58343]
INFO: [Synth 8-256] done synthesizing module 'axi_vdma_greycoder' (18#1) [/home/indir/KiCad/zynq_a9_mb/software/FPGA_VIVADO/Platform/Platform.gen/sources_1/bd/design_1/ipshared/66f2/hdl/axi_vdma_v6_3_rfs.vhd:58343]
INFO: [Synth 8-256] done synthesizing module 'axi_vdma_genlock_mngr' (19#1) [/home/indir/KiCad/zynq_a9_mb/software/FPGA_VIVADO/Platform/Platform.gen/sources_1/bd/design_1/ipshared/66f2/hdl/axi_vdma_v6_3_rfs.vhd:58630]
INFO: [Synth 8-256] done synthesizing module 'axi_vdma_mngr' (20#1) [/home/indir/KiCad/zynq_a9_mb/software/FPGA_VIVADO/Platform/Platform.gen/sources_1/bd/design_1/ipshared/66f2/hdl/axi_vdma_v6_3_rfs.vhd:64248]
INFO: [Synth 8-638] synthesizing module 'axi_vdma_fsync_gen' [/home/indir/KiCad/zynq_a9_mb/software/FPGA_VIVADO/Platform/Platform.gen/sources_1/bd/design_1/ipshared/66f2/hdl/axi_vdma_v6_3_rfs.vhd:53102]
INFO: [Synth 8-256] done synthesizing module 'axi_vdma_fsync_gen' (21#1) [/home/indir/KiCad/zynq_a9_mb/software/FPGA_VIVADO/Platform/Platform.gen/sources_1/bd/design_1/ipshared/66f2/hdl/axi_vdma_v6_3_rfs.vhd:53102]
INFO: [Synth 8-638] synthesizing module 'axi_vdma_vid_cdc' [/home/indir/KiCad/zynq_a9_mb/software/FPGA_VIVADO/Platform/Platform.gen/sources_1/bd/design_1/ipshared/66f2/hdl/axi_vdma_v6_3_rfs.vhd:13253]
INFO: [Synth 8-256] done synthesizing module 'axi_vdma_vid_cdc' (22#1) [/home/indir/KiCad/zynq_a9_mb/software/FPGA_VIVADO/Platform/Platform.gen/sources_1/bd/design_1/ipshared/66f2/hdl/axi_vdma_v6_3_rfs.vhd:13253]
INFO: [Synth 8-638] synthesizing module 'axi_vdma_sof_gen' [/home/indir/KiCad/zynq_a9_mb/software/FPGA_VIVADO/Platform/Platform.gen/sources_1/bd/design_1/ipshared/66f2/hdl/axi_vdma_v6_3_rfs.vhd:41253]
INFO: [Synth 8-256] done synthesizing module 'axi_vdma_sof_gen' (23#1) [/home/indir/KiCad/zynq_a9_mb/software/FPGA_VIVADO/Platform/Platform.gen/sources_1/bd/design_1/ipshared/66f2/hdl/axi_vdma_v6_3_rfs.vhd:41253]
INFO: [Synth 8-638] synthesizing module 'axi_vdma_mm2s_linebuf' [/home/indir/KiCad/zynq_a9_mb/software/FPGA_VIVADO/Platform/Platform.gen/sources_1/bd/design_1/ipshared/66f2/hdl/axi_vdma_v6_3_rfs.vhd:46414]
INFO: [Synth 8-638] synthesizing module 'axi_vdma_sfifo' [/home/indir/KiCad/zynq_a9_mb/software/FPGA_VIVADO/Platform/Platform.gen/sources_1/bd/design_1/ipshared/66f2/hdl/axi_vdma_v6_3_rfs.vhd:42057]
	Parameter FIFO_MEMORY_TYPE bound to: auto - type: string 
	Parameter FIFO_WRITE_DEPTH bound to: 512 - type: integer 
	Parameter WRITE_DATA_WIDTH bound to: 38 - type: integer 
	Parameter READ_MODE bound to: fwft - type: string 
	Parameter FIFO_READ_LATENCY bound to: 0 - type: integer 
	Parameter FULL_RESET_VALUE bound to: 0 - type: integer 
	Parameter USE_ADV_FEATURES bound to: 1717 - type: string 
	Parameter READ_DATA_WIDTH bound to: 38 - type: integer 
	Parameter WR_DATA_COUNT_WIDTH bound to: 10 - type: integer 
	Parameter PROG_FULL_THRESH bound to: 10 - type: integer 
	Parameter RD_DATA_COUNT_WIDTH bound to: 10 - type: integer 
	Parameter PROG_EMPTY_THRESH bound to: 10 - type: integer 
	Parameter DOUT_RESET_VALUE bound to: 0 - type: string 
	Parameter ECC_MODE bound to: no_ecc - type: string 
	Parameter WAKEUP_TIME bound to: 0 - type: integer 
INFO: [Synth 8-3491] module 'xpm_fifo_sync' declared at '/drive/data/WinCommon/Common/Programs/Vivado/Vivado/2021.1/data/ip/xpm/xpm_fifo/hdl/xpm_fifo.sv:1951' bound to instance 'xpm_fifo_sync_inst' of component 'xpm_fifo_sync' [/home/indir/KiCad/zynq_a9_mb/software/FPGA_VIVADO/Platform/Platform.gen/sources_1/bd/design_1/ipshared/66f2/hdl/axi_vdma_v6_3_rfs.vhd:42264]
INFO: [Synth 8-6157] synthesizing module 'xpm_fifo_sync' [/drive/data/WinCommon/Common/Programs/Vivado/Vivado/2021.1/data/ip/xpm/xpm_fifo/hdl/xpm_fifo.sv:1951]
INFO: [Synth 8-6157] synthesizing module 'xpm_fifo_base' [/drive/data/WinCommon/Common/Programs/Vivado/Vivado/2021.1/data/ip/xpm/xpm_fifo/hdl/xpm_fifo.sv:56]
INFO: [Synth 8-6157] synthesizing module 'xpm_memory_base' [/drive/data/WinCommon/Common/Programs/Vivado/Vivado/2021.1/data/ip/xpm/xpm_memory/hdl/xpm_memory.sv:57]
INFO: [Synth 8-6059] Synth Info: [XPM_MEMORY 20-1] MEMORY_PRIMITIVE (0) instructs Vivado Synthesis to choose the memory primitive type. Depending on their values, other XPM_MEMORY parameters may preclude the choice of certain memory primitive types. Review XPM_MEMORY documentation and parameter values to understand any limitations, or set MEMORY_PRIMITIVE to a different value.   [/drive/data/WinCommon/Common/Programs/Vivado/Vivado/2021.1/data/ip/xpm/xpm_memory/hdl/xpm_memory.sv:490]
INFO: [Synth 8-6155] done synthesizing module 'xpm_memory_base' (24#1) [/drive/data/WinCommon/Common/Programs/Vivado/Vivado/2021.1/data/ip/xpm/xpm_memory/hdl/xpm_memory.sv:57]
INFO: [Synth 8-226] default block is never used [/drive/data/WinCommon/Common/Programs/Vivado/Vivado/2021.1/data/ip/xpm/xpm_fifo/hdl/xpm_fifo.sv:1206]
INFO: [Synth 8-226] default block is never used [/drive/data/WinCommon/Common/Programs/Vivado/Vivado/2021.1/data/ip/xpm/xpm_fifo/hdl/xpm_fifo.sv:1273]
INFO: [Synth 8-226] default block is never used [/drive/data/WinCommon/Common/Programs/Vivado/Vivado/2021.1/data/ip/xpm/xpm_fifo/hdl/xpm_fifo.sv:1295]
INFO: [Synth 8-6157] synthesizing module 'xpm_fifo_reg_bit' [/drive/data/WinCommon/Common/Programs/Vivado/Vivado/2021.1/data/ip/xpm/xpm_fifo/hdl/xpm_fifo.sv:1906]
INFO: [Synth 8-6155] done synthesizing module 'xpm_fifo_reg_bit' (25#1) [/drive/data/WinCommon/Common/Programs/Vivado/Vivado/2021.1/data/ip/xpm/xpm_fifo/hdl/xpm_fifo.sv:1906]
INFO: [Synth 8-6157] synthesizing module 'xpm_counter_updn' [/drive/data/WinCommon/Common/Programs/Vivado/Vivado/2021.1/data/ip/xpm/xpm_fifo/hdl/xpm_fifo.sv:1858]
INFO: [Synth 8-6155] done synthesizing module 'xpm_counter_updn' (26#1) [/drive/data/WinCommon/Common/Programs/Vivado/Vivado/2021.1/data/ip/xpm/xpm_fifo/hdl/xpm_fifo.sv:1858]
INFO: [Synth 8-6157] synthesizing module 'xpm_fifo_rst' [/drive/data/WinCommon/Common/Programs/Vivado/Vivado/2021.1/data/ip/xpm/xpm_fifo/hdl/xpm_fifo.sv:1618]
INFO: [Synth 8-6155] done synthesizing module 'xpm_fifo_rst' (27#1) [/drive/data/WinCommon/Common/Programs/Vivado/Vivado/2021.1/data/ip/xpm/xpm_fifo/hdl/xpm_fifo.sv:1618]
INFO: [Synth 8-6157] synthesizing module 'xpm_counter_updn__parameterized0' [/drive/data/WinCommon/Common/Programs/Vivado/Vivado/2021.1/data/ip/xpm/xpm_fifo/hdl/xpm_fifo.sv:1858]
INFO: [Synth 8-6155] done synthesizing module 'xpm_counter_updn__parameterized0' (27#1) [/drive/data/WinCommon/Common/Programs/Vivado/Vivado/2021.1/data/ip/xpm/xpm_fifo/hdl/xpm_fifo.sv:1858]
INFO: [Synth 8-6157] synthesizing module 'xpm_counter_updn__parameterized1' [/drive/data/WinCommon/Common/Programs/Vivado/Vivado/2021.1/data/ip/xpm/xpm_fifo/hdl/xpm_fifo.sv:1858]
INFO: [Synth 8-6155] done synthesizing module 'xpm_counter_updn__parameterized1' (27#1) [/drive/data/WinCommon/Common/Programs/Vivado/Vivado/2021.1/data/ip/xpm/xpm_fifo/hdl/xpm_fifo.sv:1858]
INFO: [Synth 8-6157] synthesizing module 'xpm_counter_updn__parameterized2' [/drive/data/WinCommon/Common/Programs/Vivado/Vivado/2021.1/data/ip/xpm/xpm_fifo/hdl/xpm_fifo.sv:1858]
INFO: [Synth 8-6155] done synthesizing module 'xpm_counter_updn__parameterized2' (27#1) [/drive/data/WinCommon/Common/Programs/Vivado/Vivado/2021.1/data/ip/xpm/xpm_fifo/hdl/xpm_fifo.sv:1858]
INFO: [Synth 8-6155] done synthesizing module 'xpm_fifo_base' (28#1) [/drive/data/WinCommon/Common/Programs/Vivado/Vivado/2021.1/data/ip/xpm/xpm_fifo/hdl/xpm_fifo.sv:56]
INFO: [Synth 8-6155] done synthesizing module 'xpm_fifo_sync' (29#1) [/drive/data/WinCommon/Common/Programs/Vivado/Vivado/2021.1/data/ip/xpm/xpm_fifo/hdl/xpm_fifo.sv:1951]
INFO: [Synth 8-256] done synthesizing module 'axi_vdma_sfifo' (30#1) [/home/indir/KiCad/zynq_a9_mb/software/FPGA_VIVADO/Platform/Platform.gen/sources_1/bd/design_1/ipshared/66f2/hdl/axi_vdma_v6_3_rfs.vhd:42057]
INFO: [Synth 8-638] synthesizing module 'axi_vdma_skid_buf' [/home/indir/KiCad/zynq_a9_mb/software/FPGA_VIVADO/Platform/Platform.gen/sources_1/bd/design_1/ipshared/66f2/hdl/axi_vdma_v6_3_rfs.vhd:41500]
INFO: [Synth 8-256] done synthesizing module 'axi_vdma_skid_buf' (31#1) [/home/indir/KiCad/zynq_a9_mb/software/FPGA_VIVADO/Platform/Platform.gen/sources_1/bd/design_1/ipshared/66f2/hdl/axi_vdma_v6_3_rfs.vhd:41500]
INFO: [Synth 8-256] done synthesizing module 'axi_vdma_mm2s_linebuf' (32#1) [/home/indir/KiCad/zynq_a9_mb/software/FPGA_VIVADO/Platform/Platform.gen/sources_1/bd/design_1/ipshared/66f2/hdl/axi_vdma_v6_3_rfs.vhd:46414]
INFO: [Synth 8-638] synthesizing module 'axi_datamover' [/home/indir/KiCad/zynq_a9_mb/software/FPGA_VIVADO/Platform/Platform.gen/sources_1/bd/design_1/ipshared/1e21/hdl/axi_datamover_v5_1_vh_rfs.vhd:55439]
INFO: [Synth 8-638] synthesizing module 'axi_datamover_mm2s_full_wrap' [/home/indir/KiCad/zynq_a9_mb/software/FPGA_VIVADO/Platform/Platform.gen/sources_1/bd/design_1/ipshared/1e21/hdl/axi_datamover_v5_1_vh_rfs.vhd:53572]
INFO: [Synth 8-638] synthesizing module 'axi_datamover_reset' [/home/indir/KiCad/zynq_a9_mb/software/FPGA_VIVADO/Platform/Platform.gen/sources_1/bd/design_1/ipshared/1e21/hdl/axi_datamover_v5_1_vh_rfs.vhd:153]
INFO: [Synth 8-256] done synthesizing module 'axi_datamover_reset' (33#1) [/home/indir/KiCad/zynq_a9_mb/software/FPGA_VIVADO/Platform/Platform.gen/sources_1/bd/design_1/ipshared/1e21/hdl/axi_datamover_v5_1_vh_rfs.vhd:153]
INFO: [Synth 8-638] synthesizing module 'axi_datamover_cmd_status' [/home/indir/KiCad/zynq_a9_mb/software/FPGA_VIVADO/Platform/Platform.gen/sources_1/bd/design_1/ipshared/1e21/hdl/axi_datamover_v5_1_vh_rfs.vhd:2698]
INFO: [Synth 8-638] synthesizing module 'axi_datamover_fifo' [/home/indir/KiCad/zynq_a9_mb/software/FPGA_VIVADO/Platform/Platform.gen/sources_1/bd/design_1/ipshared/1e21/hdl/axi_datamover_v5_1_vh_rfs.vhd:1886]
INFO: [Synth 8-638] synthesizing module 'srl_fifo_f' [/home/indir/KiCad/zynq_a9_mb/software/FPGA_VIVADO/Platform/Platform.gen/sources_1/bd/design_1/ipshared/51ce/hdl/lib_srl_fifo_v1_0_rfs.vhd:1000]
INFO: [Synth 8-638] synthesizing module 'srl_fifo_rbu_f' [/home/indir/KiCad/zynq_a9_mb/software/FPGA_VIVADO/Platform/Platform.gen/sources_1/bd/design_1/ipshared/51ce/hdl/lib_srl_fifo_v1_0_rfs.vhd:697]
INFO: [Synth 8-638] synthesizing module 'cntr_incr_decr_addn_f' [/home/indir/KiCad/zynq_a9_mb/software/FPGA_VIVADO/Platform/Platform.gen/sources_1/bd/design_1/ipshared/51ce/hdl/lib_srl_fifo_v1_0_rfs.vhd:143]
INFO: [Synth 8-256] done synthesizing module 'cntr_incr_decr_addn_f' (34#1) [/home/indir/KiCad/zynq_a9_mb/software/FPGA_VIVADO/Platform/Platform.gen/sources_1/bd/design_1/ipshared/51ce/hdl/lib_srl_fifo_v1_0_rfs.vhd:143]
INFO: [Synth 8-638] synthesizing module 'dynshreg_f' [/home/indir/KiCad/zynq_a9_mb/software/FPGA_VIVADO/Platform/Platform.gen/sources_1/bd/design_1/ipshared/51ce/hdl/lib_srl_fifo_v1_0_rfs.vhd:397]
INFO: [Synth 8-256] done synthesizing module 'dynshreg_f' (35#1) [/home/indir/KiCad/zynq_a9_mb/software/FPGA_VIVADO/Platform/Platform.gen/sources_1/bd/design_1/ipshared/51ce/hdl/lib_srl_fifo_v1_0_rfs.vhd:397]
INFO: [Synth 8-256] done synthesizing module 'srl_fifo_rbu_f' (36#1) [/home/indir/KiCad/zynq_a9_mb/software/FPGA_VIVADO/Platform/Platform.gen/sources_1/bd/design_1/ipshared/51ce/hdl/lib_srl_fifo_v1_0_rfs.vhd:697]
INFO: [Synth 8-256] done synthesizing module 'srl_fifo_f' (37#1) [/home/indir/KiCad/zynq_a9_mb/software/FPGA_VIVADO/Platform/Platform.gen/sources_1/bd/design_1/ipshared/51ce/hdl/lib_srl_fifo_v1_0_rfs.vhd:1000]
INFO: [Synth 8-256] done synthesizing module 'axi_datamover_fifo' (38#1) [/home/indir/KiCad/zynq_a9_mb/software/FPGA_VIVADO/Platform/Platform.gen/sources_1/bd/design_1/ipshared/1e21/hdl/axi_datamover_v5_1_vh_rfs.vhd:1886]
INFO: [Synth 8-638] synthesizing module 'axi_datamover_fifo__parameterized0' [/home/indir/KiCad/zynq_a9_mb/software/FPGA_VIVADO/Platform/Platform.gen/sources_1/bd/design_1/ipshared/1e21/hdl/axi_datamover_v5_1_vh_rfs.vhd:1886]
INFO: [Synth 8-638] synthesizing module 'srl_fifo_f__parameterized0' [/home/indir/KiCad/zynq_a9_mb/software/FPGA_VIVADO/Platform/Platform.gen/sources_1/bd/design_1/ipshared/51ce/hdl/lib_srl_fifo_v1_0_rfs.vhd:1000]
INFO: [Synth 8-638] synthesizing module 'srl_fifo_rbu_f__parameterized0' [/home/indir/KiCad/zynq_a9_mb/software/FPGA_VIVADO/Platform/Platform.gen/sources_1/bd/design_1/ipshared/51ce/hdl/lib_srl_fifo_v1_0_rfs.vhd:697]
INFO: [Synth 8-638] synthesizing module 'dynshreg_f__parameterized0' [/home/indir/KiCad/zynq_a9_mb/software/FPGA_VIVADO/Platform/Platform.gen/sources_1/bd/design_1/ipshared/51ce/hdl/lib_srl_fifo_v1_0_rfs.vhd:397]
INFO: [Synth 8-256] done synthesizing module 'dynshreg_f__parameterized0' (38#1) [/home/indir/KiCad/zynq_a9_mb/software/FPGA_VIVADO/Platform/Platform.gen/sources_1/bd/design_1/ipshared/51ce/hdl/lib_srl_fifo_v1_0_rfs.vhd:397]
INFO: [Synth 8-256] done synthesizing module 'srl_fifo_rbu_f__parameterized0' (38#1) [/home/indir/KiCad/zynq_a9_mb/software/FPGA_VIVADO/Platform/Platform.gen/sources_1/bd/design_1/ipshared/51ce/hdl/lib_srl_fifo_v1_0_rfs.vhd:697]
INFO: [Synth 8-256] done synthesizing module 'srl_fifo_f__parameterized0' (38#1) [/home/indir/KiCad/zynq_a9_mb/software/FPGA_VIVADO/Platform/Platform.gen/sources_1/bd/design_1/ipshared/51ce/hdl/lib_srl_fifo_v1_0_rfs.vhd:1000]
INFO: [Synth 8-256] done synthesizing module 'axi_datamover_fifo__parameterized0' (38#1) [/home/indir/KiCad/zynq_a9_mb/software/FPGA_VIVADO/Platform/Platform.gen/sources_1/bd/design_1/ipshared/1e21/hdl/axi_datamover_v5_1_vh_rfs.vhd:1886]
INFO: [Synth 8-256] done synthesizing module 'axi_datamover_cmd_status' (39#1) [/home/indir/KiCad/zynq_a9_mb/software/FPGA_VIVADO/Platform/Platform.gen/sources_1/bd/design_1/ipshared/1e21/hdl/axi_datamover_v5_1_vh_rfs.vhd:2698]
INFO: [Synth 8-638] synthesizing module 'axi_datamover_rd_status_cntl' [/home/indir/KiCad/zynq_a9_mb/software/FPGA_VIVADO/Platform/Platform.gen/sources_1/bd/design_1/ipshared/1e21/hdl/axi_datamover_v5_1_vh_rfs.vhd:13746]
INFO: [Synth 8-256] done synthesizing module 'axi_datamover_rd_status_cntl' (40#1) [/home/indir/KiCad/zynq_a9_mb/software/FPGA_VIVADO/Platform/Platform.gen/sources_1/bd/design_1/ipshared/1e21/hdl/axi_datamover_v5_1_vh_rfs.vhd:13746]
INFO: [Synth 8-638] synthesizing module 'axi_datamover_pcc' [/home/indir/KiCad/zynq_a9_mb/software/FPGA_VIVADO/Platform/Platform.gen/sources_1/bd/design_1/ipshared/1e21/hdl/axi_datamover_v5_1_vh_rfs.vhd:7416]
INFO: [Synth 8-638] synthesizing module 'axi_datamover_strb_gen2' [/home/indir/KiCad/zynq_a9_mb/software/FPGA_VIVADO/Platform/Platform.gen/sources_1/bd/design_1/ipshared/1e21/hdl/axi_datamover_v5_1_vh_rfs.vhd:4342]
INFO: [Synth 8-256] done synthesizing module 'axi_datamover_strb_gen2' (41#1) [/home/indir/KiCad/zynq_a9_mb/software/FPGA_VIVADO/Platform/Platform.gen/sources_1/bd/design_1/ipshared/1e21/hdl/axi_datamover_v5_1_vh_rfs.vhd:4342]
INFO: [Synth 8-638] synthesizing module 'axi_datamover_strb_gen2__parameterized0' [/home/indir/KiCad/zynq_a9_mb/software/FPGA_VIVADO/Platform/Platform.gen/sources_1/bd/design_1/ipshared/1e21/hdl/axi_datamover_v5_1_vh_rfs.vhd:4342]
INFO: [Synth 8-256] done synthesizing module 'axi_datamover_strb_gen2__parameterized0' (41#1) [/home/indir/KiCad/zynq_a9_mb/software/FPGA_VIVADO/Platform/Platform.gen/sources_1/bd/design_1/ipshared/1e21/hdl/axi_datamover_v5_1_vh_rfs.vhd:4342]
INFO: [Synth 8-226] default block is never used [/home/indir/KiCad/zynq_a9_mb/software/FPGA_VIVADO/Platform/Platform.gen/sources_1/bd/design_1/ipshared/1e21/hdl/axi_datamover_v5_1_vh_rfs.vhd:9490]
INFO: [Synth 8-256] done synthesizing module 'axi_datamover_pcc' (42#1) [/home/indir/KiCad/zynq_a9_mb/software/FPGA_VIVADO/Platform/Platform.gen/sources_1/bd/design_1/ipshared/1e21/hdl/axi_datamover_v5_1_vh_rfs.vhd:7416]
INFO: [Synth 8-638] synthesizing module 'axi_datamover_addr_cntl' [/home/indir/KiCad/zynq_a9_mb/software/FPGA_VIVADO/Platform/Platform.gen/sources_1/bd/design_1/ipshared/1e21/hdl/axi_datamover_v5_1_vh_rfs.vhd:10000]
INFO: [Synth 8-638] synthesizing module 'axi_datamover_fifo__parameterized1' [/home/indir/KiCad/zynq_a9_mb/software/FPGA_VIVADO/Platform/Platform.gen/sources_1/bd/design_1/ipshared/1e21/hdl/axi_datamover_v5_1_vh_rfs.vhd:1886]
INFO: [Synth 8-638] synthesizing module 'srl_fifo_f__parameterized1' [/home/indir/KiCad/zynq_a9_mb/software/FPGA_VIVADO/Platform/Platform.gen/sources_1/bd/design_1/ipshared/51ce/hdl/lib_srl_fifo_v1_0_rfs.vhd:1000]
INFO: [Synth 8-638] synthesizing module 'srl_fifo_rbu_f__parameterized1' [/home/indir/KiCad/zynq_a9_mb/software/FPGA_VIVADO/Platform/Platform.gen/sources_1/bd/design_1/ipshared/51ce/hdl/lib_srl_fifo_v1_0_rfs.vhd:697]
INFO: [Synth 8-638] synthesizing module 'dynshreg_f__parameterized1' [/home/indir/KiCad/zynq_a9_mb/software/FPGA_VIVADO/Platform/Platform.gen/sources_1/bd/design_1/ipshared/51ce/hdl/lib_srl_fifo_v1_0_rfs.vhd:397]
INFO: [Synth 8-256] done synthesizing module 'dynshreg_f__parameterized1' (42#1) [/home/indir/KiCad/zynq_a9_mb/software/FPGA_VIVADO/Platform/Platform.gen/sources_1/bd/design_1/ipshared/51ce/hdl/lib_srl_fifo_v1_0_rfs.vhd:397]
INFO: [Synth 8-256] done synthesizing module 'srl_fifo_rbu_f__parameterized1' (42#1) [/home/indir/KiCad/zynq_a9_mb/software/FPGA_VIVADO/Platform/Platform.gen/sources_1/bd/design_1/ipshared/51ce/hdl/lib_srl_fifo_v1_0_rfs.vhd:697]
INFO: [Synth 8-256] done synthesizing module 'srl_fifo_f__parameterized1' (42#1) [/home/indir/KiCad/zynq_a9_mb/software/FPGA_VIVADO/Platform/Platform.gen/sources_1/bd/design_1/ipshared/51ce/hdl/lib_srl_fifo_v1_0_rfs.vhd:1000]
INFO: [Synth 8-256] done synthesizing module 'axi_datamover_fifo__parameterized1' (42#1) [/home/indir/KiCad/zynq_a9_mb/software/FPGA_VIVADO/Platform/Platform.gen/sources_1/bd/design_1/ipshared/1e21/hdl/axi_datamover_v5_1_vh_rfs.vhd:1886]
INFO: [Synth 8-256] done synthesizing module 'axi_datamover_addr_cntl' (43#1) [/home/indir/KiCad/zynq_a9_mb/software/FPGA_VIVADO/Platform/Platform.gen/sources_1/bd/design_1/ipshared/1e21/hdl/axi_datamover_v5_1_vh_rfs.vhd:10000]
INFO: [Synth 8-638] synthesizing module 'axi_datamover_rddata_cntl' [/home/indir/KiCad/zynq_a9_mb/software/FPGA_VIVADO/Platform/Platform.gen/sources_1/bd/design_1/ipshared/1e21/hdl/axi_datamover_v5_1_vh_rfs.vhd:12185]
INFO: [Synth 8-638] synthesizing module 'axi_datamover_rdmux' [/home/indir/KiCad/zynq_a9_mb/software/FPGA_VIVADO/Platform/Platform.gen/sources_1/bd/design_1/ipshared/1e21/hdl/axi_datamover_v5_1_vh_rfs.vhd:10681]
INFO: [Synth 8-256] done synthesizing module 'axi_datamover_rdmux' (44#1) [/home/indir/KiCad/zynq_a9_mb/software/FPGA_VIVADO/Platform/Platform.gen/sources_1/bd/design_1/ipshared/1e21/hdl/axi_datamover_v5_1_vh_rfs.vhd:10681]
INFO: [Synth 8-638] synthesizing module 'axi_datamover_fifo__parameterized2' [/home/indir/KiCad/zynq_a9_mb/software/FPGA_VIVADO/Platform/Platform.gen/sources_1/bd/design_1/ipshared/1e21/hdl/axi_datamover_v5_1_vh_rfs.vhd:1886]
INFO: [Synth 8-638] synthesizing module 'srl_fifo_f__parameterized2' [/home/indir/KiCad/zynq_a9_mb/software/FPGA_VIVADO/Platform/Platform.gen/sources_1/bd/design_1/ipshared/51ce/hdl/lib_srl_fifo_v1_0_rfs.vhd:1000]
INFO: [Synth 8-638] synthesizing module 'srl_fifo_rbu_f__parameterized2' [/home/indir/KiCad/zynq_a9_mb/software/FPGA_VIVADO/Platform/Platform.gen/sources_1/bd/design_1/ipshared/51ce/hdl/lib_srl_fifo_v1_0_rfs.vhd:697]
INFO: [Synth 8-638] synthesizing module 'dynshreg_f__parameterized2' [/home/indir/KiCad/zynq_a9_mb/software/FPGA_VIVADO/Platform/Platform.gen/sources_1/bd/design_1/ipshared/51ce/hdl/lib_srl_fifo_v1_0_rfs.vhd:397]
INFO: [Synth 8-256] done synthesizing module 'dynshreg_f__parameterized2' (44#1) [/home/indir/KiCad/zynq_a9_mb/software/FPGA_VIVADO/Platform/Platform.gen/sources_1/bd/design_1/ipshared/51ce/hdl/lib_srl_fifo_v1_0_rfs.vhd:397]
INFO: [Synth 8-256] done synthesizing module 'srl_fifo_rbu_f__parameterized2' (44#1) [/home/indir/KiCad/zynq_a9_mb/software/FPGA_VIVADO/Platform/Platform.gen/sources_1/bd/design_1/ipshared/51ce/hdl/lib_srl_fifo_v1_0_rfs.vhd:697]
INFO: [Synth 8-256] done synthesizing module 'srl_fifo_f__parameterized2' (44#1) [/home/indir/KiCad/zynq_a9_mb/software/FPGA_VIVADO/Platform/Platform.gen/sources_1/bd/design_1/ipshared/51ce/hdl/lib_srl_fifo_v1_0_rfs.vhd:1000]
INFO: [Synth 8-256] done synthesizing module 'axi_datamover_fifo__parameterized2' (44#1) [/home/indir/KiCad/zynq_a9_mb/software/FPGA_VIVADO/Platform/Platform.gen/sources_1/bd/design_1/ipshared/1e21/hdl/axi_datamover_v5_1_vh_rfs.vhd:1886]
INFO: [Synth 8-256] done synthesizing module 'axi_datamover_rddata_cntl' (45#1) [/home/indir/KiCad/zynq_a9_mb/software/FPGA_VIVADO/Platform/Platform.gen/sources_1/bd/design_1/ipshared/1e21/hdl/axi_datamover_v5_1_vh_rfs.vhd:12185]
INFO: [Synth 8-638] synthesizing module 'axi_datamover_rd_sf' [/home/indir/KiCad/zynq_a9_mb/software/FPGA_VIVADO/Platform/Platform.gen/sources_1/bd/design_1/ipshared/1e21/hdl/axi_datamover_v5_1_vh_rfs.vhd:20208]
INFO: [Synth 8-638] synthesizing module 'axi_datamover_fifo__parameterized3' [/home/indir/KiCad/zynq_a9_mb/software/FPGA_VIVADO/Platform/Platform.gen/sources_1/bd/design_1/ipshared/1e21/hdl/axi_datamover_v5_1_vh_rfs.vhd:1886]
INFO: [Synth 8-638] synthesizing module 'srl_fifo_f__parameterized3' [/home/indir/KiCad/zynq_a9_mb/software/FPGA_VIVADO/Platform/Platform.gen/sources_1/bd/design_1/ipshared/51ce/hdl/lib_srl_fifo_v1_0_rfs.vhd:1000]
INFO: [Synth 8-638] synthesizing module 'srl_fifo_rbu_f__parameterized3' [/home/indir/KiCad/zynq_a9_mb/software/FPGA_VIVADO/Platform/Platform.gen/sources_1/bd/design_1/ipshared/51ce/hdl/lib_srl_fifo_v1_0_rfs.vhd:697]
INFO: [Synth 8-638] synthesizing module 'dynshreg_f__parameterized3' [/home/indir/KiCad/zynq_a9_mb/software/FPGA_VIVADO/Platform/Platform.gen/sources_1/bd/design_1/ipshared/51ce/hdl/lib_srl_fifo_v1_0_rfs.vhd:397]
INFO: [Synth 8-256] done synthesizing module 'dynshreg_f__parameterized3' (45#1) [/home/indir/KiCad/zynq_a9_mb/software/FPGA_VIVADO/Platform/Platform.gen/sources_1/bd/design_1/ipshared/51ce/hdl/lib_srl_fifo_v1_0_rfs.vhd:397]
INFO: [Synth 8-256] done synthesizing module 'srl_fifo_rbu_f__parameterized3' (45#1) [/home/indir/KiCad/zynq_a9_mb/software/FPGA_VIVADO/Platform/Platform.gen/sources_1/bd/design_1/ipshared/51ce/hdl/lib_srl_fifo_v1_0_rfs.vhd:697]
INFO: [Synth 8-256] done synthesizing module 'srl_fifo_f__parameterized3' (45#1) [/home/indir/KiCad/zynq_a9_mb/software/FPGA_VIVADO/Platform/Platform.gen/sources_1/bd/design_1/ipshared/51ce/hdl/lib_srl_fifo_v1_0_rfs.vhd:1000]
INFO: [Synth 8-256] done synthesizing module 'axi_datamover_fifo__parameterized3' (45#1) [/home/indir/KiCad/zynq_a9_mb/software/FPGA_VIVADO/Platform/Platform.gen/sources_1/bd/design_1/ipshared/1e21/hdl/axi_datamover_v5_1_vh_rfs.vhd:1886]
INFO: [Synth 8-638] synthesizing module 'axi_datamover_sfifo_autord' [/home/indir/KiCad/zynq_a9_mb/software/FPGA_VIVADO/Platform/Platform.gen/sources_1/bd/design_1/ipshared/1e21/hdl/axi_datamover_v5_1_vh_rfs.vhd:1295]
INFO: [Synth 8-638] synthesizing module 'sync_fifo_fg' [/home/indir/KiCad/zynq_a9_mb/software/FPGA_VIVADO/Platform/Platform.gen/sources_1/bd/design_1/ipshared/a5cb/hdl/lib_fifo_v1_0_rfs.vhd:2250]
	Parameter FIFO_MEMORY_TYPE bound to: block - type: string 
	Parameter FIFO_WRITE_DEPTH bound to: 512 - type: integer 
	Parameter WRITE_DATA_WIDTH bound to: 75 - type: integer 
	Parameter READ_MODE bound to: fwft - type: string 
	Parameter FIFO_READ_LATENCY bound to: 0 - type: integer 
	Parameter FULL_RESET_VALUE bound to: 1 - type: integer 
	Parameter USE_ADV_FEATURES bound to: 1F1F - type: string 
	Parameter READ_DATA_WIDTH bound to: 75 - type: integer 
	Parameter WR_DATA_COUNT_WIDTH bound to: 10 - type: integer 
	Parameter PROG_FULL_THRESH bound to: 10 - type: integer 
	Parameter RD_DATA_COUNT_WIDTH bound to: 4 - type: integer 
	Parameter PROG_EMPTY_THRESH bound to: 10 - type: integer 
	Parameter DOUT_RESET_VALUE bound to: 0 - type: string 
	Parameter ECC_MODE bound to: no_ecc - type: string 
	Parameter WAKEUP_TIME bound to: 0 - type: integer 
INFO: [Synth 8-3491] module 'xpm_fifo_sync' declared at '/drive/data/WinCommon/Common/Programs/Vivado/Vivado/2021.1/data/ip/xpm/xpm_fifo/hdl/xpm_fifo.sv:1951' bound to instance 'xpm_fifo_sync_inst' of component 'xpm_fifo_sync' [/home/indir/KiCad/zynq_a9_mb/software/FPGA_VIVADO/Platform/Platform.gen/sources_1/bd/design_1/ipshared/a5cb/hdl/lib_fifo_v1_0_rfs.vhd:2627]
INFO: [Synth 8-6157] synthesizing module 'xpm_fifo_sync__parameterized1' [/drive/data/WinCommon/Common/Programs/Vivado/Vivado/2021.1/data/ip/xpm/xpm_fifo/hdl/xpm_fifo.sv:1951]
INFO: [Synth 8-6157] synthesizing module 'xpm_fifo_base__parameterized0' [/drive/data/WinCommon/Common/Programs/Vivado/Vivado/2021.1/data/ip/xpm/xpm_fifo/hdl/xpm_fifo.sv:56]
INFO: [Synth 8-6157] synthesizing module 'xpm_counter_updn__parameterized3' [/drive/data/WinCommon/Common/Programs/Vivado/Vivado/2021.1/data/ip/xpm/xpm_fifo/hdl/xpm_fifo.sv:1858]
INFO: [Synth 8-6155] done synthesizing module 'xpm_counter_updn__parameterized3' (45#1) [/drive/data/WinCommon/Common/Programs/Vivado/Vivado/2021.1/data/ip/xpm/xpm_fifo/hdl/xpm_fifo.sv:1858]
INFO: [Synth 8-6157] synthesizing module 'xpm_memory_base__parameterized0' [/drive/data/WinCommon/Common/Programs/Vivado/Vivado/2021.1/data/ip/xpm/xpm_memory/hdl/xpm_memory.sv:57]
INFO: [Synth 8-6155] done synthesizing module 'xpm_memory_base__parameterized0' (45#1) [/drive/data/WinCommon/Common/Programs/Vivado/Vivado/2021.1/data/ip/xpm/xpm_memory/hdl/xpm_memory.sv:57]
INFO: [Synth 8-226] default block is never used [/drive/data/WinCommon/Common/Programs/Vivado/Vivado/2021.1/data/ip/xpm/xpm_fifo/hdl/xpm_fifo.sv:1206]
INFO: [Synth 8-226] default block is never used [/drive/data/WinCommon/Common/Programs/Vivado/Vivado/2021.1/data/ip/xpm/xpm_fifo/hdl/xpm_fifo.sv:1273]
INFO: [Synth 8-226] default block is never used [/drive/data/WinCommon/Common/Programs/Vivado/Vivado/2021.1/data/ip/xpm/xpm_fifo/hdl/xpm_fifo.sv:1295]
INFO: [Synth 8-6155] done synthesizing module 'xpm_fifo_base__parameterized0' (45#1) [/drive/data/WinCommon/Common/Programs/Vivado/Vivado/2021.1/data/ip/xpm/xpm_fifo/hdl/xpm_fifo.sv:56]
INFO: [Synth 8-6155] done synthesizing module 'xpm_fifo_sync__parameterized1' (45#1) [/drive/data/WinCommon/Common/Programs/Vivado/Vivado/2021.1/data/ip/xpm/xpm_fifo/hdl/xpm_fifo.sv:1951]
INFO: [Synth 8-256] done synthesizing module 'sync_fifo_fg' (46#1) [/home/indir/KiCad/zynq_a9_mb/software/FPGA_VIVADO/Platform/Platform.gen/sources_1/bd/design_1/ipshared/a5cb/hdl/lib_fifo_v1_0_rfs.vhd:2250]
INFO: [Synth 8-256] done synthesizing module 'axi_datamover_sfifo_autord' (47#1) [/home/indir/KiCad/zynq_a9_mb/software/FPGA_VIVADO/Platform/Platform.gen/sources_1/bd/design_1/ipshared/1e21/hdl/axi_datamover_v5_1_vh_rfs.vhd:1295]
INFO: [Synth 8-256] done synthesizing module 'axi_datamover_rd_sf' (48#1) [/home/indir/KiCad/zynq_a9_mb/software/FPGA_VIVADO/Platform/Platform.gen/sources_1/bd/design_1/ipshared/1e21/hdl/axi_datamover_v5_1_vh_rfs.vhd:20208]
INFO: [Synth 8-638] synthesizing module 'axi_datamover_mm2s_dre' [/home/indir/KiCad/zynq_a9_mb/software/FPGA_VIVADO/Platform/Platform.gen/sources_1/bd/design_1/ipshared/1e21/hdl/axi_datamover_v5_1_vh_rfs.vhd:30463]
INFO: [Synth 8-226] default block is never used [/home/indir/KiCad/zynq_a9_mb/software/FPGA_VIVADO/Platform/Platform.gen/sources_1/bd/design_1/ipshared/1e21/hdl/axi_datamover_v5_1_vh_rfs.vhd:35699]
INFO: [Synth 8-638] synthesizing module 'axi_datamover_dre_mux2_1_x_n' [/home/indir/KiCad/zynq_a9_mb/software/FPGA_VIVADO/Platform/Platform.gen/sources_1/bd/design_1/ipshared/1e21/hdl/axi_datamover_v5_1_vh_rfs.vhd:29950]
INFO: [Synth 8-226] default block is never used [/home/indir/KiCad/zynq_a9_mb/software/FPGA_VIVADO/Platform/Platform.gen/sources_1/bd/design_1/ipshared/1e21/hdl/axi_datamover_v5_1_vh_rfs.vhd:29966]
INFO: [Synth 8-256] done synthesizing module 'axi_datamover_dre_mux2_1_x_n' (49#1) [/home/indir/KiCad/zynq_a9_mb/software/FPGA_VIVADO/Platform/Platform.gen/sources_1/bd/design_1/ipshared/1e21/hdl/axi_datamover_v5_1_vh_rfs.vhd:29950]
INFO: [Synth 8-638] synthesizing module 'axi_datamover_dre_mux4_1_x_n' [/home/indir/KiCad/zynq_a9_mb/software/FPGA_VIVADO/Platform/Platform.gen/sources_1/bd/design_1/ipshared/1e21/hdl/axi_datamover_v5_1_vh_rfs.vhd:30097]
INFO: [Synth 8-226] default block is never used [/home/indir/KiCad/zynq_a9_mb/software/FPGA_VIVADO/Platform/Platform.gen/sources_1/bd/design_1/ipshared/1e21/hdl/axi_datamover_v5_1_vh_rfs.vhd:30113]
INFO: [Synth 8-256] done synthesizing module 'axi_datamover_dre_mux4_1_x_n' (50#1) [/home/indir/KiCad/zynq_a9_mb/software/FPGA_VIVADO/Platform/Platform.gen/sources_1/bd/design_1/ipshared/1e21/hdl/axi_datamover_v5_1_vh_rfs.vhd:30097]
INFO: [Synth 8-226] default block is never used [/home/indir/KiCad/zynq_a9_mb/software/FPGA_VIVADO/Platform/Platform.gen/sources_1/bd/design_1/ipshared/1e21/hdl/axi_datamover_v5_1_vh_rfs.vhd:35928]
INFO: [Synth 8-226] default block is never used [/home/indir/KiCad/zynq_a9_mb/software/FPGA_VIVADO/Platform/Platform.gen/sources_1/bd/design_1/ipshared/1e21/hdl/axi_datamover_v5_1_vh_rfs.vhd:35975]
INFO: [Synth 8-226] default block is never used [/home/indir/KiCad/zynq_a9_mb/software/FPGA_VIVADO/Platform/Platform.gen/sources_1/bd/design_1/ipshared/1e21/hdl/axi_datamover_v5_1_vh_rfs.vhd:36022]
INFO: [Synth 8-256] done synthesizing module 'axi_datamover_mm2s_dre' (51#1) [/home/indir/KiCad/zynq_a9_mb/software/FPGA_VIVADO/Platform/Platform.gen/sources_1/bd/design_1/ipshared/1e21/hdl/axi_datamover_v5_1_vh_rfs.vhd:30463]
INFO: [Synth 8-256] done synthesizing module 'axi_datamover_mm2s_full_wrap' (52#1) [/home/indir/KiCad/zynq_a9_mb/software/FPGA_VIVADO/Platform/Platform.gen/sources_1/bd/design_1/ipshared/1e21/hdl/axi_datamover_v5_1_vh_rfs.vhd:53572]
INFO: [Synth 8-638] synthesizing module 'axi_datamover_s2mm_omit_wrap' [/home/indir/KiCad/zynq_a9_mb/software/FPGA_VIVADO/Platform/Platform.gen/sources_1/bd/design_1/ipshared/1e21/hdl/axi_datamover_v5_1_vh_rfs.vhd:49604]
INFO: [Synth 8-256] done synthesizing module 'axi_datamover_s2mm_omit_wrap' (53#1) [/home/indir/KiCad/zynq_a9_mb/software/FPGA_VIVADO/Platform/Platform.gen/sources_1/bd/design_1/ipshared/1e21/hdl/axi_datamover_v5_1_vh_rfs.vhd:49604]
INFO: [Synth 8-256] done synthesizing module 'axi_datamover' (54#1) [/home/indir/KiCad/zynq_a9_mb/software/FPGA_VIVADO/Platform/Platform.gen/sources_1/bd/design_1/ipshared/1e21/hdl/axi_datamover_v5_1_vh_rfs.vhd:55439]
INFO: [Synth 8-256] done synthesizing module 'axi_vdma' (55#1) [/home/indir/KiCad/zynq_a9_mb/software/FPGA_VIVADO/Platform/Platform.gen/sources_1/bd/design_1/ipshared/66f2/hdl/axi_vdma_v6_3_rfs.vhd:69927]
INFO: [Synth 8-256] done synthesizing module 'design_1_axi_vdma_0_0' (56#1) [/home/indir/KiCad/zynq_a9_mb/software/FPGA_VIVADO/Platform/Platform.gen/sources_1/bd/design_1/ip/design_1_axi_vdma_0_0/synth/design_1_axi_vdma_0_0.vhd:106]
---------------------------------------------------------------------------------
Finished RTL Elaboration : Time (s): cpu = 00:00:11 ; elapsed = 00:00:31 . Memory (MB): peak = 2428.305 ; gain = 0.000 ; free physical = 3370 ; free virtual = 5319
---------------------------------------------------------------------------------
---------------------------------------------------------------------------------
Start Handling Custom Attributes
---------------------------------------------------------------------------------
---------------------------------------------------------------------------------
Finished Handling Custom Attributes : Time (s): cpu = 00:00:13 ; elapsed = 00:00:34 . Memory (MB): peak = 2428.305 ; gain = 0.000 ; free physical = 3280 ; free virtual = 5231
---------------------------------------------------------------------------------
---------------------------------------------------------------------------------
Finished RTL Optimization Phase 1 : Time (s): cpu = 00:00:13 ; elapsed = 00:00:34 . Memory (MB): peak = 2428.305 ; gain = 0.000 ; free physical = 3280 ; free virtual = 5231
---------------------------------------------------------------------------------
Netlist sorting complete. Time (s): cpu = 00:00:00.07 ; elapsed = 00:00:00.12 . Memory (MB): peak = 2428.305 ; gain = 0.000 ; free physical = 3231 ; free virtual = 5182
INFO: [Netlist 29-17] Analyzing 129 Unisim elements for replacement
INFO: [Netlist 29-28] Unisim Transformation completed in 0 CPU seconds
INFO: [Project 1-570] Preparing netlist for logic optimization

Processing XDC Constraints
Initializing timing engine
Parsing XDC File [/home/indir/KiCad/zynq_a9_mb/software/FPGA_VIVADO/Platform/Platform.gen/sources_1/bd/design_1/ip/design_1_axi_vdma_0_0/design_1_axi_vdma_0_0_ooc.xdc] for cell 'U0'
Finished Parsing XDC File [/home/indir/KiCad/zynq_a9_mb/software/FPGA_VIVADO/Platform/Platform.gen/sources_1/bd/design_1/ip/design_1_axi_vdma_0_0/design_1_axi_vdma_0_0_ooc.xdc] for cell 'U0'
Parsing XDC File [/home/indir/KiCad/zynq_a9_mb/software/FPGA_VIVADO/Platform/Platform.gen/sources_1/bd/design_1/ip/design_1_axi_vdma_0_0/design_1_axi_vdma_0_0.xdc] for cell 'U0'
Finished Parsing XDC File [/home/indir/KiCad/zynq_a9_mb/software/FPGA_VIVADO/Platform/Platform.gen/sources_1/bd/design_1/ip/design_1_axi_vdma_0_0/design_1_axi_vdma_0_0.xdc] for cell 'U0'
INFO: [Project 1-236] Implementation specific constraints were found while reading constraint file [/home/indir/KiCad/zynq_a9_mb/software/FPGA_VIVADO/Platform/Platform.gen/sources_1/bd/design_1/ip/design_1_axi_vdma_0_0/design_1_axi_vdma_0_0.xdc]. These constraints will be ignored for synthesis but will be used in implementation. Impacted constraints are listed in the file [.Xil/design_1_axi_vdma_0_0_propImpl.xdc].
Resolution: To avoid this warning, move constraints listed in [.Xil/design_1_axi_vdma_0_0_propImpl.xdc] to another XDC file and exclude this new file from synthesis with the used_in_synthesis property (File Properties dialog in GUI) and re-run elaboration/synthesis.
Parsing XDC File [/home/indir/KiCad/zynq_a9_mb/software/FPGA_VIVADO/Platform/Platform.runs/design_1_axi_vdma_0_0_synth_1/dont_touch.xdc]
Finished Parsing XDC File [/home/indir/KiCad/zynq_a9_mb/software/FPGA_VIVADO/Platform/Platform.runs/design_1_axi_vdma_0_0_synth_1/dont_touch.xdc]
Parsing XDC File [/home/indir/KiCad/zynq_a9_mb/software/FPGA_VIVADO/Platform/Platform.gen/sources_1/bd/design_1/ip/design_1_axi_vdma_0_0/design_1_axi_vdma_0_0_clocks.xdc] for cell 'U0'
Finished Parsing XDC File [/home/indir/KiCad/zynq_a9_mb/software/FPGA_VIVADO/Platform/Platform.gen/sources_1/bd/design_1/ip/design_1_axi_vdma_0_0/design_1_axi_vdma_0_0_clocks.xdc] for cell 'U0'
INFO: [Project 1-236] Implementation specific constraints were found while reading constraint file [/drive/data/WinCommon/Common/Programs/Vivado/Vivado/2021.1/data/ip/xpm/xpm_fifo/tcl/xpm_fifo_rst.tcl]. These constraints will be ignored for synthesis but will be used in implementation. Impacted constraints are listed in the file [.Xil/design_1_axi_vdma_0_0_propImpl.xdc].
Resolution: To avoid this warning, move constraints listed in [.Xil/design_1_axi_vdma_0_0_propImpl.xdc] to another XDC file and exclude this new file from synthesis with the used_in_synthesis property (File Properties dialog in GUI) and re-run elaboration/synthesis.
INFO: [Project 1-1714] 2 XPM XDC files have been applied to the design.
Completed Processing XDC Constraints

Netlist sorting complete. Time (s): cpu = 00:00:00 ; elapsed = 00:00:00 . Memory (MB): peak = 2488.695 ; gain = 0.000 ; free physical = 2991 ; free virtual = 4942
INFO: [Project 1-111] Unisim Transformation Summary:
  A total of 129 instances were transformed.
  FDR => FDRE: 129 instances

Constraint Validation Runtime : Time (s): cpu = 00:00:00.06 ; elapsed = 00:00:00.07 . Memory (MB): peak = 2488.695 ; gain = 0.000 ; free physical = 2983 ; free virtual = 4934
---------------------------------------------------------------------------------
Finished Constraint Validation : Time (s): cpu = 00:00:20 ; elapsed = 00:00:45 . Memory (MB): peak = 2488.695 ; gain = 60.391 ; free physical = 2980 ; free virtual = 4936
---------------------------------------------------------------------------------
---------------------------------------------------------------------------------
Start Loading Part and Timing Information
---------------------------------------------------------------------------------
Loading part: xc7z010clg400-3
---------------------------------------------------------------------------------
Finished Loading Part and Timing Information : Time (s): cpu = 00:00:20 ; elapsed = 00:00:45 . Memory (MB): peak = 2488.695 ; gain = 60.391 ; free physical = 2980 ; free virtual = 4936
---------------------------------------------------------------------------------
---------------------------------------------------------------------------------
Start Applying 'set_property' XDC Constraints
---------------------------------------------------------------------------------
Applied set_property KEEP_HIERARCHY = SOFT for U0. (constraint file  /home/indir/KiCad/zynq_a9_mb/software/FPGA_VIVADO/Platform/Platform.runs/design_1_axi_vdma_0_0_synth_1/dont_touch.xdc, line 9).
Applied set_property KEEP_HIERARCHY = SOFT for U0/\GEN_SPRT_FOR_MM2S.MM2S_LINEBUFFER_I /\GEN_LINEBUF_NO_SOF.GEN_LINEBUFFER.GEN_SYNC_FIFO.I_LINEBUFFER_FIFO /xpm_fifo_sync_inst. (constraint file  auto generated constraint).
Applied set_property KEEP_HIERARCHY = SOFT for U0/I_PRMRY_DATAMOVER/\GEN_MM2S_FULL.I_MM2S_FULL_WRAPPER /\GEN_INCLUDE_MM2S_SF.I_RD_SF /I_DATA_FIFO/\BLK_MEM.I_SYNC_FIFOGEN_FIFO /\xpm_fifo_instance.xpm_fifo_sync_inst . (constraint file  auto generated constraint).
---------------------------------------------------------------------------------
Finished applying 'set_property' XDC Constraints : Time (s): cpu = 00:00:20 ; elapsed = 00:00:45 . Memory (MB): peak = 2488.695 ; gain = 60.391 ; free physical = 2975 ; free virtual = 4931
---------------------------------------------------------------------------------
INFO: [Synth 8-802] inferred FSM for state register 'dmacntrl_cs_reg' in module 'axi_vdma_sm'
INFO: [Synth 8-802] inferred FSM for state register 'gen_fwft.curr_fwft_state_reg' in module 'xpm_fifo_base'
INFO: [Synth 8-802] inferred FSM for state register 'sig_pcc_sm_state_reg' in module 'axi_datamover_pcc'
INFO: [Synth 8-802] inferred FSM for state register 'gen_fwft.curr_fwft_state_reg' in module 'xpm_fifo_base__parameterized0'
---------------------------------------------------------------------------------------------------
                   State |                     New Encoding |                Previous Encoding 
---------------------------------------------------------------------------------------------------
                    idle |                              000 |                              000
              wait_pipe1 |                              001 |                              001
              wait_pipe2 |                              010 |                              010
            execute_xfer |                              011 |                              100
              check_done |                              100 |                              101
           calc_cmd_addr |                              101 |                              011
---------------------------------------------------------------------------------------------------
INFO: [Synth 8-3354] encoded FSM with state register 'dmacntrl_cs_reg' using encoding 'sequential' in module 'axi_vdma_sm'
---------------------------------------------------------------------------------------------------
                   State |                     New Encoding |                Previous Encoding 
---------------------------------------------------------------------------------------------------
                 invalid |                               00 |                               00
            stage1_valid |                               01 |                               10
       both_stages_valid |                               10 |                               11
            stage2_valid |                               11 |                               01
---------------------------------------------------------------------------------------------------
INFO: [Synth 8-3354] encoded FSM with state register 'gen_fwft.curr_fwft_state_reg' using encoding 'sequential' in module 'xpm_fifo_base'
---------------------------------------------------------------------------------------------------
                   State |                     New Encoding |                Previous Encoding 
---------------------------------------------------------------------------------------------------
                    init |                         00000001 |                              000
            wait_for_cmd |                         00000010 |                              001
                  calc_1 |                         00000100 |                              010
                  calc_2 |                         00001000 |                              011
                  calc_3 |                         00010000 |                              100
       wait_on_xfer_push |                         00100000 |                              101
             chk_if_done |                         01000000 |                              110
              error_trap |                         10000000 |                              111
---------------------------------------------------------------------------------------------------
INFO: [Synth 8-3354] encoded FSM with state register 'sig_pcc_sm_state_reg' using encoding 'one-hot' in module 'axi_datamover_pcc'
INFO: [Synth 8-5775] Found 'rw_addr_collision' attribute set to 'no' on SDP RAM gen_wr_a.gen_word_narrow.mem_reg. Setting write mode to NO_CHANGE 
---------------------------------------------------------------------------------------------------
                   State |                     New Encoding |                Previous Encoding 
---------------------------------------------------------------------------------------------------
                 invalid |                               00 |                               00
            stage1_valid |                               01 |                               10
       both_stages_valid |                               10 |                               11
            stage2_valid |                               11 |                               01
---------------------------------------------------------------------------------------------------
INFO: [Synth 8-3354] encoded FSM with state register 'gen_fwft.curr_fwft_state_reg' using encoding 'sequential' in module 'xpm_fifo_base__parameterized0'
---------------------------------------------------------------------------------
Finished RTL Optimization Phase 2 : Time (s): cpu = 00:00:23 ; elapsed = 00:00:51 . Memory (MB): peak = 2488.695 ; gain = 60.391 ; free physical = 3097 ; free virtual = 5198
---------------------------------------------------------------------------------
---------------------------------------------------------------------------------
Start RTL Component Statistics 
---------------------------------------------------------------------------------
Detailed RTL Component Info : 
+---Adders : 
	   2 Input   16 Bit       Adders := 2     
	   2 Input   13 Bit       Adders := 1     
	   4 Input   10 Bit       Adders := 8     
	   2 Input   10 Bit       Adders := 4     
	   4 Input    9 Bit       Adders := 8     
	   3 Input    9 Bit       Adders := 2     
	   2 Input    9 Bit       Adders := 1     
	   2 Input    8 Bit       Adders := 4     
	   2 Input    7 Bit       Adders := 1     
	   3 Input    5 Bit       Adders := 1     
	   2 Input    5 Bit       Adders := 3     
	   2 Input    4 Bit       Adders := 6     
	   3 Input    4 Bit       Adders := 1     
	   3 Input    3 Bit       Adders := 5     
	   2 Input    3 Bit       Adders := 3     
	   4 Input    2 Bit       Adders := 2     
	   2 Input    1 Bit       Adders := 1     
+---XORs : 
	   2 Input      1 Bit         XORs := 10    
+---Registers : 
	               75 Bit    Registers := 2     
	               72 Bit    Registers := 2     
	               38 Bit    Registers := 2     
	               32 Bit    Registers := 12    
	               16 Bit    Registers := 10    
	               13 Bit    Registers := 3     
	               10 Bit    Registers := 21    
	                9 Bit    Registers := 12    
	                8 Bit    Registers := 9     
	                7 Bit    Registers := 1     
	                6 Bit    Registers := 7     
	                5 Bit    Registers := 16    
	                4 Bit    Registers := 17    
	                3 Bit    Registers := 12    
	                2 Bit    Registers := 10    
	                1 Bit    Registers := 277   
+---RAMs : 
	              37K Bit	(512 X 75 bit)          RAMs := 1     
	              19K Bit	(512 X 38 bit)          RAMs := 1     
+---Muxes : 
	   2 Input   72 Bit        Muxes := 2     
	   2 Input   32 Bit        Muxes := 9     
	   2 Input   16 Bit        Muxes := 4     
	   2 Input   13 Bit        Muxes := 2     
	   2 Input   11 Bit        Muxes := 1     
	   2 Input   10 Bit        Muxes := 8     
	   4 Input   10 Bit        Muxes := 3     
	   2 Input    8 Bit        Muxes := 20    
	   8 Input    8 Bit        Muxes := 5     
	   5 Input    5 Bit        Muxes := 1     
	   2 Input    5 Bit        Muxes := 5     
	   2 Input    4 Bit        Muxes := 6     
	   3 Input    4 Bit        Muxes := 1     
	   5 Input    4 Bit        Muxes := 1     
	   6 Input    3 Bit        Muxes := 1     
	   2 Input    3 Bit        Muxes := 8     
	   2 Input    2 Bit        Muxes := 68    
	   4 Input    2 Bit        Muxes := 14    
	  16 Input    2 Bit        Muxes := 1     
	   6 Input    2 Bit        Muxes := 1     
	   2 Input    1 Bit        Muxes := 183   
	   9 Input    1 Bit        Muxes := 1     
	   6 Input    1 Bit        Muxes := 6     
	   4 Input    1 Bit        Muxes := 7     
	   8 Input    1 Bit        Muxes := 3     
	   3 Input    1 Bit        Muxes := 1     
---------------------------------------------------------------------------------
Finished RTL Component Statistics 
---------------------------------------------------------------------------------
---------------------------------------------------------------------------------
Start Part Resource Summary
---------------------------------------------------------------------------------
Part Resources:
DSPs: 80 (col length:40)
BRAMs: 120 (col length: RAMB18 40 RAMB36 20)
---------------------------------------------------------------------------------
Finished Part Resource Summary
---------------------------------------------------------------------------------
---------------------------------------------------------------------------------
Start Cross Boundary and Area Optimization
---------------------------------------------------------------------------------
INFO: [Synth 8-5775] Found 'rw_addr_collision' attribute set to 'no' on SDP RAM gen_wr_a.gen_word_narrow.mem_reg. Setting write mode to NO_CHANGE 
INFO: [Synth 8-5775] Found 'rw_addr_collision' attribute set to 'no' on SDP RAM gen_wr_a.gen_word_narrow.mem_reg. Setting write mode to NO_CHANGE 
INFO: [Synth 8-5775] Found 'rw_addr_collision' attribute set to 'no' on SDP RAM gen_wr_a.gen_word_narrow.mem_reg. Setting write mode to NO_CHANGE 
INFO: [Synth 8-5775] Found 'rw_addr_collision' attribute set to 'no' on SDP RAM gen_wr_a.gen_word_narrow.mem_reg. Setting write mode to NO_CHANGE 
INFO: [Synth 8-5775] Found 'rw_addr_collision' attribute set to 'no' on SDP RAM gen_wr_a.gen_word_narrow.mem_reg. Setting write mode to NO_CHANGE 
INFO: [Synth 8-5775] Found 'rw_addr_collision' attribute set to 'no' on SDP RAM gen_wr_a.gen_word_narrow.mem_reg. Setting write mode to NO_CHANGE 
---------------------------------------------------------------------------------
Finished Cross Boundary and Area Optimization : Time (s): cpu = 00:00:30 ; elapsed = 00:00:59 . Memory (MB): peak = 2488.695 ; gain = 60.391 ; free physical = 3951 ; free virtual = 6092
---------------------------------------------------------------------------------
INFO: [Synth 8-5775] Found 'rw_addr_collision' attribute set to 'no' on SDP RAM gen_wr_a.gen_word_narrow.mem_reg. Setting write mode to NO_CHANGE 
---------------------------------------------------------------------------------
Start ROM, RAM, DSP, Shift Register and Retiming Reporting
---------------------------------------------------------------------------------

Block RAM: Preliminary Mapping Report (see note below)
+-----------------------------------------------------------------------------------------------------------------------------------------------------------------------------------------------------------------------+----------------------------------+------------------------+---+---+------------------------+---+---+------------------+--------+--------+
|Module Name                                                                                                                                                                                                            | RTL Object                       | PORT A (Depth x Width) | W | R | PORT B (Depth x Width) | W | R | Ports driving FF | RAMB18 | RAMB36 | 
+-----------------------------------------------------------------------------------------------------------------------------------------------------------------------------------------------------------------------+----------------------------------+------------------------+---+---+------------------------+---+---+------------------+--------+--------+
|U0/\GEN_SPRT_FOR_MM2S.MM2S_LINEBUFFER_I/GEN_LINEBUF_NO_SOF.GEN_LINEBUFFER.GEN_SYNC_FIFO.I_LINEBUFFER_FIFO/xpm_fifo_sync_inst /xpm_fifo_base_inst/\gen_sdpram.xpm_memory_base_inst                                      | gen_wr_a.gen_word_narrow.mem_reg | 512 x 38(READ_FIRST)   | W |   | 512 x 38(WRITE_FIRST)  |   | R | Port A and B     | 0      | 1      | 
|U0/\I_PRMRY_DATAMOVER/GEN_MM2S_FULL.I_MM2S_FULL_WRAPPER/GEN_INCLUDE_MM2S_SF.I_RD_SF/I_DATA_FIFO/BLK_MEM.I_SYNC_FIFOGEN_FIFO/xpm_fifo_instance.xpm_fifo_sync_inst /xpm_fifo_base_inst/\gen_sdpram.xpm_memory_base_inst  | gen_wr_a.gen_word_narrow.mem_reg | 512 x 75(NO_CHANGE)    | W |   | 512 x 75(NO_CHANGE)    |   | R | Port A and B     | 1      | 1      | 
+-----------------------------------------------------------------------------------------------------------------------------------------------------------------------------------------------------------------------+----------------------------------+------------------------+---+---+------------------------+---+---+------------------+--------+--------+

Note: The table above is a preliminary report that shows the Block RAMs at the current stage of the synthesis flow. Some Block RAMs may be reimplemented as non Block RAM primitives later in the synthesis flow. Multiple instantiated Block RAMs are reported only once. 
---------------------------------------------------------------------------------
Finished ROM, RAM, DSP, Shift Register and Retiming Reporting
---------------------------------------------------------------------------------
---------------------------------------------------------------------------------
Start Applying XDC Timing Constraints
---------------------------------------------------------------------------------
---------------------------------------------------------------------------------
Finished Applying XDC Timing Constraints : Time (s): cpu = 00:00:36 ; elapsed = 00:01:07 . Memory (MB): peak = 2488.695 ; gain = 60.391 ; free physical = 4711 ; free virtual = 6912
---------------------------------------------------------------------------------
---------------------------------------------------------------------------------
Start Timing Optimization
---------------------------------------------------------------------------------
INFO: [Synth 8-5775] Found 'rw_addr_collision' attribute set to 'no' on SDP RAM gen_wr_a.gen_word_narrow.mem_reg. Setting write mode to NO_CHANGE 
---------------------------------------------------------------------------------
Finished Timing Optimization : Time (s): cpu = 00:00:40 ; elapsed = 00:01:13 . Memory (MB): peak = 2488.695 ; gain = 60.391 ; free physical = 4681 ; free virtual = 6891
---------------------------------------------------------------------------------
---------------------------------------------------------------------------------
Start ROM, RAM, DSP, Shift Register and Retiming Reporting
---------------------------------------------------------------------------------

Block RAM: Final Mapping Report
+-----------------------------------------------------------------------------------------------------------------------------------------------------------------------------------------------------------------------+----------------------------------+------------------------+---+---+------------------------+---+---+------------------+--------+--------+
|Module Name                                                                                                                                                                                                            | RTL Object                       | PORT A (Depth x Width) | W | R | PORT B (Depth x Width) | W | R | Ports driving FF | RAMB18 | RAMB36 | 
+-----------------------------------------------------------------------------------------------------------------------------------------------------------------------------------------------------------------------+----------------------------------+------------------------+---+---+------------------------+---+---+------------------+--------+--------+
|U0/\GEN_SPRT_FOR_MM2S.MM2S_LINEBUFFER_I/GEN_LINEBUF_NO_SOF.GEN_LINEBUFFER.GEN_SYNC_FIFO.I_LINEBUFFER_FIFO/xpm_fifo_sync_inst /xpm_fifo_base_inst/\gen_sdpram.xpm_memory_base_inst                                      | gen_wr_a.gen_word_narrow.mem_reg | 512 x 38(READ_FIRST)   | W |   | 512 x 38(WRITE_FIRST)  |   | R | Port A and B     | 0      | 1      | 
|U0/\I_PRMRY_DATAMOVER/GEN_MM2S_FULL.I_MM2S_FULL_WRAPPER/GEN_INCLUDE_MM2S_SF.I_RD_SF/I_DATA_FIFO/BLK_MEM.I_SYNC_FIFOGEN_FIFO/xpm_fifo_instance.xpm_fifo_sync_inst /xpm_fifo_base_inst/\gen_sdpram.xpm_memory_base_inst  | gen_wr_a.gen_word_narrow.mem_reg | 512 x 75(NO_CHANGE)    | W |   | 512 x 75(NO_CHANGE)    |   | R | Port A and B     | 1      | 1      | 
+-----------------------------------------------------------------------------------------------------------------------------------------------------------------------------------------------------------------------+----------------------------------+------------------------+---+---+------------------------+---+---+------------------+--------+--------+

---------------------------------------------------------------------------------
Finished ROM, RAM, DSP, Shift Register and Retiming Reporting
---------------------------------------------------------------------------------
---------------------------------------------------------------------------------
Start Technology Mapping
---------------------------------------------------------------------------------
---------------------------------------------------------------------------------
Finished Technology Mapping : Time (s): cpu = 00:00:42 ; elapsed = 00:01:15 . Memory (MB): peak = 2488.695 ; gain = 60.391 ; free physical = 4503 ; free virtual = 6778
---------------------------------------------------------------------------------
---------------------------------------------------------------------------------
Start IO Insertion
---------------------------------------------------------------------------------
---------------------------------------------------------------------------------
Start Flattening Before IO Insertion
---------------------------------------------------------------------------------
---------------------------------------------------------------------------------
Finished Flattening Before IO Insertion
---------------------------------------------------------------------------------
---------------------------------------------------------------------------------
Start Final Netlist Cleanup
---------------------------------------------------------------------------------
---------------------------------------------------------------------------------
Finished Final Netlist Cleanup
---------------------------------------------------------------------------------
---------------------------------------------------------------------------------
Finished IO Insertion : Time (s): cpu = 00:00:45 ; elapsed = 00:01:19 . Memory (MB): peak = 2488.695 ; gain = 60.391 ; free physical = 3380 ; free virtual = 5985
---------------------------------------------------------------------------------
---------------------------------------------------------------------------------
Start Renaming Generated Instances
---------------------------------------------------------------------------------
---------------------------------------------------------------------------------
Finished Renaming Generated Instances : Time (s): cpu = 00:00:45 ; elapsed = 00:01:19 . Memory (MB): peak = 2488.695 ; gain = 60.391 ; free physical = 3380 ; free virtual = 5985
---------------------------------------------------------------------------------
---------------------------------------------------------------------------------
Start Rebuilding User Hierarchy
---------------------------------------------------------------------------------
---------------------------------------------------------------------------------
Finished Rebuilding User Hierarchy : Time (s): cpu = 00:00:45 ; elapsed = 00:01:19 . Memory (MB): peak = 2488.695 ; gain = 60.391 ; free physical = 3334 ; free virtual = 5942
---------------------------------------------------------------------------------
---------------------------------------------------------------------------------
Start Renaming Generated Ports
---------------------------------------------------------------------------------
---------------------------------------------------------------------------------
Finished Renaming Generated Ports : Time (s): cpu = 00:00:45 ; elapsed = 00:01:19 . Memory (MB): peak = 2488.695 ; gain = 60.391 ; free physical = 3326 ; free virtual = 5934
---------------------------------------------------------------------------------
---------------------------------------------------------------------------------
Start Handling Custom Attributes
---------------------------------------------------------------------------------
---------------------------------------------------------------------------------
Finished Handling Custom Attributes : Time (s): cpu = 00:00:45 ; elapsed = 00:01:19 . Memory (MB): peak = 2488.695 ; gain = 60.391 ; free physical = 3323 ; free virtual = 5931
---------------------------------------------------------------------------------
---------------------------------------------------------------------------------
Start Renaming Generated Nets
---------------------------------------------------------------------------------
---------------------------------------------------------------------------------
Finished Renaming Generated Nets : Time (s): cpu = 00:00:45 ; elapsed = 00:01:19 . Memory (MB): peak = 2488.695 ; gain = 60.391 ; free physical = 3323 ; free virtual = 5931
---------------------------------------------------------------------------------
---------------------------------------------------------------------------------
Start ROM, RAM, DSP, Shift Register and Retiming Reporting
---------------------------------------------------------------------------------

Static Shift Register Report:
+------------+-----------------------------------------------------------------------------------------------------------------------------------------+--------+-------+--------------+--------------------+-------------------+--------+---------+
|Module Name | RTL Name                                                                                                                                | Length | Width | Reset Signal | Pull out first Reg | Pull out last Reg | SRL16E | SRLC32E | 
+------------+-----------------------------------------------------------------------------------------------------------------------------------------+--------+-------+--------------+--------------------+-------------------+--------+---------+
|axi_vdma    | AXI_LITE_REG_INTERFACE_I/GEN_AXI_LITE_IF.AXI_LITE_IF_I/GEN_LITE_IS_ASYNC.GEN_MM2S_ONLY_ASYNC_LITE_ACCESS.prepare_wrce_pulse_lite_d6_reg | 6      | 1     | NO           | NO                 | NO                | 1      | 0       | 
|axi_vdma    | AXI_LITE_REG_INTERFACE_I/GEN_AXI_LITE_IF.AXI_LITE_IF_I/GEN_LITE_IS_ASYNC.GEN_MM2S_ONLY_ASYNC_LITE_ACCESS.sig_arvalid_arrived_d4_reg     | 3      | 1     | NO           | NO                 | NO                | 1      | 0       | 
+------------+-----------------------------------------------------------------------------------------------------------------------------------------+--------+-------+--------------+--------------------+-------------------+--------+---------+


Dynamic Shift Register Report:
+------------+--------------------------+--------+------------+--------+---------+--------+--------+--------+
|Module Name | RTL Name                 | Length | Data Width | SRL16E | SRLC32E | Mux F7 | Mux F8 | Mux F9 | 
+------------+--------------------------+--------+------------+--------+---------+--------+--------+--------+
|dsrl        | INFERRED_GEN.data_reg[3] | 68     | 68         | 68     | 0       | 0      | 0      | 0      | 
|dsrl__1     | INFERRED_GEN.data_reg[3] | 8      | 8          | 8      | 0       | 0      | 0      | 0      | 
|dsrl__2     | INFERRED_GEN.data_reg[3] | 59     | 59         | 59     | 0       | 0      | 0      | 0      | 
|dsrl__3     | INFERRED_GEN.data_reg[3] | 40     | 40         | 40     | 0       | 0      | 0      | 0      | 
|dsrl__4     | INFERRED_GEN.data_reg[3] | 12     | 12         | 12     | 0       | 0      | 0      | 0      | 
+------------+--------------------------+--------+------------+--------+---------+--------+--------+--------+

---------------------------------------------------------------------------------
Finished ROM, RAM, DSP, Shift Register and Retiming Reporting
---------------------------------------------------------------------------------
---------------------------------------------------------------------------------
Start Writing Synthesis Report
---------------------------------------------------------------------------------

Report BlackBoxes: 
+-+--------------+----------+
| |BlackBox name |Instances |
+-+--------------+----------+
+-+--------------+----------+

Report Cell Usage: 
+------+---------+------+
|      |Cell     |Count |
+------+---------+------+
|1     |CARRY4   |    44|
|2     |LUT1     |   245|
|3     |LUT2     |   169|
|4     |LUT3     |   234|
|5     |LUT4     |   226|
|6     |LUT5     |   217|
|7     |LUT6     |   306|
|8     |MUXF7    |     5|
|9     |RAMB18E1 |     1|
|10    |RAMB36E1 |     2|
|12    |SRL16E   |   128|
|13    |FDR      |    94|
|14    |FDRE     |  1294|
|15    |FDSE     |    51|
+------+---------+------+
---------------------------------------------------------------------------------
Finished Writing Synthesis Report : Time (s): cpu = 00:00:45 ; elapsed = 00:01:19 . Memory (MB): peak = 2488.695 ; gain = 60.391 ; free physical = 3323 ; free virtual = 5931
---------------------------------------------------------------------------------
Synthesis finished with 0 errors, 0 critical warnings and 0 warnings.
Synthesis Optimization Runtime : Time (s): cpu = 00:00:43 ; elapsed = 00:01:15 . Memory (MB): peak = 2488.695 ; gain = 0.000 ; free physical = 4095 ; free virtual = 6703
Synthesis Optimization Complete : Time (s): cpu = 00:00:46 ; elapsed = 00:01:20 . Memory (MB): peak = 2488.703 ; gain = 60.391 ; free physical = 4096 ; free virtual = 6704
INFO: [Project 1-571] Translating synthesized netlist
Netlist sorting complete. Time (s): cpu = 00:00:06 ; elapsed = 00:00:00.06 . Memory (MB): peak = 2488.703 ; gain = 0.000 ; free physical = 4191 ; free virtual = 6799
INFO: [Netlist 29-17] Analyzing 146 Unisim elements for replacement
INFO: [Netlist 29-28] Unisim Transformation completed in 0 CPU seconds
INFO: [Project 1-570] Preparing netlist for logic optimization
INFO: [Opt 31-138] Pushed 0 inverter(s) to 0 load pin(s).
Netlist sorting complete. Time (s): cpu = 00:00:00 ; elapsed = 00:00:00 . Memory (MB): peak = 2488.703 ; gain = 0.000 ; free physical = 4183 ; free virtual = 6795
INFO: [Project 1-111] Unisim Transformation Summary:
  A total of 94 instances were transformed.
  FDR => FDRE: 94 instances

Synth Design complete, checksum: 733a5788
INFO: [Common 17-83] Releasing license: Synthesis
268 Infos, 0 Warnings, 0 Critical Warnings and 0 Errors encountered.
synth_design completed successfully
synth_design: Time (s): cpu = 00:00:56 ; elapsed = 00:01:27 . Memory (MB): peak = 2488.703 ; gain = 60.836 ; free physical = 4276 ; free virtual = 6890
INFO: [Common 17-1381] The checkpoint '/home/indir/KiCad/zynq_a9_mb/software/FPGA_VIVADO/Platform/Platform.runs/design_1_axi_vdma_0_0_synth_1/design_1_axi_vdma_0_0.dcp' has been generated.
INFO: [Coretcl 2-1648] Added synthesis output to IP cache for IP design_1_axi_vdma_0_0, cache-ID = 19cd32362022cde9
INFO: [Coretcl 2-1174] Renamed 92 cell refs.
INFO: [Common 17-1381] The checkpoint '/home/indir/KiCad/zynq_a9_mb/software/FPGA_VIVADO/Platform/Platform.runs/design_1_axi_vdma_0_0_synth_1/design_1_axi_vdma_0_0.dcp' has been generated.
INFO: [runtcl-4] Executing : report_utilization -file design_1_axi_vdma_0_0_utilization_synth.rpt -pb design_1_axi_vdma_0_0_utilization_synth.pb
INFO: [Common 17-206] Exiting Vivado at Tue Dec 30 00:20:10 2025...
